Archive member included to satisfy reference by file (symbol)

C:/ST/STM32CubeIDE_1.16.0/STM32CubeIDE/plugins/com.st.stm32cube.ide.mcu.externaltools.gnu-tools-for-stm32.12.3.rel1.win32_1.0.200.202406191623/tools/bin/../lib/gcc/arm-none-eabi/12.3.1/../../../../arm-none-eabi/lib/thumb/v7e-m+fp/hard\libc_nano.a(libc_a-exit.o)
                              C:/ST/STM32CubeIDE_1.16.0/STM32CubeIDE/plugins/com.st.stm32cube.ide.mcu.externaltools.gnu-tools-for-stm32.12.3.rel1.win32_1.0.200.202406191623/tools/bin/../lib/gcc/arm-none-eabi/12.3.1/../../../../arm-none-eabi/lib/thumb/v7e-m+fp/hard/crt0.o (exit)
C:/ST/STM32CubeIDE_1.16.0/STM32CubeIDE/plugins/com.st.stm32cube.ide.mcu.externaltools.gnu-tools-for-stm32.12.3.rel1.win32_1.0.200.202406191623/tools/bin/../lib/gcc/arm-none-eabi/12.3.1/../../../../arm-none-eabi/lib/thumb/v7e-m+fp/hard\libc_nano.a(libc_a-findfp.o)
                              C:/ST/STM32CubeIDE_1.16.0/STM32CubeIDE/plugins/com.st.stm32cube.ide.mcu.externaltools.gnu-tools-for-stm32.12.3.rel1.win32_1.0.200.202406191623/tools/bin/../lib/gcc/arm-none-eabi/12.3.1/../../../../arm-none-eabi/lib/thumb/v7e-m+fp/hard\libc_nano.a(libc_a-exit.o) (__stdio_exit_handler)
C:/ST/STM32CubeIDE_1.16.0/STM32CubeIDE/plugins/com.st.stm32cube.ide.mcu.externaltools.gnu-tools-for-stm32.12.3.rel1.win32_1.0.200.202406191623/tools/bin/../lib/gcc/arm-none-eabi/12.3.1/../../../../arm-none-eabi/lib/thumb/v7e-m+fp/hard\libc_nano.a(libc_a-fwalk.o)
                              C:/ST/STM32CubeIDE_1.16.0/STM32CubeIDE/plugins/com.st.stm32cube.ide.mcu.externaltools.gnu-tools-for-stm32.12.3.rel1.win32_1.0.200.202406191623/tools/bin/../lib/gcc/arm-none-eabi/12.3.1/../../../../arm-none-eabi/lib/thumb/v7e-m+fp/hard\libc_nano.a(libc_a-findfp.o) (_fwalk_sglue)
C:/ST/STM32CubeIDE_1.16.0/STM32CubeIDE/plugins/com.st.stm32cube.ide.mcu.externaltools.gnu-tools-for-stm32.12.3.rel1.win32_1.0.200.202406191623/tools/bin/../lib/gcc/arm-none-eabi/12.3.1/../../../../arm-none-eabi/lib/thumb/v7e-m+fp/hard\libc_nano.a(libc_a-stdio.o)
                              C:/ST/STM32CubeIDE_1.16.0/STM32CubeIDE/plugins/com.st.stm32cube.ide.mcu.externaltools.gnu-tools-for-stm32.12.3.rel1.win32_1.0.200.202406191623/tools/bin/../lib/gcc/arm-none-eabi/12.3.1/../../../../arm-none-eabi/lib/thumb/v7e-m+fp/hard\libc_nano.a(libc_a-findfp.o) (__sread)
C:/ST/STM32CubeIDE_1.16.0/STM32CubeIDE/plugins/com.st.stm32cube.ide.mcu.externaltools.gnu-tools-for-stm32.12.3.rel1.win32_1.0.200.202406191623/tools/bin/../lib/gcc/arm-none-eabi/12.3.1/../../../../arm-none-eabi/lib/thumb/v7e-m+fp/hard\libc_nano.a(libc_a-memset.o)
                              C:/ST/STM32CubeIDE_1.16.0/STM32CubeIDE/plugins/com.st.stm32cube.ide.mcu.externaltools.gnu-tools-for-stm32.12.3.rel1.win32_1.0.200.202406191623/tools/bin/../lib/gcc/arm-none-eabi/12.3.1/../../../../arm-none-eabi/lib/thumb/v7e-m+fp/hard/crt0.o (memset)
C:/ST/STM32CubeIDE_1.16.0/STM32CubeIDE/plugins/com.st.stm32cube.ide.mcu.externaltools.gnu-tools-for-stm32.12.3.rel1.win32_1.0.200.202406191623/tools/bin/../lib/gcc/arm-none-eabi/12.3.1/../../../../arm-none-eabi/lib/thumb/v7e-m+fp/hard\libc_nano.a(libc_a-closer.o)
                              C:/ST/STM32CubeIDE_1.16.0/STM32CubeIDE/plugins/com.st.stm32cube.ide.mcu.externaltools.gnu-tools-for-stm32.12.3.rel1.win32_1.0.200.202406191623/tools/bin/../lib/gcc/arm-none-eabi/12.3.1/../../../../arm-none-eabi/lib/thumb/v7e-m+fp/hard\libc_nano.a(libc_a-stdio.o) (_close_r)
C:/ST/STM32CubeIDE_1.16.0/STM32CubeIDE/plugins/com.st.stm32cube.ide.mcu.externaltools.gnu-tools-for-stm32.12.3.rel1.win32_1.0.200.202406191623/tools/bin/../lib/gcc/arm-none-eabi/12.3.1/../../../../arm-none-eabi/lib/thumb/v7e-m+fp/hard\libc_nano.a(libc_a-reent.o)
                              C:/ST/STM32CubeIDE_1.16.0/STM32CubeIDE/plugins/com.st.stm32cube.ide.mcu.externaltools.gnu-tools-for-stm32.12.3.rel1.win32_1.0.200.202406191623/tools/bin/../lib/gcc/arm-none-eabi/12.3.1/../../../../arm-none-eabi/lib/thumb/v7e-m+fp/hard\libc_nano.a(libc_a-closer.o) (errno)
C:/ST/STM32CubeIDE_1.16.0/STM32CubeIDE/plugins/com.st.stm32cube.ide.mcu.externaltools.gnu-tools-for-stm32.12.3.rel1.win32_1.0.200.202406191623/tools/bin/../lib/gcc/arm-none-eabi/12.3.1/../../../../arm-none-eabi/lib/thumb/v7e-m+fp/hard\libc_nano.a(libc_a-impure.o)
                              C:/ST/STM32CubeIDE_1.16.0/STM32CubeIDE/plugins/com.st.stm32cube.ide.mcu.externaltools.gnu-tools-for-stm32.12.3.rel1.win32_1.0.200.202406191623/tools/bin/../lib/gcc/arm-none-eabi/12.3.1/../../../../arm-none-eabi/lib/thumb/v7e-m+fp/hard\libc_nano.a(libc_a-reent.o) (_impure_ptr)
C:/ST/STM32CubeIDE_1.16.0/STM32CubeIDE/plugins/com.st.stm32cube.ide.mcu.externaltools.gnu-tools-for-stm32.12.3.rel1.win32_1.0.200.202406191623/tools/bin/../lib/gcc/arm-none-eabi/12.3.1/../../../../arm-none-eabi/lib/thumb/v7e-m+fp/hard\libc_nano.a(libc_a-lseekr.o)
[...]
Memory Configuration

Name             Origin             Length             Attributes
CCMRAM           0x10000000         0x00010000         xrw
RAM              0x20000000         0x00030000         xrw
FLASH            0x08000000         0x00200000         xr
*default*        0x00000000         0xffffffff

Linker script and memory map

LOAD C:/ST/STM32CubeIDE_1.16.0/STM32CubeIDE/plugins/com.st.stm32cube.ide.mcu.externaltools.gnu-tools-for-stm32.12.3.rel1.win32_1.0.200.202406191623/tools/bin/../lib/gcc/arm-none-eabi/12.3.1/thumb/v7e-m+fp/hard/crti.o
LOAD C:/ST/STM32CubeIDE_1.16.0/STM32CubeIDE/plugins/com.st.stm32cube.ide.mcu.externaltools.gnu-tools-for-stm32.12.3.rel1.win32_1.0.200.202406191623/tools/bin/../lib/gcc/arm-none-eabi/12.3.1/thumb/v7e-m+fp/hard/crtbegin.o
LOAD C:/ST/STM32CubeIDE_1.16.0/STM32CubeIDE/plugins/com.st.stm32cube.ide.mcu.externaltools.gnu-tools-for-stm32.12.3.rel1.win32_1.0.200.202406191623/tools/bin/../lib/gcc/arm-none-eabi/12.3.1/../../../../arm-none-eabi/lib/thumb/v7e-m+fp/hard/crt0.o
LOAD ./Core/Src/ApplicationCode.o
LOAD ./Core/Src/BlockDriver.o
LOAD ./Core/Src/Button_Driver.o
LOAD ./Core/Src/ErrorHandling.o
LOAD ./Core/Src/GyroDriver.o
LOAD ./Core/Src/LCD_Driver.o
LOAD ./Core/Src/Scheduler.o
LOAD ./Core/Src/fonts.o
LOAD ./Core/Src/game.o
LOAD ./Core/Src/ili9341.o
LOAD ./Core/Src/main.o
LOAD ./Core/Src/stm32f4xx_hal_msp.o
LOAD ./Core/Src/stm32f4xx_it.o
LOAD ./Core/Src/stmpe811.o
LOAD ./Core/Src/syscalls.o
LOAD ./Core/Src/sysmem.o
LOAD ./Core/Src/system_stm32f4xx.o
LOAD ./Core/Startup/startup_stm32f429zitx.o
LOAD ./Drivers/STM32F4xx_HAL_Driver/Src/stm32f4xx_hal.o
LOAD ./Drivers/STM32F4xx_HAL_Driver/Src/stm32f4xx_hal_cortex.o
LOAD ./Drivers/STM32F4xx_HAL_Driver/Src/stm32f4xx_hal_dma.o
LOAD ./Drivers/STM32F4xx_HAL_Driver/Src/stm32f4xx_hal_dma_ex.o
LOAD ./Drivers/STM32F4xx_HAL_Driver/Src/stm32f4xx_hal_dsi.o
LOAD ./Drivers/STM32F4xx_HAL_Driver/Src/stm32f4xx_hal_exti.o
LOAD ./Drivers/STM32F4xx_HAL_Driver/Src/stm32f4xx_hal_flash.o
LOAD ./Drivers/STM32F4xx_HAL_Driver/Src/stm32f4xx_hal_flash_ex.o
LOAD ./Drivers/STM32F4xx_HAL_Driver/Src/stm32f4xx_hal_flash_ramfunc.o
LOAD ./Drivers/STM32F4xx_HAL_Driver/Src/stm32f4xx_hal_gpio.o
LOAD ./Drivers/STM32F4xx_HAL_Driver/Src/stm32f4xx_hal_i2c.o
LOAD ./Drivers/STM32F4xx_HAL_Driver/Src/stm32f4xx_hal_i2c_ex.o
LOAD ./Drivers/STM32F4xx_HAL_Driver/Src/stm32f4xx_hal_ltdc.o
LOAD ./Drivers/STM32F4xx_HAL_Driver/Src/stm32f4xx_hal_ltdc_ex.o
LOAD ./Drivers/STM32F4xx_HAL_Driver/Src/stm32f4xx_hal_pwr.o
LOAD ./Drivers/STM32F4xx_HAL_Driver/Src/stm32f4xx_hal_pwr_ex.o
LOAD ./Drivers/STM32F4xx_HAL_Driver/Src/stm32f4xx_hal_rcc.o
LOAD ./Drivers/STM32F4xx_HAL_Driver/Src/stm32f4xx_hal_rcc_ex.o
LOAD ./Drivers/STM32F4xx_HAL_Driver/Src/stm32f4xx_hal_rng.o
LOAD ./Drivers/STM32F4xx_HAL_Driver/Src/stm32f4xx_hal_spi.o
LOAD ./Drivers/STM32F4xx_HAL_Driver/Src/stm32f4xx_hal_tim.o
LOAD ./Drivers/STM32F4xx_HAL_Driver/Src/stm32f4xx_hal_tim_ex.o
START GROUP
LOAD C:/ST/STM32CubeIDE_1.16.0/STM32CubeIDE/plugins/com.st.stm32cube.ide.mcu.externaltools.gnu-tools-for-stm32.12.3.rel1.win32_1.0.200.202406191623/tools/bin/../lib/gcc/arm-none-eabi/12.3.1/../../../../arm-none-eabi/lib/thumb/v7e-m+fp/hard\libc_nano.a
LOAD C:/ST/STM32CubeIDE_1.16.0/STM32CubeIDE/plugins/com.st.stm32cube.ide.mcu.externaltools.gnu-tools-for-stm32.12.3.rel1.win32_1.0.200.202406191623/tools/bin/../lib/gcc/arm-none-eabi/12.3.1/../../../../arm-none-eabi/lib/thumb/v7e-m+fp/hard\libm.a
END GROUP
START GROUP
LOAD C:/ST/STM32CubeIDE_1.16.0/STM32CubeIDE/plugins/com.st.stm32cube.ide.mcu.externaltools.gnu-tools-for-stm32.12.3.rel1.win32_1.0.200.202406191623/tools/bin/../lib/gcc/arm-none-eabi/12.3.1/thumb/v7e-m+fp/hard\libgcc.a
LOAD C:/ST/STM32CubeIDE_1.16.0/STM32CubeIDE/plugins/com.st.stm32cube.ide.mcu.externaltools.gnu-tools-for-stm32.12.3.rel1.win32_1.0.200.202406191623/tools/bin/../lib/gcc/arm-none-eabi/12.3.1/../../../../arm-none-eabi/lib/thumb/v7e-m+fp/hard\libc_nano.a
END GROUP
START GROUP
LOAD C:/ST/STM32CubeIDE_1.16.0/STM32CubeIDE/plugins/com.st.stm32cube.ide.mcu.externaltools.gnu-tools-for-stm32.12.3.rel1.win32_1.0.200.202406191623/tools/bin/../lib/gcc/arm-none-eabi/12.3.1/thumb/v7e-m+fp/hard\libgcc.a
LOAD C:/ST/STM32CubeIDE_1.16.0/STM32CubeIDE/plugins/com.st.stm32cube.ide.mcu.externaltools.gnu-tools-for-stm32.12.3.rel1.win32_1.0.200.202406191623/tools/bin/../lib/gcc/arm-none-eabi/12.3.1/../../../../arm-none-eabi/lib/thumb/v7e-m+fp/hard\libc_nano.a
LOAD C:/ST/STM32CubeIDE_1.16.0/STM32CubeIDE/plugins/com.st.stm32cube.ide.mcu.externaltools.gnu-tools-for-stm32.12.3.rel1.win32_1.0.200.202406191623/tools/bin/../lib/gcc/arm-none-eabi/12.3.1/../../../../arm-none-eabi/lib/thumb/v7e-m+fp/hard\libnosys.a
END GROUP
START GROUP
LOAD C:/ST/STM32CubeIDE_1.16.0/STM32CubeIDE/plugins/com.st.stm32cube.ide.mcu.externaltools.gnu-tools-for-stm32.12.3.rel1.win32_1.0.200.202406191623/tools/bin/../lib/gcc/arm-none-eabi/12.3.1/thumb/v7e-m+fp/hard\libgcc.a
LOAD C:/ST/STM32CubeIDE_1.16.0/STM32CubeIDE/plugins/com.st.stm32cube.ide.mcu.externaltools.gnu-tools-for-stm32.12.3.rel1.win32_1.0.200.202406191623/tools/bin/../lib/gcc/arm-none-eabi/12.3.1/../../../../arm-none-eabi/lib/thumb/v7e-m+fp/hard\libc_nano.a
LOAD C:/ST/STM32CubeIDE_1.16.0/STM32CubeIDE/plugins/com.st.stm32cube.ide.mcu.externaltools.gnu-tools-for-stm32.12.3.rel1.win32_1.0.200.202406191623/tools/bin/../lib/gcc/arm-none-eabi/12.3.1/../../../../arm-none-eabi/lib/thumb/v7e-m+fp/hard\libnosys.a
END GROUP
LOAD C:/ST/STM32CubeIDE_1.16.0/STM32CubeIDE/plugins/com.st.stm32cube.ide.mcu.externaltools.gnu-tools-for-stm32.12.3.rel1.win32_1.0.200.202406191623/tools/bin/../lib/gcc/arm-none-eabi/12.3.1/thumb/v7e-m+fp/hard/crtend.o
LOAD C:/ST/STM32CubeIDE_1.16.0/STM32CubeIDE/plugins/com.st.stm32cube.ide.mcu.externaltools.gnu-tools-for-stm32.12.3.rel1.win32_1.0.200.202406191623/tools/bin/../lib/gcc/arm-none-eabi/12.3.1/thumb/v7e-m+fp/hard/crtn.o
                0x20030000                        _estack = (ORIGIN (RAM) + LENGTH (RAM))
                0x00000200                        _Min_Heap_Size = 0x200
                0x00000400                        _Min_Stack_Size = 0x400

.isr_vector     0x08000000      0x1ac
                0x08000000                        . = ALIGN (0x4)
 *(.isr_vector)
 .isr_vector    0x08000000      0x1ac ./Core/Startup/startup_stm32f429zitx.o
                0x08000000                g_pfnVectors
                0x080001ac                        . = ALIGN (0x4)

.text           0x080001ac     0x8a0c
                0x080001ac                        . = ALIGN (0x4)
 *(.text)
 .text          0x080001ac       0x40 C:/ST/STM32CubeIDE_1.16.0/STM32CubeIDE/plugins/com.st.stm32cube.ide.mcu.externaltools.gnu-tools-for-stm32.12.3.rel1.win32_1.0.200.202406191623/tools/bin/../lib/gcc/arm-none-eabi/12.3.1/thumb/v7e-m+fp/hard/crtbegin.o
 .text          0x080001ec       0x30 C:/ST/STM32CubeIDE_1.16.0/STM32CubeIDE/plugins/com.st.stm32cube.ide.mcu.externaltools.gnu-tools-for-stm32.12.3.rel1.win32_1.0.200.202406191623/tools/bin/../lib/gcc/arm-none-eabi/12.3.1/thumb/v7e-m+fp/hard\libgcc.a(_aeabi_uldivmod.o)
                0x080001ec                __aeabi_uldivmod
 .text          0x0800021c      0x2bc C:/ST/STM32CubeIDE_1.16.0/STM32CubeIDE/plugins/com.st.stm32cube.ide.mcu.externaltools.gnu-tools-for-stm32.12.3.rel1.win32_1.0.200.202406191623/tools/bin/../lib/gcc/arm-none-eabi/12.3.1/thumb/v7e-m+fp/hard\libgcc.a(_udivmoddi4.o)
                0x0800021c                __udivmoddi4
 .text          0x080004d8        0x4 C:/ST/STM32CubeIDE_1.16.0/STM32CubeIDE/plugins/com.st.stm32cube.ide.mcu.externaltools.gnu-tools-for-stm32.12.3.rel1.win32_1.0.200.202406191623/tools/bin/../lib/gcc/arm-none-eabi/12.3.1/thumb/v7e-m+fp/hard\libgcc.a(_dvmd_tls.o)
                0x080004d8                __aeabi_idiv0
                0x080004d8                __aeabi_ldiv0
 *(.text*)
 .text.ApplicationInit
                0x080004dc       0x38 ./Core/Src/ApplicationCode.o
                0x080004dc                ApplicationInit
 .text.Application_game_inst
                0x08000514       0x10 ./Core/Src/ApplicationCode.o
                0x08000514                Application_game_inst
 .text.LCDTouchScreenInterruptGPIOInit
                0x08000524       0x74 ./Core/Src/ApplicationCode.o
                0x08000524                LCDTouchScreenInterruptGPIOInit
 .text.EXTI15_10_IRQHandler
                0x08000598      0x104 ./Core/Src/ApplicationCode.o
                0x08000598                EXTI15_10_IRQHandler
 .text.applicationButtonInit
                0x0800069c        0xc ./Core/Src/ApplicationCode.o
                0x0800069c                applicationButtonInit
 .text.EXTI0_IRQHandler
                0x080006a8       0x20 ./Core/Src/ApplicationCode.o
                0x080006a8                EXTI0_IRQHandler
 .text.MX_TIM7_Init
                0x080006c8       0x70 ./Core/Src/ApplicationCode.o
 .text.TIM7_IRQHandler
                0x08000738       0x38 ./Core/Src/ApplicationCode.o
                0x08000738                TIM7_IRQHandler
 .text.start_timer
                0x08000770       0x28 ./Core/Src/ApplicationCode.o
                0x08000770                start_timer
 .text.map_draw
                0x08000798      0x100 ./Core/Src/BlockDriver.o
                0x08000798                map_draw
 .text.start_screen
                0x08000898      0x194 ./Core/Src/BlockDriver.o
                0x08000898                start_screen
 .text.end_screen
                0x08000a2c      0x330 ./Core/Src/BlockDriver.o
                0x08000a2c                end_screen
 .text.disp_time
                0x08000d5c       0xa8 ./Core/Src/BlockDriver.o
                0x08000d5c                disp_time
 .text.block_drop
                0x08000e04       0x9c ./Core/Src/BlockDriver.o
                0x08000e04                block_drop
 .text.block_create
                0x08000ea0      0x6d0 ./Core/Src/BlockDriver.o
                0x08000ea0                block_create
 .text.map_init
                0x08001570       0xe6 ./Core/Src/BlockDriver.o
                0x08001570                map_init
 .text.collision
                0x08001656      0x726 ./Core/Src/BlockDriver.o
                0x08001656                collision
 .text.map_update
                0x08001d7c      0x23c ./Core/Src/BlockDriver.o
                0x08001d7c                map_update
 .text.num_levels_cleared
                0x08001fb8       0xe2 ./Core/Src/BlockDriver.o
                0x08001fb8                num_levels_cleared
 .text.level_clear
                0x0800209a      0x2ae ./Core/Src/BlockDriver.o
                0x0800209a                level_clear
 .text.draw_updated_map
                0x08002348       0x9c ./Core/Src/BlockDriver.o
                0x08002348                draw_updated_map
 .text.clear_map
                0x080023e4       0x68 ./Core/Src/BlockDriver.o
                0x080023e4                clear_map
 .text.block_rotate
                0x0800244c      0x4a0 ./Core/Src/BlockDriver.o
                0x0800244c                block_rotate
 .text.block_move
                0x080028ec       0xdc ./Core/Src/BlockDriver.o
                0x080028ec                block_move
 .text.draw_block
                0x080029c8       0x42 ./Core/Src/BlockDriver.o
                0x080029c8                draw_block
 .text.draw_shapes
                0x08002a0a      0x23a ./Core/Src/BlockDriver.o
                0x08002a0a                draw_shapes
 .text.draw_tetromino
                0x08002c44       0x80 ./Core/Src/BlockDriver.o
                0x08002c44                draw_tetromino
 .text.clear_tetromino
                0x08002cc4       0x7e ./Core/Src/BlockDriver.o
                0x08002cc4                clear_tetromino
 .text.can_spawn
                0x08002d42      0x2c0 ./Core/Src/BlockDriver.o
                0x08002d42                can_spawn
 *fill*         0x08003002        0x2 
 .text.MX_RNG_Init
                0x08003004       0x50 ./Core/Src/BlockDriver.o
 .text.MX_RNG_Deinit
                0x08003054       0x38 ./Core/Src/BlockDriver.o
 .text.ButtonInit
                0x0800308c       0x60 ./Core/Src/Button_Driver.o
                0x0800308c                ButtonInit
 .text.APPLICATION_ASSERT
                0x080030ec       0x24 ./Core/Src/ErrorHandling.o
                0x080030ec                APPLICATION_ASSERT
 .text.LCD_GPIO_Init
                0x08003110      0x190 ./Core/Src/LCD_Driver.o
                0x08003110                LCD_GPIO_Init
 .text.LTCD_Layer_Init
                0x080032a0       0x80 ./Core/Src/LCD_Driver.o
                0x080032a0                LTCD_Layer_Init
 .text.LTCD__Init
                0x08003320       0xbc ./Core/Src/LCD_Driver.o
                0x08003320                LTCD__Init
 .text.LCD_Draw_Pixel
                0x080033dc       0x3c ./Core/Src/LCD_Driver.o
                0x080033dc                LCD_Draw_Pixel
 .text.LCD_Draw_Vertical_Line
                0x08003418       0x4e ./Core/Src/LCD_Driver.o
                0x08003418                LCD_Draw_Vertical_Line
 .text.LCD_Draw_Horizontal_Line
                0x08003466       0x4e ./Core/Src/LCD_Driver.o
                0x08003466                LCD_Draw_Horizontal_Line
 .text.LCD_Clear
                0x080034b4       0x44 ./Core/Src/LCD_Driver.o
                0x080034b4                LCD_Clear
 .text.LCD_SetTextColor
                0x080034f8       0x20 ./Core/Src/LCD_Driver.o
                0x080034f8                LCD_SetTextColor
 .text.LCD_SetFont
                0x08003518       0x20 ./Core/Src/LCD_Driver.o
                0x08003518                LCD_SetFont
 .text.LCD_Draw_Char
                0x08003538       0xdc ./Core/Src/LCD_Driver.o
                0x08003538                LCD_Draw_Char
 .text.LCD_DisplayChar
                0x08003614       0x44 ./Core/Src/LCD_Driver.o
                0x08003614                LCD_DisplayChar
 .text.LCD_Error_Handler
                0x08003658        0xc ./Core/Src/LCD_Driver.o
                0x08003658                LCD_Error_Handler
 .text.InitializeLCDTouch
                0x08003664       0x16 ./Core/Src/LCD_Driver.o
                0x08003664                InitializeLCDTouch
 .text.DetermineTouchPosition
                0x0800367a       0x16 ./Core/Src/LCD_Driver.o
                0x0800367a                DetermineTouchPosition
 .text.ReadRegisterFromTouchModule
                0x08003690       0x1c ./Core/Src/LCD_Driver.o
                0x08003690                ReadRegisterFromTouchModule
 .text.WriteDataToTouchModule
                0x080036ac       0x24 ./Core/Src/LCD_Driver.o
                0x080036ac                WriteDataToTouchModule
 .text.is_start_screen
                0x080036d0       0x18 ./Core/Src/game.o
                0x080036d0                is_start_screen
 .text.game_start_screen
                0x080036e8       0x1c ./Core/Src/game.o
                0x080036e8                game_start_screen
 .text.game_init
                0x08003704       0xa0 ./Core/Src/game.o
                0x08003704                game_init
 .text.game_drop
                0x080037a4      0x1f8 ./Core/Src/game.o
                0x080037a4                game_drop
 .text.game_rotate
                0x0800399c       0x84 ./Core/Src/game.o
                0x0800399c                game_rotate
 .text.game_move
                0x08003a20       0xa0 ./Core/Src/game.o
                0x08003a20                game_move
 .text.game_finished
                0x08003ac0       0x24 ./Core/Src/game.o
                0x08003ac0                game_finished
 .text.game_over
                0x08003ae4       0x3c ./Core/Src/game.o
                0x08003ae4                game_over
 .text.ili9341_Init
                0x08003b20      0x294 ./Core/Src/ili9341.o
                0x08003b20                ili9341_Init
 .text.ili9341_Write_Reg
                0x08003db4       0x1a ./Core/Src/ili9341.o
                0x08003db4                ili9341_Write_Reg
 .text.ili9341_Send_Data
                0x08003dce       0x1a ./Core/Src/ili9341.o
                0x08003dce                ili9341_Send_Data
 .text.SPI_Init
                0x08003de8       0x74 ./Core/Src/ili9341.o
 .text.SPI_Write
                0x08003e5c       0x3c ./Core/Src/ili9341.o
 .text.SPI_Error
                0x08003e98       0x18 ./Core/Src/ili9341.o
 .text.SPI_MspInit
                0x08003eb0       0x74 ./Core/Src/ili9341.o
 .text.LCD_IO_Init
                0x08003f24       0xf0 ./Core/Src/ili9341.o
                0x08003f24                LCD_IO_Init
 .text.LCD_IO_WriteData
                0x08004014       0x44 ./Core/Src/ili9341.o
                0x08004014                LCD_IO_WriteData
 .text.LCD_IO_WriteReg
                0x08004058       0x44 ./Core/Src/ili9341.o
                0x08004058                LCD_IO_WriteReg
 .text.LCD_Delay
                0x0800409c       0x16 ./Core/Src/ili9341.o
                0x0800409c                LCD_Delay
 .text.main     0x080040b2       0x24 ./Core/Src/main.o
                0x080040b2                main
 *fill*         0x080040d6        0x2 
 .text.SystemClockOverride
                0x080040d8       0xa4 ./Core/Src/main.o
                0x080040d8                SystemClockOverride
 .text.MX_I2C3_Init
                0x0800417c       0x80 ./Core/Src/main.o
 .text.MX_LTDC_Init
                0x080041fc      0x164 ./Core/Src/main.o
 .text.MX_SPI5_Init
                0x08004360       0x6c ./Core/Src/main.o
 .text.MX_GPIO_Init
                0x080043cc      0x35c ./Core/Src/main.o
 .text.Error_Handler
                0x08004728        0xc ./Core/Src/main.o
                0x08004728                Error_Handler
 .text.HAL_MspInit
                0x08004734       0x50 ./Core/Src/stm32f4xx_hal_msp.o
                0x08004734                HAL_MspInit
 .text.HAL_I2C_MspInit
                0x08004784       0xd4 ./Core/Src/stm32f4xx_hal_msp.o
                0x08004784                HAL_I2C_MspInit
 .text.HAL_LTDC_MspInit
                0x08004858      0x250 ./Core/Src/stm32f4xx_hal_msp.o
                0x08004858                HAL_LTDC_MspInit
 .text.HAL_RNG_MspInit
                0x08004aa8       0x44 ./Core/Src/stm32f4xx_hal_msp.o
                0x08004aa8                HAL_RNG_MspInit
 .text.HAL_SPI_MspInit
                0x08004aec       0x90 ./Core/Src/stm32f4xx_hal_msp.o
                0x08004aec                HAL_SPI_MspInit
 .text.HAL_SPI_MspDeInit
                0x08004b7c       0x3c ./Core/Src/stm32f4xx_hal_msp.o
                0x08004b7c                HAL_SPI_MspDeInit
 .text.HAL_TIM_Base_MspInit
                0x08004bb8       0x44 ./Core/Src/stm32f4xx_hal_msp.o
                0x08004bb8                HAL_TIM_Base_MspInit
 .text.NMI_Handler
                0x08004bfc        0x8 ./Core/Src/stm32f4xx_it.o
                0x08004bfc                NMI_Handler
 .text.HardFault_Handler
                0x08004c04        0x8 ./Core/Src/stm32f4xx_it.o
                0x08004c04                HardFault_Handler
 .text.MemManage_Handler
                0x08004c0c        0x8 ./Core/Src/stm32f4xx_it.o
                0x08004c0c                MemManage_Handler
 .text.BusFault_Handler
                0x08004c14        0x8 ./Core/Src/stm32f4xx_it.o
                0x08004c14                BusFault_Handler
 .text.UsageFault_Handler
                0x08004c1c        0x8 ./Core/Src/stm32f4xx_it.o
                0x08004c1c                UsageFault_Handler
 .text.SVC_Handler
                0x08004c24        0xe ./Core/Src/stm32f4xx_it.o
                0x08004c24                SVC_Handler
 .text.DebugMon_Handler
                0x08004c32        0xe ./Core/Src/stm32f4xx_it.o
                0x08004c32                DebugMon_Handler
 .text.PendSV_Handler
                0x08004c40        0xe ./Core/Src/stm32f4xx_it.o
                0x08004c40                PendSV_Handler
 .text.SysTick_Handler
                0x08004c4e        0xc ./Core/Src/stm32f4xx_it.o
                0x08004c4e                SysTick_Handler
 *fill*         0x08004c5a        0x2 
 .text.__NVIC_EnableIRQ
                0x08004c5c       0x3c ./Core/Src/stmpe811.o
 .text.STMPE811_Init
                0x08004c98      0x18e ./Core/Src/stmpe811.o
                0x08004c98                STMPE811_Init
 .text.STMPE811_Read
                0x08004e26       0x22 ./Core/Src/stmpe811.o
                0x08004e26                STMPE811_Read
 .text.STMPE811_Write
                0x08004e48       0x24 ./Core/Src/stmpe811.o
                0x08004e48                STMPE811_Write
 .text.STMPE811_DetermineTouchPosition
                0x08004e6c       0xee ./Core/Src/stmpe811.o
                0x08004e6c                STMPE811_DetermineTouchPosition
 *fill*         0x08004f5a        0x2 
 .text.enableInterruptSupportForTouch
                0x08004f5c       0x64 ./Core/Src/stmpe811.o
                0x08004f5c                enableInterruptSupportForTouch
 .text.I2C3_Init
                0x08004fc0       0x7c ./Core/Src/stmpe811.o
 .text.I2C3_MspInit
                0x0800503c       0xa8 ./Core/Src/stmpe811.o
 .text.I2C3_Write
                0x080050e4       0x50 ./Core/Src/stmpe811.o
                0x080050e4                I2C3_Write
 .text.I2C3_Read
                0x08005134       0x48 ./Core/Src/stmpe811.o
                0x08005134                I2C3_Read
 .text.I2C3_MulitByteRead
                0x0800517c       0x44 ./Core/Src/stmpe811.o
                0x0800517c                I2C3_MulitByteRead
 .text.TM_STMPE811_ReadX
                0x080051c0       0xbc ./Core/Src/stmpe811.o
                0x080051c0                TM_STMPE811_ReadX
 .text.TM_STMPE811_ReadY
                0x0800527c       0xa4 ./Core/Src/stmpe811.o
                0x0800527c                TM_STMPE811_ReadY
 .text.initialise_monitor_handles
                0x08005320        0xe ./Core/Src/syscalls.o
                0x08005320                initialise_monitor_handles
 *fill*         0x0800532e        0x2 
 .text.SystemInit
                0x08005330       0x24 ./Core/Src/system_stm32f4xx.o
                0x08005330                SystemInit
 .text.Reset_Handler
                0x08005354       0x50 ./Core/Startup/startup_stm32f429zitx.o
                0x08005354                Reset_Handler
 .text.Default_Handler
                0x080053a4        0x2 ./Core/Startup/startup_stm32f429zitx.o
                0x080053a4                RTC_Alarm_IRQHandler
                0x080053a4                HASH_RNG_IRQHandler
                0x080053a4                EXTI2_IRQHandler
                0x080053a4                TIM8_CC_IRQHandler
                0x080053a4                UART8_IRQHandler
                0x080053a4                SPI4_IRQHandler
                0x080053a4                TIM1_CC_IRQHandler
                0x080053a4                DMA2_Stream5_IRQHandler
                0x080053a4                DMA1_Stream5_IRQHandler
                0x080053a4                PVD_IRQHandler
                0x080053a4                SDIO_IRQHandler
                0x080053a4                TAMP_STAMP_IRQHandler
                0x080053a4                CAN2_RX1_IRQHandler
                0x080053a4                EXTI3_IRQHandler
                0x080053a4                TIM8_TRG_COM_TIM14_IRQHandler
                0x080053a4                TIM1_UP_TIM10_IRQHandler
                0x080053a4                TIM8_UP_TIM13_IRQHandler
                0x080053a4                I2C3_ER_IRQHandler
                0x080053a4                I2C2_EV_IRQHandler
                0x080053a4                DMA1_Stream2_IRQHandler
                0x080053a4                CAN1_RX0_IRQHandler
                0x080053a4                FPU_IRQHandler
                0x080053a4                OTG_HS_WKUP_IRQHandler
                0x080053a4                LTDC_ER_IRQHandler
                0x080053a4                CAN2_SCE_IRQHandler
                0x080053a4                DMA2_Stream2_IRQHandler
                0x080053a4                SPI1_IRQHandler
                0x080053a4                TIM6_DAC_IRQHandler
                0x080053a4                TIM1_BRK_TIM9_IRQHandler
                0x080053a4                DCMI_IRQHandler
                0x080053a4                CAN2_RX0_IRQHandler
                0x080053a4                DMA2_Stream3_IRQHandler
                0x080053a4                USART6_IRQHandler
                0x080053a4                USART3_IRQHandler
                0x080053a4                CAN1_RX1_IRQHandler
                0x080053a4                UART5_IRQHandler
                0x080053a4                DMA2_Stream0_IRQHandler
                0x080053a4                TIM4_IRQHandler
                0x080053a4                I2C1_EV_IRQHandler
                0x080053a4                DMA1_Stream6_IRQHandler
                0x080053a4                DMA1_Stream1_IRQHandler
                0x080053a4                UART4_IRQHandler
                0x080053a4                TIM3_IRQHandler
                0x080053a4                RCC_IRQHandler
                0x080053a4                TIM8_BRK_TIM12_IRQHandler
                0x080053a4                Default_Handler
                0x080053a4                ADC_IRQHandler
                0x080053a4                DMA1_Stream7_IRQHandler
                0x080053a4                SPI5_IRQHandler
                0x080053a4                CAN2_TX_IRQHandler
                0x080053a4                TIM5_IRQHandler
                0x080053a4                DMA2_Stream7_IRQHandler
                0x080053a4                I2C3_EV_IRQHandler
                0x080053a4                EXTI9_5_IRQHandler
                0x080053a4                RTC_WKUP_IRQHandler
                0x080053a4                LTDC_IRQHandler
                0x080053a4                ETH_WKUP_IRQHandler
                0x080053a4                SPI2_IRQHandler
                0x080053a4                OTG_HS_EP1_IN_IRQHandler
                0x080053a4                DMA1_Stream0_IRQHandler
                0x080053a4                CAN1_TX_IRQHandler
                0x080053a4                EXTI4_IRQHandler
                0x080053a4                ETH_IRQHandler
                0x080053a4                OTG_HS_EP1_OUT_IRQHandler
                0x080053a4                WWDG_IRQHandler
                0x080053a4                SPI6_IRQHandler
                0x080053a4                TIM2_IRQHandler
                0x080053a4                OTG_FS_WKUP_IRQHandler
                0x080053a4                TIM1_TRG_COM_TIM11_IRQHandler
                0x080053a4                OTG_HS_IRQHandler
                0x080053a4                DMA2D_IRQHandler
                0x080053a4                EXTI1_IRQHandler
                0x080053a4                UART7_IRQHandler
                0x080053a4                USART2_IRQHandler
                0x080053a4                I2C2_ER_IRQHandler
                0x080053a4                DMA2_Stream1_IRQHandler
                0x080053a4                CAN1_SCE_IRQHandler
                0x080053a4                FLASH_IRQHandler
                0x080053a4                DMA2_Stream4_IRQHandler
                0x080053a4                USART1_IRQHandler
                0x080053a4                OTG_FS_IRQHandler
                0x080053a4                SPI3_IRQHandler
                0x080053a4                DMA1_Stream4_IRQHandler
                0x080053a4                I2C1_ER_IRQHandler
                0x080053a4                FMC_IRQHandler
                0x080053a4                DMA2_Stream6_IRQHandler
                0x080053a4                SAI1_IRQHandler
                0x080053a4                DMA1_Stream3_IRQHandler
 *fill*         0x080053a6        0x2 
 .text.HAL_Init
                0x080053a8       0x44 ./Drivers/STM32F4xx_HAL_Driver/Src/stm32f4xx_hal.o
                0x080053a8                HAL_Init
 .text.HAL_InitTick
                0x080053ec       0x60 ./Drivers/STM32F4xx_HAL_Driver/Src/stm32f4xx_hal.o
                0x080053ec                HAL_InitTick
 .text.HAL_IncTick
                0x0800544c       0x28 ./Drivers/STM32F4xx_HAL_Driver/Src/stm32f4xx_hal.o
                0x0800544c                HAL_IncTick
 .text.HAL_GetTick
                0x08005474       0x18 ./Drivers/STM32F4xx_HAL_Driver/Src/stm32f4xx_hal.o
                0x08005474                HAL_GetTick
 .text.HAL_Delay
                0x0800548c       0x48 ./Drivers/STM32F4xx_HAL_Driver/Src/stm32f4xx_hal.o
                0x0800548c                HAL_Delay
 .text.__NVIC_SetPriorityGrouping
                0x080054d4       0x48 ./Drivers/STM32F4xx_HAL_Driver/Src/stm32f4xx_hal_cortex.o
 .text.__NVIC_GetPriorityGrouping
                0x0800551c       0x1c ./Drivers/STM32F4xx_HAL_Driver/Src/stm32f4xx_hal_cortex.o
 .text.__NVIC_EnableIRQ
                0x08005538       0x3c ./Drivers/STM32F4xx_HAL_Driver/Src/stm32f4xx_hal_cortex.o
 .text.__NVIC_DisableIRQ
                0x08005574       0x48 ./Drivers/STM32F4xx_HAL_Driver/Src/stm32f4xx_hal_cortex.o
 .text.__NVIC_ClearPendingIRQ
                0x080055bc       0x3c ./Drivers/STM32F4xx_HAL_Driver/Src/stm32f4xx_hal_cortex.o
 .text.__NVIC_SetPriority
                0x080055f8       0x54 ./Drivers/STM32F4xx_HAL_Driver/Src/stm32f4xx_hal_cortex.o
 .text.NVIC_EncodePriority
                0x0800564c       0x66 ./Drivers/STM32F4xx_HAL_Driver/Src/stm32f4xx_hal_cortex.o
 *fill*         0x080056b2        0x2 
 .text.SysTick_Config
                0x080056b4       0x44 ./Drivers/STM32F4xx_HAL_Driver/Src/stm32f4xx_hal_cortex.o
 .text.HAL_NVIC_SetPriorityGrouping
                0x080056f8       0x16 ./Drivers/STM32F4xx_HAL_Driver/Src/stm32f4xx_hal_cortex.o
                0x080056f8                HAL_NVIC_SetPriorityGrouping
 .text.HAL_NVIC_SetPriority
                0x0800570e       0x38 ./Drivers/STM32F4xx_HAL_Driver/Src/stm32f4xx_hal_cortex.o
                0x0800570e                HAL_NVIC_SetPriority
 .text.HAL_NVIC_EnableIRQ
                0x08005746       0x1c ./Drivers/STM32F4xx_HAL_Driver/Src/stm32f4xx_hal_cortex.o
                0x08005746                HAL_NVIC_EnableIRQ
 .text.HAL_NVIC_DisableIRQ
                0x08005762       0x1c ./Drivers/STM32F4xx_HAL_Driver/Src/stm32f4xx_hal_cortex.o
                0x08005762                HAL_NVIC_DisableIRQ
 .text.HAL_SYSTICK_Config
                0x0800577e       0x18 ./Drivers/STM32F4xx_HAL_Driver/Src/stm32f4xx_hal_cortex.o
                0x0800577e                HAL_SYSTICK_Config
 .text.HAL_NVIC_ClearPendingIRQ
                0x08005796       0x1c ./Drivers/STM32F4xx_HAL_Driver/Src/stm32f4xx_hal_cortex.o
                0x08005796                HAL_NVIC_ClearPendingIRQ
 *fill*         0x080057b2        0x2 
 .text.HAL_EXTI_ClearPending
                0x080057b4       0x30 ./Drivers/STM32F4xx_HAL_Driver/Src/stm32f4xx_hal_exti.o
                0x080057b4                HAL_EXTI_ClearPending
 .text.HAL_GPIO_Init
                0x080057e4      0x358 ./Drivers/STM32F4xx_HAL_Driver/Src/stm32f4xx_hal_gpio.o
                0x080057e4                HAL_GPIO_Init
 .text.HAL_GPIO_DeInit
                0x08005b3c      0x218 ./Drivers/STM32F4xx_HAL_Driver/Src/stm32f4xx_hal_gpio.o
                0x08005b3c                HAL_GPIO_DeInit
 .text.HAL_GPIO_WritePin
                0x08005d54       0x32 ./Drivers/STM32F4xx_HAL_Driver/Src/stm32f4xx_hal_gpio.o
                0x08005d54                HAL_GPIO_WritePin
 *fill*         0x08005d86        0x2 
 .text.HAL_I2C_Init
                0x08005d88      0x288 ./Drivers/STM32F4xx_HAL_Driver/Src/stm32f4xx_hal_i2c.o
                0x08005d88                HAL_I2C_Init
 .text.HAL_I2C_Mem_Write
                0x08006010      0x1f4 ./Drivers/STM32F4xx_HAL_Driver/Src/stm32f4xx_hal_i2c.o
                0x08006010                HAL_I2C_Mem_Write
 .text.HAL_I2C_Mem_Read
                0x08006204      0x464 ./Drivers/STM32F4xx_HAL_Driver/Src/stm32f4xx_hal_i2c.o
                0x08006204                HAL_I2C_Mem_Read
 .text.I2C_RequestMemoryWrite
                0x08006668      0x12c ./Drivers/STM32F4xx_HAL_Driver/Src/stm32f4xx_hal_i2c.o
 .text.I2C_RequestMemoryRead
                0x08006794      0x1d0 ./Drivers/STM32F4xx_HAL_Driver/Src/stm32f4xx_hal_i2c.o
 .text.I2C_WaitOnFlagUntilTimeout
                0x08006964       0xf4 ./Drivers/STM32F4xx_HAL_Driver/Src/stm32f4xx_hal_i2c.o
 .text.I2C_WaitOnMasterAddressFlagUntilTimeout
                0x08006a58      0x140 ./Drivers/STM32F4xx_HAL_Driver/Src/stm32f4xx_hal_i2c.o
 .text.I2C_WaitOnTXEFlagUntilTimeout
                0x08006b98       0x90 ./Drivers/STM32F4xx_HAL_Driver/Src/stm32f4xx_hal_i2c.o
 .text.I2C_WaitOnBTFFlagUntilTimeout
                0x08006c28       0x90 ./Drivers/STM32F4xx_HAL_Driver/Src/stm32f4xx_hal_i2c.o
 .text.I2C_WaitOnRXNEFlagUntilTimeout
                0x08006cb8       0xba ./Drivers/STM32F4xx_HAL_Driver/Src/stm32f4xx_hal_i2c.o
 .text.I2C_IsAcknowledgeFailed
                0x08006d72       0x5e ./Drivers/STM32F4xx_HAL_Driver/Src/stm32f4xx_hal_i2c.o
 .text.HAL_I2CEx_ConfigAnalogFilter
                0x08006dd0       0x78 ./Drivers/STM32F4xx_HAL_Driver/Src/stm32f4xx_hal_i2c_ex.o
                0x08006dd0                HAL_I2CEx_ConfigAnalogFilter
 .text.HAL_I2CEx_ConfigDigitalFilter
                0x08006e48       0x7e ./Drivers/STM32F4xx_HAL_Driver/Src/stm32f4xx_hal_i2c_ex.o
                0x08006e48                HAL_I2CEx_ConfigDigitalFilter
 *fill*         0x08006ec6        0x2 
 .text.HAL_LTDC_Init
                0x08006ec8      0x1a0 ./Drivers/STM32F4xx_HAL_Driver/Src/stm32f4xx_hal_ltdc.o
                0x08006ec8                HAL_LTDC_Init
 .text.HAL_LTDC_ConfigLayer
                0x08007068       0x7c ./Drivers/STM32F4xx_HAL_Driver/Src/stm32f4xx_hal_ltdc.o
                0x08007068                HAL_LTDC_ConfigLayer
 .text.LTDC_SetConfig
                0x080070e4      0x32e ./Drivers/STM32F4xx_HAL_Driver/Src/stm32f4xx_hal_ltdc.o
 *fill*         0x08007412        0x2 
 .text.HAL_RCC_OscConfig
                0x08007414      0x4f0 ./Drivers/STM32F4xx_HAL_Driver/Src/stm32f4xx_hal_rcc.o
                0x08007414                HAL_RCC_OscConfig
 .text.HAL_RCC_ClockConfig
                0x08007904      0x1cc ./Drivers/STM32F4xx_HAL_Driver/Src/stm32f4xx_hal_rcc.o
                0x08007904                HAL_RCC_ClockConfig
 .text.HAL_RCC_GetSysClockFreq
                0x08007ad0      0x20c ./Drivers/STM32F4xx_HAL_Driver/Src/stm32f4xx_hal_rcc.o
                0x08007ad0                HAL_RCC_GetSysClockFreq
 .text.HAL_RCC_GetHCLKFreq
                0x08007cdc       0x18 ./Drivers/STM32F4xx_HAL_Driver/Src/stm32f4xx_hal_rcc.o
                0x08007cdc                HAL_RCC_GetHCLKFreq
 .text.HAL_RCC_GetPCLK1Freq
                0x08007cf4       0x28 ./Drivers/STM32F4xx_HAL_Driver/Src/stm32f4xx_hal_rcc.o
                0x08007cf4                HAL_RCC_GetPCLK1Freq
 .text.HAL_RCCEx_PeriphCLKConfig
                0x08007d1c      0x380 ./Drivers/STM32F4xx_HAL_Driver/Src/stm32f4xx_hal_rcc_ex.o
                0x08007d1c                HAL_RCCEx_PeriphCLKConfig
 .text.HAL_RNG_Init
                0x0800809c       0x54 ./Drivers/STM32F4xx_HAL_Driver/Src/stm32f4xx_hal_rng.o
                0x0800809c                HAL_RNG_Init
 .text.HAL_RNG_GenerateRandomNumber
                0x080080f0       0xac ./Drivers/STM32F4xx_HAL_Driver/Src/stm32f4xx_hal_rng.o
                0x080080f0                HAL_RNG_GenerateRandomNumber
 .text.HAL_SPI_Init
                0x0800819c      0x112 ./Drivers/STM32F4xx_HAL_Driver/Src/stm32f4xx_hal_spi.o
                0x0800819c                HAL_SPI_Init
 .text.HAL_SPI_DeInit
                0x080082ae       0x50 ./Drivers/STM32F4xx_HAL_Driver/Src/stm32f4xx_hal_spi.o
                0x080082ae                HAL_SPI_DeInit
 .text.HAL_SPI_Transmit
                0x080082fe      0x288 ./Drivers/STM32F4xx_HAL_Driver/Src/stm32f4xx_hal_spi.o
                0x080082fe                HAL_SPI_Transmit
 .text.HAL_SPI_GetState
                0x08008586       0x1c ./Drivers/STM32F4xx_HAL_Driver/Src/stm32f4xx_hal_spi.o
                0x08008586                HAL_SPI_GetState
 *fill*         0x080085a2        0x2 
 .text.SPI_WaitFlagStateUntilTimeout
                0x080085a4      0x110 ./Drivers/STM32F4xx_HAL_Driver/Src/stm32f4xx_hal_spi.o
 .text.SPI_EndRxTxTransaction
                0x080086b4       0xa8 ./Drivers/STM32F4xx_HAL_Driver/Src/stm32f4xx_hal_spi.o
 .text.HAL_TIM_Base_Init
                0x0800875c       0x9e ./Drivers/STM32F4xx_HAL_Driver/Src/stm32f4xx_hal_tim.o
                0x0800875c                HAL_TIM_Base_Init
 *fill*         0x080087fa        0x2 
 .text.HAL_TIM_Base_Start_IT
                0x080087fc       0xe0 ./Drivers/STM32F4xx_HAL_Driver/Src/stm32f4xx_hal_tim.o
                0x080087fc                HAL_TIM_Base_Start_IT
 .text.TIM_Base_SetConfig
                0x080088dc      0x158 ./Drivers/STM32F4xx_HAL_Driver/Src/stm32f4xx_hal_tim.o
                0x080088dc                TIM_Base_SetConfig
 .text.HAL_TIMEx_MasterConfigSynchronization
                0x08008a34       0xf8 ./Drivers/STM32F4xx_HAL_Driver/Src/stm32f4xx_hal_tim_ex.o
                0x08008a34                HAL_TIMEx_MasterConfigSynchronization
 .text.memset   0x08008b2c       0x10 C:/ST/STM32CubeIDE_1.16.0/STM32CubeIDE/plugins/com.st.stm32cube.ide.mcu.externaltools.gnu-tools-for-stm32.12.3.rel1.win32_1.0.200.202406191623/tools/bin/../lib/gcc/arm-none-eabi/12.3.1/../../../../arm-none-eabi/lib/thumb/v7e-m+fp/hard\libc_nano.a(libc_a-memset.o)
                0x08008b2c                memset
 .text.__libc_init_array
                0x08008b3c       0x48 C:/ST/STM32CubeIDE_1.16.0/STM32CubeIDE/plugins/com.st.stm32cube.ide.mcu.externaltools.gnu-tools-for-stm32.12.3.rel1.win32_1.0.200.202406191623/tools/bin/../lib/gcc/arm-none-eabi/12.3.1/../../../../arm-none-eabi/lib/thumb/v7e-m+fp/hard\libc_nano.a(libc_a-init.o)
                0x08008b3c                __libc_init_array
 .text.memcpy   0x08008b84       0x1c C:/ST/STM32CubeIDE_1.16.0/STM32CubeIDE/plugins/com.st.stm32cube.ide.mcu.externaltools.gnu-tools-for-stm32.12.3.rel1.win32_1.0.200.202406191623/tools/bin/../lib/gcc/arm-none-eabi/12.3.1/../../../../arm-none-eabi/lib/thumb/v7e-m+fp/hard\libc_nano.a(libc_a-memcpy-stub.o)
                0x08008b84                memcpy
 *(.glue_7)
 .glue_7        0x08008ba0        0x0 linker stubs
 *(.glue_7t)
 .glue_7t       0x08008ba0        0x0 linker stubs
 *(.eh_frame)
 .eh_frame      0x08008ba0        0x0 C:/ST/STM32CubeIDE_1.16.0/STM32CubeIDE/plugins/com.st.stm32cube.ide.mcu.externaltools.gnu-tools-for-stm32.12.3.rel1.win32_1.0.200.202406191623/tools/bin/../lib/gcc/arm-none-eabi/12.3.1/thumb/v7e-m+fp/hard/crtbegin.o
 *(.init)
 .init          0x08008ba0        0x4 C:/ST/STM32CubeIDE_1.16.0/STM32CubeIDE/plugins/com.st.stm32cube.ide.mcu.externaltools.gnu-tools-for-stm32.12.3.rel1.win32_1.0.200.202406191623/tools/bin/../lib/gcc/arm-none-eabi/12.3.1/thumb/v7e-m+fp/hard/crti.o
                0x08008ba0                _init
 .init          0x08008ba4        0x8 C:/ST/STM32CubeIDE_1.16.0/STM32CubeIDE/plugins/com.st.stm32cube.ide.mcu.externaltools.gnu-tools-for-stm32.12.3.rel1.win32_1.0.200.202406191623/tools/bin/../lib/gcc/arm-none-eabi/12.3.1/thumb/v7e-m+fp/hard/crtn.o
 *(.fini)
 .fini          0x08008bac        0x4 C:/ST/STM32CubeIDE_1.16.0/STM32CubeIDE/plugins/com.st.stm32cube.ide.mcu.externaltools.gnu-tools-for-stm32.12.3.rel1.win32_1.0.200.202406191623/tools/bin/../lib/gcc/arm-none-eabi/12.3.1/thumb/v7e-m+fp/hard/crti.o
                0x08008bac                _fini
 .fini          0x08008bb0        0x8 C:/ST/STM32CubeIDE_1.16.0/STM32CubeIDE/plugins/com.st.stm32cube.ide.mcu.externaltools.gnu-tools-for-stm32.12.3.rel1.win32_1.0.200.202406191623/tools/bin/../lib/gcc/arm-none-eabi/12.3.1/thumb/v7e-m+fp/hard/crtn.o
                0x08008bb8                        . = ALIGN (0x4)
                0x08008bb8                        _etext = .

.vfp11_veneer   0x08008bb8        0x0
 .vfp11_veneer  0x08008bb8        0x0 linker stubs

.v4_bx          0x08008bb8        0x0
 .v4_bx         0x08008bb8        0x0 linker stubs

.iplt           0x08008bb8        0x0
 .iplt          0x08008bb8        0x0 C:/ST/STM32CubeIDE_1.16.0/STM32CubeIDE/plugins/com.st.stm32cube.ide.mcu.externaltools.gnu-tools-for-stm32.12.3.rel1.win32_1.0.200.202406191623/tools/bin/../lib/gcc/arm-none-eabi/12.3.1/thumb/v7e-m+fp/hard/crtbegin.o

.rodata         0x08008bb8     0x1bd4
                0x08008bb8                        . = ALIGN (0x4)
 *(.rodata)
 .rodata        0x08008bb8       0xe9 ./Core/Src/BlockDriver.o
 *(.rodata*)
 *fill*         0x08008ca1        0x3 
 .rodata.ASCII16x24_Table
                0x08008ca4     0x11d0 ./Core/Src/fonts.o
                0x08008ca4                ASCII16x24_Table
 .rodata.ASCII12x12_Table
                0x08009e74      0x900 ./Core/Src/fonts.o
                0x08009e74                ASCII12x12_Table
 .rodata.AHBPrescTable
                0x0800a774       0x10 ./Core/Src/system_stm32f4xx.o
                0x0800a774                AHBPrescTable
 .rodata.APBPrescTable
                0x0800a784        0x8 ./Core/Src/system_stm32f4xx.o
                0x0800a784                APBPrescTable
                0x0800a78c                        . = ALIGN (0x4)

.ARM.extab      0x0800a78c        0x0
                0x0800a78c                        . = ALIGN (0x4)
 *(.ARM.extab* .gnu.linkonce.armextab.*)
                0x0800a78c                        . = ALIGN (0x4)

.ARM            0x0800a78c        0x8
                0x0800a78c                        . = ALIGN (0x4)
                0x0800a78c                        __exidx_start = .
 *(.ARM.exidx*)
 .ARM.exidx     0x0800a78c        0x8 C:/ST/STM32CubeIDE_1.16.0/STM32CubeIDE/plugins/com.st.stm32cube.ide.mcu.externaltools.gnu-tools-for-stm32.12.3.rel1.win32_1.0.200.202406191623/tools/bin/../lib/gcc/arm-none-eabi/12.3.1/thumb/v7e-m+fp/hard\libgcc.a(_udivmoddi4.o)
                0x0800a794                        __exidx_end = .
                0x0800a794                        . = ALIGN (0x4)

.preinit_array  0x0800a794        0x0
                0x0800a794                        . = ALIGN (0x4)
                0x0800a794                        PROVIDE (__preinit_array_start = .)
 *(.preinit_array*)
                0x0800a794                        PROVIDE (__preinit_array_end = .)
                0x0800a794                        . = ALIGN (0x4)

.init_array     0x0800a794        0x4
                0x0800a794                        . = ALIGN (0x4)
                0x0800a794                        PROVIDE (__init_array_start = .)
 *(SORT_BY_NAME(.init_array.*))
 *(.init_array*)
 .init_array    0x0800a794        0x4 C:/ST/STM32CubeIDE_1.16.0/STM32CubeIDE/plugins/com.st.stm32cube.ide.mcu.externaltools.gnu-tools-for-stm32.12.3.rel1.win32_1.0.200.202406191623/tools/bin/../lib/gcc/arm-none-eabi/12.3.1/thumb/v7e-m+fp/hard/crtbegin.o
                0x0800a798                        PROVIDE (__init_array_end = .)
                0x0800a798                        . = ALIGN (0x4)

.fini_array     0x0800a798        0x4
                0x0800a798                        . = ALIGN (0x4)
                [!provide]                        PROVIDE (__fini_array_start = .)
 *(SORT_BY_NAME(.fini_array.*))
 *(.fini_array*)
 .fini_array    0x0800a798        0x4 C:/ST/STM32CubeIDE_1.16.0/STM32CubeIDE/plugins/com.st.stm32cube.ide.mcu.externaltools.gnu-tools-for-stm32.12.3.rel1.win32_1.0.200.202406191623/tools/bin/../lib/gcc/arm-none-eabi/12.3.1/thumb/v7e-m+fp/hard/crtbegin.o
                [!provide]                        PROVIDE (__fini_array_end = .)
                0x0800a79c                        . = ALIGN (0x4)
                0x0800a79c                        _sidata = LOADADDR (.data)

.rel.dyn        0x0800a79c        0x0
 .rel.iplt      0x0800a79c        0x0 C:/ST/STM32CubeIDE_1.16.0/STM32CubeIDE/plugins/com.st.stm32cube.ide.mcu.externaltools.gnu-tools-for-stm32.12.3.rel1.win32_1.0.200.202406191623/tools/bin/../lib/gcc/arm-none-eabi/12.3.1/thumb/v7e-m+fp/hard/crtbegin.o

.data           0x20000000       0x24 load address 0x0800a79c
                0x20000000                        . = ALIGN (0x4)
                0x20000000                        _sdata = .
 *(.data)
 *(.data*)
 .data.CurrentTextColor
                0x20000000        0x2 ./Core/Src/LCD_Driver.o
 *fill*         0x20000002        0x2 
 .data.Font16x24
                0x20000004        0x8 ./Core/Src/fonts.o
                0x20000004                Font16x24
 .data.Font12x12
                0x2000000c        0x8 ./Core/Src/fonts.o
                0x2000000c                Font12x12
 .data.SpiTimeout
                0x20000014        0x4 ./Core/Src/ili9341.o
                0x20000014                SpiTimeout
 .data.SystemCoreClock
                0x20000018        0x4 ./Core/Src/system_stm32f4xx.o
                0x20000018                SystemCoreClock
 .data.uwTickPrio
                0x2000001c        0x4 ./Drivers/STM32F4xx_HAL_Driver/Src/stm32f4xx_hal.o
                0x2000001c                uwTickPrio
 .data.uwTickFreq
                0x20000020        0x1 ./Drivers/STM32F4xx_HAL_Driver/Src/stm32f4xx_hal.o
                0x20000020                uwTickFreq
 *(.RamFunc)
 *(.RamFunc*)
                0x20000024                        . = ALIGN (0x4)
 *fill*         0x20000021        0x3 
                0x20000024                        _edata = .
                0x0800a7c0                        _siccmram = LOADADDR (.ccmram)

.igot.plt       0x20000024        0x0 load address 0x0800a7c0
 .igot.plt      0x20000024        0x0 C:/ST/STM32CubeIDE_1.16.0/STM32CubeIDE/plugins/com.st.stm32cube.ide.mcu.externaltools.gnu-tools-for-stm32.12.3.rel1.win32_1.0.200.202406191623/tools/bin/../lib/gcc/arm-none-eabi/12.3.1/thumb/v7e-m+fp/hard/crtbegin.o

.ccmram         0x10000000        0x0 load address 0x0800a7c0
                0x10000000                        . = ALIGN (0x4)
                0x10000000                        _sccmram = .
 *(.ccmram)
 *(.ccmram*)
                0x10000000                        . = ALIGN (0x4)
                0x10000000                        _eccmram = .
                0x10000000                        . = ALIGN (0x4)

.bss            0x20000024    0x25de4
                0x20000024                        _sbss = .
                0x20000024                        __bss_start__ = _sbss
 *(.bss)
 .bss           0x20000024       0x1c C:/ST/STM32CubeIDE_1.16.0/STM32CubeIDE/plugins/com.st.stm32cube.ide.mcu.externaltools.gnu-tools-for-stm32.12.3.rel1.win32_1.0.200.202406191623/tools/bin/../lib/gcc/arm-none-eabi/12.3.1/thumb/v7e-m+fp/hard/crtbegin.o
 *(.bss*)
 .bss.htim7     0x20000040       0x48 ./Core/Src/ApplicationCode.o
                0x20000040                htim7
 .bss.StaticTouchData
                0x20000088        0x8 ./Core/Src/ApplicationCode.o
 .bss.LCDTouchIRQ
                0x20000090        0x8 ./Core/Src/ApplicationCode.o
 .bss.statusFlag
                0x20000098        0x1 ./Core/Src/ApplicationCode.o
 *fill*         0x20000099        0x3 
 .bss.count.0   0x2000009c        0x4 ./Core/Src/ApplicationCode.o
 .bss.hrng      0x200000a0       0x10 ./Core/Src/BlockDriver.o
 .bss.hltdc     0x200000b0       0xa8 ./Core/Src/LCD_Driver.o
 .bss.PeriphClkInitStruct
                0x20000158       0x30 ./Core/Src/LCD_Driver.o
 .bss.LCD_Currentfonts
                0x20000188        0x4 ./Core/Src/LCD_Driver.o
 .bss.frameBuffer
                0x2000018c    0x25800 ./Core/Src/LCD_Driver.o
                0x2000018c                frameBuffer
 .bss.block     0x2002598c       0x34 ./Core/Src/game.o
 .bss.map       0x200259c0      0x236 ./Core/Src/game.o
 .bss.game_started
                0x20025bf6        0x1 ./Core/Src/game.o
 .bss.singles   0x20025bf7        0x1 ./Core/Src/game.o
 .bss.doubles   0x20025bf8        0x1 ./Core/Src/game.o
 .bss.triples   0x20025bf9        0x1 ./Core/Src/game.o
 .bss.tetris    0x20025bfa        0x1 ./Core/Src/game.o
 *fill*         0x20025bfb        0x1 
 .bss.SpiHandle
                0x20025bfc       0x58 ./Core/Src/ili9341.o
 .bss.Is_LCD_IO_Initialized
                0x20025c54        0x1 ./Core/Src/ili9341.o
 *fill*         0x20025c55        0x3 
 .bss.hi2c3     0x20025c58       0x54 ./Core/Src/main.o
                0x20025c58                hi2c3
 .bss.hltdc     0x20025cac       0xa8 ./Core/Src/main.o
                0x20025cac                hltdc
 .bss.hspi5     0x20025d54       0x58 ./Core/Src/main.o
                0x20025d54                hspi5
 .bss.hI2C3     0x20025dac       0x54 ./Core/Src/stmpe811.o
 .bss.HAL_status
                0x20025e00        0x1 ./Core/Src/stmpe811.o
 *fill*         0x20025e01        0x3 
 .bss.uwTick    0x20025e04        0x4 ./Drivers/STM32F4xx_HAL_Driver/Src/stm32f4xx_hal.o
                0x20025e04                uwTick
 *(COMMON)
                0x20025e08                        . = ALIGN (0x4)
                0x20025e08                        _ebss = .
                0x20025e08                        __bss_end__ = _ebss

._user_heap_stack
                0x20025e08      0x600
                0x20025e08                        . = ALIGN (0x8)
                [!provide]                        PROVIDE (end = .)
                0x20025e08                        PROVIDE (_end = .)
                0x20026008                        . = (. + _Min_Heap_Size)
 *fill*         0x20025e08      0x200 
                0x20026408                        . = (. + _Min_Stack_Size)
 *fill*         0x20026008      0x400 
                0x20026408                        . = ALIGN (0x8)

/DISCARD/
 libc.a(*)
 libm.a(*)
 libgcc.a(*)

.ARM.attributes
                0x00000000       0x30
 *(.ARM.attributes)
 .ARM.attributes
                0x00000000       0x22 C:/ST/STM32CubeIDE_1.16.0/STM32CubeIDE/plugins/com.st.stm32cube.ide.mcu.externaltools.gnu-tools-for-stm32.12.3.rel1.win32_1.0.200.202406191623/tools/bin/../lib/gcc/arm-none-eabi/12.3.1/thumb/v7e-m+fp/hard/crti.o
 .ARM.attributes
                0x00000022       0x34 C:/ST/STM32CubeIDE_1.16.0/STM32CubeIDE/plugins/com.st.stm32cube.ide.mcu.externaltools.gnu-tools-for-stm32.12.3.rel1.win32_1.0.200.202406191623/tools/bin/../lib/gcc/arm-none-eabi/12.3.1/thumb/v7e-m+fp/hard/crtbegin.o
 .ARM.attributes
                0x00000056       0x34 ./Core/Src/ApplicationCode.o
 .ARM.attributes
                0x0000008a       0x34 ./Core/Src/BlockDriver.o
 .ARM.attributes
                0x000000be       0x34 ./Core/Src/Button_Driver.o
 .ARM.attributes
                0x000000f2       0x34 ./Core/Src/ErrorHandling.o
 .ARM.attributes
                0x00000126       0x34 ./Core/Src/LCD_Driver.o
 .ARM.attributes
                0x0000015a       0x34 ./Core/Src/fonts.o
 .ARM.attributes
                0x0000018e       0x34 ./Core/Src/game.o
 .ARM.attributes
                0x000001c2       0x34 ./Core/Src/ili9341.o
 .ARM.attributes
                0x000001f6       0x34 ./Core/Src/main.o
 .ARM.attributes
                0x0000022a       0x34 ./Core/Src/stm32f4xx_hal_msp.o
 .ARM.attributes
                0x0000025e       0x34 ./Core/Src/stm32f4xx_it.o
 .ARM.attributes
                0x00000292       0x34 ./Core/Src/stmpe811.o
 .ARM.attributes
                0x000002c6       0x34 ./Core/Src/syscalls.o
 .ARM.attributes
                0x000002fa       0x34 ./Core/Src/system_stm32f4xx.o
 .ARM.attributes
                0x0000032e       0x21 ./Core/Startup/startup_stm32f429zitx.o
 .ARM.attributes
                0x0000034f       0x34 ./Drivers/STM32F4xx_HAL_Driver/Src/stm32f4xx_hal.o
 .ARM.attributes
                0x00000383       0x34 ./Drivers/STM32F4xx_HAL_Driver/Src/stm32f4xx_hal_cortex.o
 .ARM.attributes
                0x000003b7       0x34 ./Drivers/STM32F4xx_HAL_Driver/Src/stm32f4xx_hal_exti.o
 .ARM.attributes
                0x000003eb       0x34 ./Drivers/STM32F4xx_HAL_Driver/Src/stm32f4xx_hal_gpio.o
 .ARM.attributes
                0x0000041f       0x34 ./Drivers/STM32F4xx_HAL_Driver/Src/stm32f4xx_hal_i2c.o
 .ARM.attributes
                0x00000453       0x34 ./Drivers/STM32F4xx_HAL_Driver/Src/stm32f4xx_hal_i2c_ex.o
 .ARM.attributes
                0x00000487       0x34 ./Drivers/STM32F4xx_HAL_Driver/Src/stm32f4xx_hal_ltdc.o
 .ARM.attributes
                0x000004bb       0x34 ./Drivers/STM32F4xx_HAL_Driver/Src/stm32f4xx_hal_rcc.o
 .ARM.attributes
                0x000004ef       0x34 ./Drivers/STM32F4xx_HAL_Driver/Src/stm32f4xx_hal_rcc_ex.o
 .ARM.attributes
                0x00000523       0x34 ./Drivers/STM32F4xx_HAL_Driver/Src/stm32f4xx_hal_rng.o
 .ARM.attributes
                0x00000557       0x34 ./Drivers/STM32F4xx_HAL_Driver/Src/stm32f4xx_hal_spi.o
 .ARM.attributes
                0x0000058b       0x34 ./Drivers/STM32F4xx_HAL_Driver/Src/stm32f4xx_hal_tim.o
 .ARM.attributes
                0x000005bf       0x34 ./Drivers/STM32F4xx_HAL_Driver/Src/stm32f4xx_hal_tim_ex.o
 .ARM.attributes
                0x000005f3       0x34 C:/ST/STM32CubeIDE_1.16.0/STM32CubeIDE/plugins/com.st.stm32cube.ide.mcu.externaltools.gnu-tools-for-stm32.12.3.rel1.win32_1.0.200.202406191623/tools/bin/../lib/gcc/arm-none-eabi/12.3.1/../../../../arm-none-eabi/lib/thumb/v7e-m+fp/hard\libc_nano.a(libc_a-memset.o)
 .ARM.attributes
                0x00000627       0x34 C:/ST/STM32CubeIDE_1.16.0/STM32CubeIDE/plugins/com.st.stm32cube.ide.mcu.externaltools.gnu-tools-for-stm32.12.3.rel1.win32_1.0.200.202406191623/tools/bin/../lib/gcc/arm-none-eabi/12.3.1/../../../../arm-none-eabi/lib/thumb/v7e-m+fp/hard\libc_nano.a(libc_a-init.o)
 .ARM.attributes
                0x0000065b       0x34 C:/ST/STM32CubeIDE_1.16.0/STM32CubeIDE/plugins/com.st.stm32cube.ide.mcu.externaltools.gnu-tools-for-stm32.12.3.rel1.win32_1.0.200.202406191623/tools/bin/../lib/gcc/arm-none-eabi/12.3.1/../../../../arm-none-eabi/lib/thumb/v7e-m+fp/hard\libc_nano.a(libc_a-memcpy-stub.o)
 .ARM.attributes
                0x0000068f       0x22 C:/ST/STM32CubeIDE_1.16.0/STM32CubeIDE/plugins/com.st.stm32cube.ide.mcu.externaltools.gnu-tools-for-stm32.12.3.rel1.win32_1.0.200.202406191623/tools/bin/../lib/gcc/arm-none-eabi/12.3.1/thumb/v7e-m+fp/hard\libgcc.a(_aeabi_uldivmod.o)
 .ARM.attributes
                0x000006b1       0x34 C:/ST/STM32CubeIDE_1.16.0/STM32CubeIDE/plugins/com.st.stm32cube.ide.mcu.externaltools.gnu-tools-for-stm32.12.3.rel1.win32_1.0.200.202406191623/tools/bin/../lib/gcc/arm-none-eabi/12.3.1/thumb/v7e-m+fp/hard\libgcc.a(_udivmoddi4.o)
 .ARM.attributes
                0x000006e5       0x22 C:/ST/STM32CubeIDE_1.16.0/STM32CubeIDE/plugins/com.st.stm32cube.ide.mcu.externaltools.gnu-tools-for-stm32.12.3.rel1.win32_1.0.200.202406191623/tools/bin/../lib/gcc/arm-none-eabi/12.3.1/thumb/v7e-m+fp/hard\libgcc.a(_dvmd_tls.o)
 .ARM.attributes
                0x00000707       0x22 C:/ST/STM32CubeIDE_1.16.0/STM32CubeIDE/plugins/com.st.stm32cube.ide.mcu.externaltools.gnu-tools-for-stm32.12.3.rel1.win32_1.0.200.202406191623/tools/bin/../lib/gcc/arm-none-eabi/12.3.1/thumb/v7e-m+fp/hard/crtn.o
OUTPUT(DAllenFinal.elf elf32-littlearm)
LOAD linker stubs
LOAD C:/ST/STM32CubeIDE_1.16.0/STM32CubeIDE/plugins/com.st.stm32cube.ide.mcu.externaltools.gnu-tools-for-stm32.12.3.rel1.win32_1.0.200.202406191623/tools/bin/../lib/gcc/arm-none-eabi/12.3.1/../../../../arm-none-eabi/lib/thumb/v7e-m+fp/hard\libc.a
LOAD C:/ST/STM32CubeIDE_1.16.0/STM32CubeIDE/plugins/com.st.stm32cube.ide.mcu.externaltools.gnu-tools-for-stm32.12.3.rel1.win32_1.0.200.202406191623/tools/bin/../lib/gcc/arm-none-eabi/12.3.1/../../../../arm-none-eabi/lib/thumb/v7e-m+fp/hard\libm.a
LOAD C:/ST/STM32CubeIDE_1.16.0/STM32CubeIDE/plugins/com.st.stm32cube.ide.mcu.externaltools.gnu-tools-for-stm32.12.3.rel1.win32_1.0.200.202406191623/tools/bin/../lib/gcc/arm-none-eabi/12.3.1/thumb/v7e-m+fp/hard\libgcc.a

.debug_info     0x00000000    0x1605d
 .debug_info    0x00000000     0x1061 ./Core/Src/ApplicationCode.o
 .debug_info    0x00001061     0x1670 ./Core/Src/BlockDriver.o
 .debug_info    0x000026d1      0x685 ./Core/Src/Button_Driver.o
 .debug_info    0x00002d56       0xe5 ./Core/Src/ErrorHandling.o
 .debug_info    0x00002e3b     0x101e ./Core/Src/LCD_Driver.o
 .debug_info    0x00003e59      0x145 ./Core/Src/fonts.o
 .debug_info    0x00003f9e      0x4a1 ./Core/Src/game.o
 .debug_info    0x0000443f      0xc85 ./Core/Src/ili9341.o
 .debug_info    0x000050c4     0x1353 ./Core/Src/main.o
 .debug_info    0x00006417     0x17bd ./Core/Src/stm32f4xx_hal_msp.o
 .debug_info    0x00007bd4      0x119 ./Core/Src/stm32f4xx_it.o
 .debug_info    0x00007ced     0x122c ./Core/Src/stmpe811.o
 .debug_info    0x00008f19      0x6a3 ./Core/Src/syscalls.o
 .debug_info    0x000095bc      0x52e ./Core/Src/system_stm32f4xx.o
 .debug_info    0x00009aea       0x30 ./Core/Startup/startup_stm32f429zitx.o
 .debug_info    0x00009b1a      0x9ba ./Drivers/STM32F4xx_HAL_Driver/Src/stm32f4xx_hal.o
 .debug_info    0x0000a4d4      0xdc2 ./Drivers/STM32F4xx_HAL_Driver/Src/stm32f4xx_hal_cortex.o
 .debug_info    0x0000b296      0x4f4 ./Drivers/STM32F4xx_HAL_Driver/Src/stm32f4xx_hal_exti.o
 .debug_info    0x0000b78a      0x6db ./Drivers/STM32F4xx_HAL_Driver/Src/stm32f4xx_hal_gpio.o
 .debug_info    0x0000be65     0x2421 ./Drivers/STM32F4xx_HAL_Driver/Src/stm32f4xx_hal_i2c.o
 .debug_info    0x0000e286      0x672 ./Drivers/STM32F4xx_HAL_Driver/Src/stm32f4xx_hal_i2c_ex.o
 .debug_info    0x0000e8f8     0x1022 ./Drivers/STM32F4xx_HAL_Driver/Src/stm32f4xx_hal_ltdc.o
 .debug_info    0x0000f91a      0x8c7 ./Drivers/STM32F4xx_HAL_Driver/Src/stm32f4xx_hal_rcc.o
 .debug_info    0x000101e1      0x64c ./Drivers/STM32F4xx_HAL_Driver/Src/stm32f4xx_hal_rcc_ex.o
 .debug_info    0x0001082d      0x493 ./Drivers/STM32F4xx_HAL_Driver/Src/stm32f4xx_hal_rng.o
 .debug_info    0x00010cc0     0x1525 ./Drivers/STM32F4xx_HAL_Driver/Src/stm32f4xx_hal_spi.o
 .debug_info    0x000121e5     0x299d ./Drivers/STM32F4xx_HAL_Driver/Src/stm32f4xx_hal_tim.o
 .debug_info    0x00014b82     0x14db ./Drivers/STM32F4xx_HAL_Driver/Src/stm32f4xx_hal_tim_ex.o

.debug_abbrev   0x00000000     0x38f5
 .debug_abbrev  0x00000000      0x293 ./Core/Src/ApplicationCode.o
 .debug_abbrev  0x00000293      0x351 ./Core/Src/BlockDriver.o
 .debug_abbrev  0x000005e4      0x196 ./Core/Src/Button_Driver.o
 .debug_abbrev  0x0000077a       0x96 ./Core/Src/ErrorHandling.o
 .debug_abbrev  0x00000810      0x32a ./Core/Src/LCD_Driver.o
 .debug_abbrev  0x00000b3a       0xc6 ./Core/Src/fonts.o
 .debug_abbrev  0x00000c00      0x1f2 ./Core/Src/game.o
 .debug_abbrev  0x00000df2      0x2c9 ./Core/Src/ili9341.o
 .debug_abbrev  0x000010bb      0x2b5 ./Core/Src/main.o
 .debug_abbrev  0x00001370      0x25c ./Core/Src/stm32f4xx_hal_msp.o
 .debug_abbrev  0x000015cc       0x73 ./Core/Src/stm32f4xx_it.o
 .debug_abbrev  0x0000163f      0x320 ./Core/Src/stmpe811.o
 .debug_abbrev  0x0000195f      0x1b6 ./Core/Src/syscalls.o
 .debug_abbrev  0x00001b15      0x11a ./Core/Src/system_stm32f4xx.o
 .debug_abbrev  0x00001c2f       0x24 ./Core/Startup/startup_stm32f429zitx.o
 .debug_abbrev  0x00001c53      0x214 ./Drivers/STM32F4xx_HAL_Driver/Src/stm32f4xx_hal.o
 .debug_abbrev  0x00001e67      0x31d ./Drivers/STM32F4xx_HAL_Driver/Src/stm32f4xx_hal_cortex.o
 .debug_abbrev  0x00002184      0x1c6 ./Drivers/STM32F4xx_HAL_Driver/Src/stm32f4xx_hal_exti.o
 .debug_abbrev  0x0000234a      0x1d4 ./Drivers/STM32F4xx_HAL_Driver/Src/stm32f4xx_hal_gpio.o
 .debug_abbrev  0x0000251e      0x2ad ./Drivers/STM32F4xx_HAL_Driver/Src/stm32f4xx_hal_i2c.o
 .debug_abbrev  0x000027cb      0x157 ./Drivers/STM32F4xx_HAL_Driver/Src/stm32f4xx_hal_i2c_ex.o
 .debug_abbrev  0x00002922      0x233 ./Drivers/STM32F4xx_HAL_Driver/Src/stm32f4xx_hal_ltdc.o
 .debug_abbrev  0x00002b55      0x2b7 ./Drivers/STM32F4xx_HAL_Driver/Src/stm32f4xx_hal_rcc.o
 .debug_abbrev  0x00002e0c      0x1b0 ./Drivers/STM32F4xx_HAL_Driver/Src/stm32f4xx_hal_rcc_ex.o
 .debug_abbrev  0x00002fbc      0x1c4 ./Drivers/STM32F4xx_HAL_Driver/Src/stm32f4xx_hal_rng.o
 .debug_abbrev  0x00003180      0x27a ./Drivers/STM32F4xx_HAL_Driver/Src/stm32f4xx_hal_spi.o
 .debug_abbrev  0x000033fa      0x278 ./Drivers/STM32F4xx_HAL_Driver/Src/stm32f4xx_hal_tim.o
 .debug_abbrev  0x00003672      0x283 ./Drivers/STM32F4xx_HAL_Driver/Src/stm32f4xx_hal_tim_ex.o

.debug_aranges  0x00000000     0x1560
 .debug_aranges
                0x00000000       0x60 ./Core/Src/ApplicationCode.o
 .debug_aranges
                0x00000060       0xc8 ./Core/Src/BlockDriver.o
 .debug_aranges
                0x00000128       0x28 ./Core/Src/Button_Driver.o
 .debug_aranges
                0x00000150       0x20 ./Core/Src/ErrorHandling.o
 .debug_aranges
                0x00000170       0xb8 ./Core/Src/LCD_Driver.o
 .debug_aranges
                0x00000228       0x18 ./Core/Src/fonts.o
 .debug_aranges
                0x00000240       0x58 ./Core/Src/game.o
 .debug_aranges
                0x00000298       0x98 ./Core/Src/ili9341.o
 .debug_aranges
                0x00000330       0x50 ./Core/Src/main.o
 .debug_aranges
                0x00000380       0x70 ./Core/Src/stm32f4xx_hal_msp.o
 .debug_aranges
                0x000003f0       0x60 ./Core/Src/stm32f4xx_it.o
 .debug_aranges
                0x00000450       0x98 ./Core/Src/stmpe811.o
 .debug_aranges
                0x000004e8       0xa8 ./Core/Src/syscalls.o
 .debug_aranges
                0x00000590       0x28 ./Core/Src/system_stm32f4xx.o
 .debug_aranges
                0x000005b8       0x28 ./Core/Startup/startup_stm32f429zitx.o
 .debug_aranges
                0x000005e0      0x100 ./Drivers/STM32F4xx_HAL_Driver/Src/stm32f4xx_hal.o
 .debug_aranges
                0x000006e0      0x130 ./Drivers/STM32F4xx_HAL_Driver/Src/stm32f4xx_hal_cortex.o
 .debug_aranges
                0x00000810       0x60 ./Drivers/STM32F4xx_HAL_Driver/Src/stm32f4xx_hal_exti.o
 .debug_aranges
                0x00000870       0x58 ./Drivers/STM32F4xx_HAL_Driver/Src/stm32f4xx_hal_gpio.o
 .debug_aranges
                0x000008c8      0x2a8 ./Drivers/STM32F4xx_HAL_Driver/Src/stm32f4xx_hal_i2c.o
 .debug_aranges
                0x00000b70       0x28 ./Drivers/STM32F4xx_HAL_Driver/Src/stm32f4xx_hal_i2c_ex.o
 .debug_aranges
                0x00000b98      0x158 ./Drivers/STM32F4xx_HAL_Driver/Src/stm32f4xx_hal_ltdc.o
 .debug_aranges
                0x00000cf0       0x88 ./Drivers/STM32F4xx_HAL_Driver/Src/stm32f4xx_hal_rcc.o
 .debug_aranges
                0x00000d78       0x58 ./Drivers/STM32F4xx_HAL_Driver/Src/stm32f4xx_hal_rcc_ex.o
 .debug_aranges
                0x00000dd0       0x88 ./Drivers/STM32F4xx_HAL_Driver/Src/stm32f4xx_hal_rng.o
 .debug_aranges
                0x00000e58      0x1d0 ./Drivers/STM32F4xx_HAL_Driver/Src/stm32f4xx_hal_spi.o
 .debug_aranges
                0x00001028      0x3d0 ./Drivers/STM32F4xx_HAL_Driver/Src/stm32f4xx_hal_tim.o
 .debug_aranges
                0x000013f8      0x168 ./Drivers/STM32F4xx_HAL_Driver/Src/stm32f4xx_hal_tim_ex.o

.debug_rnglists
                0x00000000     0x1076
 .debug_rnglists
                0x00000000       0x44 ./Core/Src/ApplicationCode.o
 .debug_rnglists
                0x00000044       0xa2 ./Core/Src/BlockDriver.o
 .debug_rnglists
                0x000000e6       0x19 ./Core/Src/Button_Driver.o
 .debug_rnglists
                0x000000ff       0x13 ./Core/Src/ErrorHandling.o
 .debug_rnglists
                0x00000112       0x8b ./Core/Src/LCD_Driver.o
 .debug_rnglists
                0x0000019d       0x41 ./Core/Src/game.o
 .debug_rnglists
                0x000001de       0x6f ./Core/Src/ili9341.o
 .debug_rnglists
                0x0000024d       0x3b ./Core/Src/main.o
 .debug_rnglists
                0x00000288       0x53 ./Core/Src/stm32f4xx_hal_msp.o
 .debug_rnglists
                0x000002db       0x43 ./Core/Src/stm32f4xx_it.o
 .debug_rnglists
                0x0000031e       0x73 ./Core/Src/stmpe811.o
 .debug_rnglists
                0x00000391       0x79 ./Core/Src/syscalls.o
 .debug_rnglists
                0x0000040a       0x1a ./Core/Src/system_stm32f4xx.o
 .debug_rnglists
                0x00000424       0x19 ./Core/Startup/startup_stm32f429zitx.o
 .debug_rnglists
                0x0000043d       0xbb ./Drivers/STM32F4xx_HAL_Driver/Src/stm32f4xx_hal.o
 .debug_rnglists
                0x000004f8       0xe0 ./Drivers/STM32F4xx_HAL_Driver/Src/stm32f4xx_hal_cortex.o
 .debug_rnglists
                0x000005d8       0x46 ./Drivers/STM32F4xx_HAL_Driver/Src/stm32f4xx_hal_exti.o
 .debug_rnglists
                0x0000061e       0x3f ./Drivers/STM32F4xx_HAL_Driver/Src/stm32f4xx_hal_gpio.o
 .debug_rnglists
                0x0000065d      0x23c ./Drivers/STM32F4xx_HAL_Driver/Src/stm32f4xx_hal_i2c.o
 .debug_rnglists
                0x00000899       0x19 ./Drivers/STM32F4xx_HAL_Driver/Src/stm32f4xx_hal_i2c_ex.o
 .debug_rnglists
                0x000008b2      0x10a ./Drivers/STM32F4xx_HAL_Driver/Src/stm32f4xx_hal_ltdc.o
 .debug_rnglists
                0x000009bc       0x66 ./Drivers/STM32F4xx_HAL_Driver/Src/stm32f4xx_hal_rcc.o
 .debug_rnglists
                0x00000a22       0x43 ./Drivers/STM32F4xx_HAL_Driver/Src/stm32f4xx_hal_rcc_ex.o
 .debug_rnglists
                0x00000a65       0x63 ./Drivers/STM32F4xx_HAL_Driver/Src/stm32f4xx_hal_rng.o
 .debug_rnglists
                0x00000ac8      0x16f ./Drivers/STM32F4xx_HAL_Driver/Src/stm32f4xx_hal_spi.o
 .debug_rnglists
                0x00000c37      0x31a ./Drivers/STM32F4xx_HAL_Driver/Src/stm32f4xx_hal_tim.o
 .debug_rnglists
                0x00000f51      0x125 ./Drivers/STM32F4xx_HAL_Driver/Src/stm32f4xx_hal_tim_ex.o

.debug_macro    0x00000000    0x27825
 .debug_macro   0x00000000      0x35d ./Core/Src/ApplicationCode.o
 .debug_macro   0x0000035d      0xab4 ./Core/Src/ApplicationCode.o
 .debug_macro   0x00000e11      0x2ad ./Core/Src/ApplicationCode.o
 .debug_macro   0x000010be       0x2e ./Core/Src/ApplicationCode.o
 .debug_macro   0x000010ec       0x28 ./Core/Src/ApplicationCode.o
 .debug_macro   0x00001114       0x22 ./Core/Src/ApplicationCode.o
 .debug_macro   0x00001136       0x8e ./Core/Src/ApplicationCode.o
 .debug_macro   0x000011c4       0x51 ./Core/Src/ApplicationCode.o
 .debug_macro   0x00001215      0x103 ./Core/Src/ApplicationCode.o
 .debug_macro   0x00001318       0x6a ./Core/Src/ApplicationCode.o
 .debug_macro   0x00001382      0x1df ./Core/Src/ApplicationCode.o
 .debug_macro   0x00001561       0x1c ./Core/Src/ApplicationCode.o
 .debug_macro   0x0000157d       0x22 ./Core/Src/ApplicationCode.o
 .debug_macro   0x0000159f       0xfb ./Core/Src/ApplicationCode.o
 .debug_macro   0x0000169a     0x1011 ./Core/Src/ApplicationCode.o
 .debug_macro   0x000026ab      0x11f ./Core/Src/ApplicationCode.o
 .debug_macro   0x000027ca    0x17fd8 ./Core/Src/ApplicationCode.o
 .debug_macro   0x0001a7a2       0x6d ./Core/Src/ApplicationCode.o
 .debug_macro   0x0001a80f     0x3711 ./Core/Src/ApplicationCode.o
 .debug_macro   0x0001df20      0x189 ./Core/Src/ApplicationCode.o
 .debug_macro   0x0001e0a9       0x5c ./Core/Src/ApplicationCode.o
 .debug_macro   0x0001e105      0xcba ./Core/Src/ApplicationCode.o
 .debug_macro   0x0001edbf      0x9e9 ./Core/Src/ApplicationCode.o
 .debug_macro   0x0001f7a8      0x115 ./Core/Src/ApplicationCode.o
 .debug_macro   0x0001f8bd      0x156 ./Core/Src/ApplicationCode.o
 .debug_macro   0x0001fa13       0xa5 ./Core/Src/ApplicationCode.o
 .debug_macro   0x0001fab8      0x182 ./Core/Src/ApplicationCode.o
 .debug_macro   0x0001fc3a      0x287 ./Core/Src/ApplicationCode.o
 .debug_macro   0x0001fec1       0x5f ./Core/Src/ApplicationCode.o
 .debug_macro   0x0001ff20      0x236 ./Core/Src/ApplicationCode.o
 .debug_macro   0x00020156      0x132 ./Core/Src/ApplicationCode.o
 .debug_macro   0x00020288      0x41d ./Core/Src/ApplicationCode.o
 .debug_macro   0x000206a5       0x2e ./Core/Src/ApplicationCode.o
 .debug_macro   0x000206d3      0x1b5 ./Core/Src/ApplicationCode.o
 .debug_macro   0x00020888       0x22 ./Core/Src/ApplicationCode.o
 .debug_macro   0x000208aa       0xd6 ./Core/Src/ApplicationCode.o
 .debug_macro   0x00020980      0x198 ./Core/Src/ApplicationCode.o
 .debug_macro   0x00020b18       0xd6 ./Core/Src/ApplicationCode.o
 .debug_macro   0x00020bee      0x127 ./Core/Src/ApplicationCode.o
 .debug_macro   0x00020d15       0xe2 ./Core/Src/ApplicationCode.o
 .debug_macro   0x00020df7       0x89 ./Core/Src/ApplicationCode.o
 .debug_macro   0x00020e80       0xa4 ./Core/Src/ApplicationCode.o
 .debug_macro   0x00020f24      0x225 ./Core/Src/ApplicationCode.o
 .debug_macro   0x00021149      0x8ed ./Core/Src/ApplicationCode.o
 .debug_macro   0x00021a36       0x4d ./Core/Src/ApplicationCode.o
 .debug_macro   0x00021a83      0x134 ./Core/Src/ApplicationCode.o
 .debug_macro   0x00021bb7      0x332 ./Core/Src/ApplicationCode.o
 .debug_macro   0x00021ee9       0x22 ./Core/Src/ApplicationCode.o
 .debug_macro   0x00021f0b      0x179 ./Core/Src/ApplicationCode.o
 .debug_macro   0x00022084       0xd0 ./Core/Src/ApplicationCode.o
 .debug_macro   0x00022154       0x9a ./Core/Src/ApplicationCode.o
 .debug_macro   0x000221ee       0x10 ./Core/Src/ApplicationCode.o
 .debug_macro   0x000221fe       0x22 ./Core/Src/ApplicationCode.o
 .debug_macro   0x00022220       0x61 ./Core/Src/ApplicationCode.o
 .debug_macro   0x00022281       0x2a ./Core/Src/ApplicationCode.o
 .debug_macro   0x000222ab       0x43 ./Core/Src/ApplicationCode.o
 .debug_macro   0x000222ee       0x34 ./Core/Src/ApplicationCode.o
 .debug_macro   0x00022322       0x16 ./Core/Src/ApplicationCode.o
 .debug_macro   0x00022338       0x35 ./Core/Src/ApplicationCode.o
 .debug_macro   0x0002236d      0x369 ./Core/Src/ApplicationCode.o
 .debug_macro   0x000226d6       0x10 ./Core/Src/ApplicationCode.o
 .debug_macro   0x000226e6       0x16 ./Core/Src/ApplicationCode.o
 .debug_macro   0x000226fc       0x43 ./Core/Src/ApplicationCode.o
 .debug_macro   0x0002273f       0x34 ./Core/Src/ApplicationCode.o
 .debug_macro   0x00022773       0x10 ./Core/Src/ApplicationCode.o
 .debug_macro   0x00022783       0x58 ./Core/Src/ApplicationCode.o
 .debug_macro   0x000227db       0x8e ./Core/Src/ApplicationCode.o
 .debug_macro   0x00022869       0x1c ./Core/Src/ApplicationCode.o
 .debug_macro   0x00022885      0x177 ./Core/Src/ApplicationCode.o
 .debug_macro   0x000229fc       0x16 ./Core/Src/ApplicationCode.o
 .debug_macro   0x00022a12       0x16 ./Core/Src/ApplicationCode.o
 .debug_macro   0x00022a28      0x146 ./Core/Src/ApplicationCode.o
 .debug_macro   0x00022b6e       0x16 ./Core/Src/ApplicationCode.o
 .debug_macro   0x00022b84      0x25e ./Core/Src/BlockDriver.o
 .debug_macro   0x00022de2      0x21a ./Core/Src/Button_Driver.o
 .debug_macro   0x00022ffc       0x1c ./Core/Src/Button_Driver.o
 .debug_macro   0x00023018      0x21e ./Core/Src/ErrorHandling.o
 .debug_macro   0x00023236      0x24f ./Core/Src/LCD_Driver.o
 .debug_macro   0x00023485       0x6d ./Core/Src/fonts.o
 .debug_macro   0x000234f2      0x26d ./Core/Src/game.o
 .debug_macro   0x0002375f      0x21a ./Core/Src/ili9341.o
 .debug_macro   0x00023979      0x32c ./Core/Src/ili9341.o
 .debug_macro   0x00023ca5      0x366 ./Core/Src/main.o
 .debug_macro   0x0002400b      0x4c9 ./Core/Src/main.o
 .debug_macro   0x000244d4      0x366 ./Core/Src/stm32f4xx_hal_msp.o
 .debug_macro   0x0002483a      0x370 ./Core/Src/stm32f4xx_it.o
 .debug_macro   0x00024baa      0x235 ./Core/Src/stmpe811.o
 .debug_macro   0x00024ddf      0x274 ./Core/Src/syscalls.o
 .debug_macro   0x00025053       0x5b ./Core/Src/syscalls.o
 .debug_macro   0x000250ae       0x94 ./Core/Src/syscalls.o
 .debug_macro   0x00025142       0x57 ./Core/Src/syscalls.o
 .debug_macro   0x00025199       0x10 ./Core/Src/syscalls.o
 .debug_macro   0x000251a9       0x10 ./Core/Src/syscalls.o
 .debug_macro   0x000251b9       0x10 ./Core/Src/syscalls.o
 .debug_macro   0x000251c9       0x10 ./Core/Src/syscalls.o
 .debug_macro   0x000251d9       0x1c ./Core/Src/syscalls.o
 .debug_macro   0x000251f5       0x52 ./Core/Src/syscalls.o
 .debug_macro   0x00025247       0x22 ./Core/Src/syscalls.o
 .debug_macro   0x00025269       0x10 ./Core/Src/syscalls.o
 .debug_macro   0x00025279       0x52 ./Core/Src/syscalls.o
 .debug_macro   0x000252cb       0xcf ./Core/Src/syscalls.o
 .debug_macro   0x0002539a       0x1c ./Core/Src/syscalls.o
 .debug_macro   0x000253b6       0x3d ./Core/Src/syscalls.o
 .debug_macro   0x000253f3       0x35 ./Core/Src/syscalls.o
 .debug_macro   0x00025428      0x12c ./Core/Src/syscalls.o
 .debug_macro   0x00025554       0x16 ./Core/Src/syscalls.o
 .debug_macro   0x0002556a       0x16 ./Core/Src/syscalls.o
 .debug_macro   0x00025580       0x29 ./Core/Src/syscalls.o
 .debug_macro   0x000255a9       0x10 ./Core/Src/syscalls.o
 .debug_macro   0x000255b9      0x242 ./Core/Src/syscalls.o
 .debug_macro   0x000257fb       0x1c ./Core/Src/syscalls.o
 .debug_macro   0x00025817       0x10 ./Core/Src/syscalls.o
 .debug_macro   0x00025827      0x18a ./Core/Src/syscalls.o
 .debug_macro   0x000259b1       0x16 ./Core/Src/syscalls.o
 .debug_macro   0x000259c7       0xce ./Core/Src/syscalls.o
 .debug_macro   0x00025a95      0x20b ./Core/Src/system_stm32f4xx.o
 .debug_macro   0x00025ca0      0x26b ./Drivers/STM32F4xx_HAL_Driver/Src/stm32f4xx_hal.o
 .debug_macro   0x00025f0b      0x20b ./Drivers/STM32F4xx_HAL_Driver/Src/stm32f4xx_hal_cortex.o
 .debug_macro   0x00026116      0x20b ./Drivers/STM32F4xx_HAL_Driver/Src/stm32f4xx_hal_exti.o
 .debug_macro   0x00026321      0x211 ./Drivers/STM32F4xx_HAL_Driver/Src/stm32f4xx_hal_gpio.o
 .debug_macro   0x00026532      0x259 ./Drivers/STM32F4xx_HAL_Driver/Src/stm32f4xx_hal_i2c.o
 .debug_macro   0x0002678b      0x20b ./Drivers/STM32F4xx_HAL_Driver/Src/stm32f4xx_hal_i2c_ex.o
 .debug_macro   0x00026996      0x213 ./Drivers/STM32F4xx_HAL_Driver/Src/stm32f4xx_hal_ltdc.o
 .debug_macro   0x00026ba9      0x22f ./Drivers/STM32F4xx_HAL_Driver/Src/stm32f4xx_hal_rcc.o
 .debug_macro   0x00026dd8      0x20b ./Drivers/STM32F4xx_HAL_Driver/Src/stm32f4xx_hal_rcc_ex.o
 .debug_macro   0x00026fe3      0x211 ./Drivers/STM32F4xx_HAL_Driver/Src/stm32f4xx_hal_rng.o
 .debug_macro   0x000271f4      0x21a ./Drivers/STM32F4xx_HAL_Driver/Src/stm32f4xx_hal_spi.o
 .debug_macro   0x0002740e      0x20c ./Drivers/STM32F4xx_HAL_Driver/Src/stm32f4xx_hal_tim.o
 .debug_macro   0x0002761a      0x20b ./Drivers/STM32F4xx_HAL_Driver/Src/stm32f4xx_hal_tim_ex.o

.debug_line     0x00000000    0x1bb0e
 .debug_line    0x00000000      0xb1f ./Core/Src/ApplicationCode.o
 .debug_line    0x00000b1f     0x19e3 ./Core/Src/BlockDriver.o
 .debug_line    0x00002502      0x7f8 ./Core/Src/Button_Driver.o
 .debug_line    0x00002cfa      0x7f0 ./Core/Src/ErrorHandling.o
 .debug_line    0x000034ea      0xc1e ./Core/Src/LCD_Driver.o
 .debug_line    0x00004108      0x412 ./Core/Src/fonts.o
 .debug_line    0x0000451a      0x94f ./Core/Src/game.o
 .debug_line    0x00004e69      0xa0a ./Core/Src/ili9341.o
 .debug_line    0x00005873      0xc5a ./Core/Src/main.o
 .debug_line    0x000064cd      0xbb5 ./Core/Src/stm32f4xx_hal_msp.o
 .debug_line    0x00007082      0xa77 ./Core/Src/stm32f4xx_it.o
 .debug_line    0x00007af9      0xc45 ./Core/Src/stmpe811.o
 .debug_line    0x0000873e      0x8b2 ./Core/Src/syscalls.o
 .debug_line    0x00008ff0      0x84d ./Core/Src/system_stm32f4xx.o
 .debug_line    0x0000983d       0x7a ./Core/Startup/startup_stm32f429zitx.o
 .debug_line    0x000098b7      0xaec ./Drivers/STM32F4xx_HAL_Driver/Src/stm32f4xx_hal.o
 .debug_line    0x0000a3a3      0xda8 ./Drivers/STM32F4xx_HAL_Driver/Src/stm32f4xx_hal_cortex.o
 .debug_line    0x0000b14b      0xac2 ./Drivers/STM32F4xx_HAL_Driver/Src/stm32f4xx_hal_exti.o
 .debug_line    0x0000bc0d      0xc6a ./Drivers/STM32F4xx_HAL_Driver/Src/stm32f4xx_hal_gpio.o
 .debug_line    0x0000c877     0x3bfc ./Drivers/STM32F4xx_HAL_Driver/Src/stm32f4xx_hal_i2c.o
 .debug_line    0x00010473      0x843 ./Drivers/STM32F4xx_HAL_Driver/Src/stm32f4xx_hal_i2c_ex.o
 .debug_line    0x00010cb6     0x186d ./Drivers/STM32F4xx_HAL_Driver/Src/stm32f4xx_hal_ltdc.o
 .debug_line    0x00012523      0xe41 ./Drivers/STM32F4xx_HAL_Driver/Src/stm32f4xx_hal_rcc.o
 .debug_line    0x00013364      0xc8b ./Drivers/STM32F4xx_HAL_Driver/Src/stm32f4xx_hal_rcc_ex.o
 .debug_line    0x00013fef      0xa45 ./Drivers/STM32F4xx_HAL_Driver/Src/stm32f4xx_hal_rng.o
 .debug_line    0x00014a34     0x1dd4 ./Drivers/STM32F4xx_HAL_Driver/Src/stm32f4xx_hal_spi.o
 .debug_line    0x00016808     0x385a ./Drivers/STM32F4xx_HAL_Driver/Src/stm32f4xx_hal_tim.o
 .debug_line    0x0001a062     0x1aac ./Drivers/STM32F4xx_HAL_Driver/Src/stm32f4xx_hal_tim_ex.o

.debug_str      0x00000000    0xe30ff
 .debug_str     0x00000000    0xdb356 ./Core/Src/ApplicationCode.o
                              0xdb737 (size before relaxing)
 .debug_str     0x000db356      0x3c6 ./Core/Src/BlockDriver.o
                              0xd7409 (size before relaxing)
 .debug_str     0x000db71c       0x63 ./Core/Src/Button_Driver.o
                              0xd5fb4 (size before relaxing)
 .debug_str     0x000db77f       0x2a ./Core/Src/ErrorHandling.o
                              0xd5873 (size before relaxing)
 .debug_str     0x000db7a9      0x4ff ./Core/Src/LCD_Driver.o
                              0xd773a (size before relaxing)
 .debug_str     0x000dbca8       0x36 ./Core/Src/fonts.o
                               0x3d81 (size before relaxing)
 .debug_str     0x000dbcde       0x2c ./Core/Src/game.o
                              0xd704b (size before relaxing)
 .debug_str     0x000dbd0a      0x33e ./Core/Src/ili9341.o
                              0xd6bcc (size before relaxing)
 .debug_str     0x000dc048     0x1312 ./Core/Src/main.o
                              0xdc251 (size before relaxing)
 .debug_str     0x000dd35a      0x11e ./Core/Src/stm32f4xx_hal_msp.o
                              0xdc561 (size before relaxing)
 .debug_str     0x000dd478       0xc9 ./Core/Src/stm32f4xx_it.o
                              0xdb57d (size before relaxing)
 .debug_str     0x000dd541      0x1ac ./Core/Src/stmpe811.o
                              0xd6e3d (size before relaxing)
 .debug_str     0x000dd6ed     0x20a2 ./Core/Src/syscalls.o
                               0x98b8 (size before relaxing)
 .debug_str     0x000df78f       0xdb ./Core/Src/system_stm32f4xx.o
                              0xd59be (size before relaxing)
 .debug_str     0x000df86a       0x44 ./Core/Startup/startup_stm32f429zitx.o
                                 0x83 (size before relaxing)
 .debug_str     0x000df8ae      0x625 ./Drivers/STM32F4xx_HAL_Driver/Src/stm32f4xx_hal.o
                              0xd65e1 (size before relaxing)
 .debug_str     0x000dfed3      0x320 ./Drivers/STM32F4xx_HAL_Driver/Src/stm32f4xx_hal_cortex.o
                              0xd630f (size before relaxing)
 .debug_str     0x000e01f3      0x1c2 ./Drivers/STM32F4xx_HAL_Driver/Src/stm32f4xx_hal_exti.o
                              0xd5a17 (size before relaxing)
 .debug_str     0x000e03b5       0xcb ./Drivers/STM32F4xx_HAL_Driver/Src/stm32f4xx_hal_gpio.o
                              0xd5b39 (size before relaxing)
 .debug_str     0x000e0480      0xb2f ./Drivers/STM32F4xx_HAL_Driver/Src/stm32f4xx_hal_i2c.o
                              0xd69ce (size before relaxing)
 .debug_str     0x000e0faf       0x3b ./Drivers/STM32F4xx_HAL_Driver/Src/stm32f4xx_hal_i2c_ex.o
                              0xd5d8d (size before relaxing)
 .debug_str     0x000e0fea      0x491 ./Drivers/STM32F4xx_HAL_Driver/Src/stm32f4xx_hal_ltdc.o
                              0xd6022 (size before relaxing)
 .debug_str     0x000e147b      0x213 ./Drivers/STM32F4xx_HAL_Driver/Src/stm32f4xx_hal_rcc.o
                              0xd5df2 (size before relaxing)
 .debug_str     0x000e168e      0x133 ./Drivers/STM32F4xx_HAL_Driver/Src/stm32f4xx_hal_rcc_ex.o
                              0xd5bb9 (size before relaxing)
 .debug_str     0x000e17c1      0x152 ./Drivers/STM32F4xx_HAL_Driver/Src/stm32f4xx_hal_rng.o
                              0xd5aab (size before relaxing)
 .debug_str     0x000e1913      0x518 ./Drivers/STM32F4xx_HAL_Driver/Src/stm32f4xx_hal_spi.o
                              0xd6269 (size before relaxing)
 .debug_str     0x000e1e2b      0xe41 ./Drivers/STM32F4xx_HAL_Driver/Src/stm32f4xx_hal_tim.o
                              0xd6d35 (size before relaxing)
 .debug_str     0x000e2c6c      0x493 ./Drivers/STM32F4xx_HAL_Driver/Src/stm32f4xx_hal_tim_ex.o
                              0xd6541 (size before relaxing)

.comment        0x00000000       0x43
 .comment       0x00000000       0x43 ./Core/Src/ApplicationCode.o
                                 0x44 (size before relaxing)
 .comment       0x00000043       0x44 ./Core/Src/BlockDriver.o
 .comment       0x00000043       0x44 ./Core/Src/Button_Driver.o
 .comment       0x00000043       0x44 ./Core/Src/ErrorHandling.o
 .comment       0x00000043       0x44 ./Core/Src/LCD_Driver.o
 .comment       0x00000043       0x44 ./Core/Src/fonts.o
 .comment       0x00000043       0x44 ./Core/Src/game.o
 .comment       0x00000043       0x44 ./Core/Src/ili9341.o
 .comment       0x00000043       0x44 ./Core/Src/main.o
 .comment       0x00000043       0x44 ./Core/Src/stm32f4xx_hal_msp.o
 .comment       0x00000043       0x44 ./Core/Src/stm32f4xx_it.o
 .comment       0x00000043       0x44 ./Core/Src/stmpe811.o
 .comment       0x00000043       0x44 ./Core/Src/syscalls.o
 .comment       0x00000043       0x44 ./Core/Src/system_stm32f4xx.o
 .comment       0x00000043       0x44 ./Drivers/STM32F4xx_HAL_Driver/Src/stm32f4xx_hal.o
 .comment       0x00000043       0x44 ./Drivers/STM32F4xx_HAL_Driver/Src/stm32f4xx_hal_cortex.o
 .comment       0x00000043       0x44 ./Drivers/STM32F4xx_HAL_Driver/Src/stm32f4xx_hal_exti.o
 .comment       0x00000043       0x44 ./Drivers/STM32F4xx_HAL_Driver/Src/stm32f4xx_hal_gpio.o
 .comment       0x00000043       0x44 ./Drivers/STM32F4xx_HAL_Driver/Src/stm32f4xx_hal_i2c.o
 .comment       0x00000043       0x44 ./Drivers/STM32F4xx_HAL_Driver/Src/stm32f4xx_hal_i2c_ex.o
 .comment       0x00000043       0x44 ./Drivers/STM32F4xx_HAL_Driver/Src/stm32f4xx_hal_ltdc.o
 .comment       0x00000043       0x44 ./Drivers/STM32F4xx_HAL_Driver/Src/stm32f4xx_hal_rcc.o
 .comment       0x00000043       0x44 ./Drivers/STM32F4xx_HAL_Driver/Src/stm32f4xx_hal_rcc_ex.o
 .comment       0x00000043       0x44 ./Drivers/STM32F4xx_HAL_Driver/Src/stm32f4xx_hal_rng.o
 .comment       0x00000043       0x44 ./Drivers/STM32F4xx_HAL_Driver/Src/stm32f4xx_hal_spi.o
 .comment       0x00000043       0x44 ./Drivers/STM32F4xx_HAL_Driver/Src/stm32f4xx_hal_tim.o
 .comment       0x00000043       0x44 ./Drivers/STM32F4xx_HAL_Driver/Src/stm32f4xx_hal_tim_ex.o

.debug_frame    0x00000000     0x5954
 .debug_frame   0x00000000      0x124 ./Core/Src/ApplicationCode.o
 .debug_frame   0x00000124      0x39c ./Core/Src/BlockDriver.o
 .debug_frame   0x000004c0       0x58 ./Core/Src/Button_Driver.o
 .debug_frame   0x00000518       0x38 ./Core/Src/ErrorHandling.o
 .debug_frame   0x00000550      0x2d8 ./Core/Src/LCD_Driver.o
 .debug_frame   0x00000828      0x140 ./Core/Src/game.o
 .debug_frame   0x00000968      0x228 ./Core/Src/ili9341.o
 .debug_frame   0x00000b90       0xec ./Core/Src/main.o
 .debug_frame   0x00000c7c      0x1b0 ./Core/Src/stm32f4xx_hal_msp.o
 .debug_frame   0x00000e2c      0x104 ./Core/Src/stm32f4xx_it.o
 .debug_frame   0x00000f30      0x254 ./Core/Src/stmpe811.o
 .debug_frame   0x00001184      0x2ac ./Core/Src/syscalls.o
 .debug_frame   0x00001430       0x58 ./Core/Src/system_stm32f4xx.o
 .debug_frame   0x00001488      0x3b4 ./Drivers/STM32F4xx_HAL_Driver/Src/stm32f4xx_hal.o
 .debug_frame   0x0000183c      0x508 ./Drivers/STM32F4xx_HAL_Driver/Src/stm32f4xx_hal_cortex.o
 .debug_frame   0x00001d44      0x174 ./Drivers/STM32F4xx_HAL_Driver/Src/stm32f4xx_hal_exti.o
 .debug_frame   0x00001eb8      0x14c ./Drivers/STM32F4xx_HAL_Driver/Src/stm32f4xx_hal_gpio.o
 .debug_frame   0x00002004      0xc84 ./Drivers/STM32F4xx_HAL_Driver/Src/stm32f4xx_hal_i2c.o
 .debug_frame   0x00002c88       0x60 ./Drivers/STM32F4xx_HAL_Driver/Src/stm32f4xx_hal_i2c_ex.o
 .debug_frame   0x00002ce8      0x61c ./Drivers/STM32F4xx_HAL_Driver/Src/stm32f4xx_hal_ltdc.o
 .debug_frame   0x00003304      0x1f4 ./Drivers/STM32F4xx_HAL_Driver/Src/stm32f4xx_hal_rcc.o
 .debug_frame   0x000034f8      0x13c ./Drivers/STM32F4xx_HAL_Driver/Src/stm32f4xx_hal_rcc_ex.o
 .debug_frame   0x00003634      0x22c ./Drivers/STM32F4xx_HAL_Driver/Src/stm32f4xx_hal_rng.o
 .debug_frame   0x00003860      0x828 ./Drivers/STM32F4xx_HAL_Driver/Src/stm32f4xx_hal_spi.o
 .debug_frame   0x00004088     0x11c0 ./Drivers/STM32F4xx_HAL_Driver/Src/stm32f4xx_hal_tim.o
 .debug_frame   0x00005248      0x638 ./Drivers/STM32F4xx_HAL_Driver/Src/stm32f4xx_hal_tim_ex.o
 .debug_frame   0x00005880       0x20 C:/ST/STM32CubeIDE_1.16.0/STM32CubeIDE/plugins/com.st.stm32cube.ide.mcu.externaltools.gnu-tools-for-stm32.12.3.rel1.win32_1.0.200.202406191623/tools/bin/../lib/gcc/arm-none-eabi/12.3.1/../../../../arm-none-eabi/lib/thumb/v7e-m+fp/hard\libc_nano.a(libc_a-memset.o)
 .debug_frame   0x000058a0       0x2c C:/ST/STM32CubeIDE_1.16.0/STM32CubeIDE/plugins/com.st.stm32cube.ide.mcu.externaltools.gnu-tools-for-stm32.12.3.rel1.win32_1.0.200.202406191623/tools/bin/../lib/gcc/arm-none-eabi/12.3.1/../../../../arm-none-eabi/lib/thumb/v7e-m+fp/hard\libc_nano.a(libc_a-init.o)
 .debug_frame   0x000058cc       0x28 C:/ST/STM32CubeIDE_1.16.0/STM32CubeIDE/plugins/com.st.stm32cube.ide.mcu.externaltools.gnu-tools-for-stm32.12.3.rel1.win32_1.0.200.202406191623/tools/bin/../lib/gcc/arm-none-eabi/12.3.1/../../../../arm-none-eabi/lib/thumb/v7e-m+fp/hard\libc_nano.a(libc_a-memcpy-stub.o)
 .debug_frame   0x000058f4       0x2c C:/ST/STM32CubeIDE_1.16.0/STM32CubeIDE/plugins/com.st.stm32cube.ide.mcu.externaltools.gnu-tools-for-stm32.12.3.rel1.win32_1.0.200.202406191623/tools/bin/../lib/gcc/arm-none-eabi/12.3.1/thumb/v7e-m+fp/hard\libgcc.a(_aeabi_uldivmod.o)
 .debug_frame   0x00005920       0x34 C:/ST/STM32CubeIDE_1.16.0/STM32CubeIDE/plugins/com.st.stm32cube.ide.mcu.externaltools.gnu-tools-for-stm32.12.3.rel1.win32_1.0.200.202406191623/tools/bin/../lib/gcc/arm-none-eabi/12.3.1/thumb/v7e-m+fp/hard\libgcc.a(_udivmoddi4.o)

.debug_line_str
                0x00000000       0x67
 .debug_line_str
                0x00000000       0x67 ./Core/Startup/startup_stm32f429zitx.o
