Archive member included to satisfy reference by file (symbol)

C:/ST/STM32CubeIDE_1.16.0/STM32CubeIDE/plugins/com.st.stm32cube.ide.mcu.externaltools.gnu-tools-for-stm32.12.3.rel1.win32_1.0.200.202406191623/tools/bin/../lib/gcc/arm-none-eabi/12.3.1/../../../../arm-none-eabi/lib/thumb/v7e-m+fp/hard\libc_nano.a(libc_a-exit.o)
                              C:/ST/STM32CubeIDE_1.16.0/STM32CubeIDE/plugins/com.st.stm32cube.ide.mcu.externaltools.gnu-tools-for-stm32.12.3.rel1.win32_1.0.200.202406191623/tools/bin/../lib/gcc/arm-none-eabi/12.3.1/../../../../arm-none-eabi/lib/thumb/v7e-m+fp/hard/crt0.o (exit)
C:/ST/STM32CubeIDE_1.16.0/STM32CubeIDE/plugins/com.st.stm32cube.ide.mcu.externaltools.gnu-tools-for-stm32.12.3.rel1.win32_1.0.200.202406191623/tools/bin/../lib/gcc/arm-none-eabi/12.3.1/../../../../arm-none-eabi/lib/thumb/v7e-m+fp/hard\libc_nano.a(libc_a-findfp.o)
                              C:/ST/STM32CubeIDE_1.16.0/STM32CubeIDE/plugins/com.st.stm32cube.ide.mcu.externaltools.gnu-tools-for-stm32.12.3.rel1.win32_1.0.200.202406191623/tools/bin/../lib/gcc/arm-none-eabi/12.3.1/../../../../arm-none-eabi/lib/thumb/v7e-m+fp/hard\libc_nano.a(libc_a-exit.o) (__stdio_exit_handler)
C:/ST/STM32CubeIDE_1.16.0/STM32CubeIDE/plugins/com.st.stm32cube.ide.mcu.externaltools.gnu-tools-for-stm32.12.3.rel1.win32_1.0.200.202406191623/tools/bin/../lib/gcc/arm-none-eabi/12.3.1/../../../../arm-none-eabi/lib/thumb/v7e-m+fp/hard\libc_nano.a(libc_a-fwalk.o)
                              C:/ST/STM32CubeIDE_1.16.0/STM32CubeIDE/plugins/com.st.stm32cube.ide.mcu.externaltools.gnu-tools-for-stm32.12.3.rel1.win32_1.0.200.202406191623/tools/bin/../lib/gcc/arm-none-eabi/12.3.1/../../../../arm-none-eabi/lib/thumb/v7e-m+fp/hard\libc_nano.a(libc_a-findfp.o) (_fwalk_sglue)
C:/ST/STM32CubeIDE_1.16.0/STM32CubeIDE/plugins/com.st.stm32cube.ide.mcu.externaltools.gnu-tools-for-stm32.12.3.rel1.win32_1.0.200.202406191623/tools/bin/../lib/gcc/arm-none-eabi/12.3.1/../../../../arm-none-eabi/lib/thumb/v7e-m+fp/hard\libc_nano.a(libc_a-stdio.o)
                              C:/ST/STM32CubeIDE_1.16.0/STM32CubeIDE/plugins/com.st.stm32cube.ide.mcu.externaltools.gnu-tools-for-stm32.12.3.rel1.win32_1.0.200.202406191623/tools/bin/../lib/gcc/arm-none-eabi/12.3.1/../../../../arm-none-eabi/lib/thumb/v7e-m+fp/hard\libc_nano.a(libc_a-findfp.o) (__sread)
C:/ST/STM32CubeIDE_1.16.0/STM32CubeIDE/plugins/com.st.stm32cube.ide.mcu.externaltools.gnu-tools-for-stm32.12.3.rel1.win32_1.0.200.202406191623/tools/bin/../lib/gcc/arm-none-eabi/12.3.1/../../../../arm-none-eabi/lib/thumb/v7e-m+fp/hard\libc_nano.a(libc_a-memset.o)
                              C:/ST/STM32CubeIDE_1.16.0/STM32CubeIDE/plugins/com.st.stm32cube.ide.mcu.externaltools.gnu-tools-for-stm32.12.3.rel1.win32_1.0.200.202406191623/tools/bin/../lib/gcc/arm-none-eabi/12.3.1/../../../../arm-none-eabi/lib/thumb/v7e-m+fp/hard/crt0.o (memset)
C:/ST/STM32CubeIDE_1.16.0/STM32CubeIDE/plugins/com.st.stm32cube.ide.mcu.externaltools.gnu-tools-for-stm32.12.3.rel1.win32_1.0.200.202406191623/tools/bin/../lib/gcc/arm-none-eabi/12.3.1/../../../../arm-none-eabi/lib/thumb/v7e-m+fp/hard\libc_nano.a(libc_a-closer.o)
                              C:/ST/STM32CubeIDE_1.16.0/STM32CubeIDE/plugins/com.st.stm32cube.ide.mcu.externaltools.gnu-tools-for-stm32.12.3.rel1.win32_1.0.200.202406191623/tools/bin/../lib/gcc/arm-none-eabi/12.3.1/../../../../arm-none-eabi/lib/thumb/v7e-m+fp/hard\libc_nano.a(libc_a-stdio.o) (_close_r)
C:/ST/STM32CubeIDE_1.16.0/STM32CubeIDE/plugins/com.st.stm32cube.ide.mcu.externaltools.gnu-tools-for-stm32.12.3.rel1.win32_1.0.200.202406191623/tools/bin/../lib/gcc/arm-none-eabi/12.3.1/../../../../arm-none-eabi/lib/thumb/v7e-m+fp/hard\libc_nano.a(libc_a-reent.o)
                              C:/ST/STM32CubeIDE_1.16.0/STM32CubeIDE/plugins/com.st.stm32cube.ide.mcu.externaltools.gnu-tools-for-stm32.12.3.rel1.win32_1.0.200.202406191623/tools/bin/../lib/gcc/arm-none-eabi/12.3.1/../../../../arm-none-eabi/lib/thumb/v7e-m+fp/hard\libc_nano.a(libc_a-closer.o) (errno)
C:/ST/STM32CubeIDE_1.16.0/STM32CubeIDE/plugins/com.st.stm32cube.ide.mcu.externaltools.gnu-tools-for-stm32.12.3.rel1.win32_1.0.200.202406191623/tools/bin/../lib/gcc/arm-none-eabi/12.3.1/../../../../arm-none-eabi/lib/thumb/v7e-m+fp/hard\libc_nano.a(libc_a-impure.o)
                              C:/ST/STM32CubeIDE_1.16.0/STM32CubeIDE/plugins/com.st.stm32cube.ide.mcu.externaltools.gnu-tools-for-stm32.12.3.rel1.win32_1.0.200.202406191623/tools/bin/../lib/gcc/arm-none-eabi/12.3.1/../../../../arm-none-eabi/lib/thumb/v7e-m+fp/hard\libc_nano.a(libc_a-reent.o) (_impure_ptr)
C:/ST/STM32CubeIDE_1.16.0/STM32CubeIDE/plugins/com.st.stm32cube.ide.mcu.externaltools.gnu-tools-for-stm32.12.3.rel1.win32_1.0.200.202406191623/tools/bin/../lib/gcc/arm-none-eabi/12.3.1/../../../../arm-none-eabi/lib/thumb/v7e-m+fp/hard\libc_nano.a(libc_a-lseekr.o)
[...]
Memory Configuration

Name             Origin             Length             Attributes
CCMRAM           0x10000000         0x00010000         xrw
RAM              0x20000000         0x00030000         xrw
FLASH            0x08000000         0x00200000         xr
*default*        0x00000000         0xffffffff

Linker script and memory map

LOAD C:/ST/STM32CubeIDE_1.16.0/STM32CubeIDE/plugins/com.st.stm32cube.ide.mcu.externaltools.gnu-tools-for-stm32.12.3.rel1.win32_1.0.200.202406191623/tools/bin/../lib/gcc/arm-none-eabi/12.3.1/thumb/v7e-m+fp/hard/crti.o
LOAD C:/ST/STM32CubeIDE_1.16.0/STM32CubeIDE/plugins/com.st.stm32cube.ide.mcu.externaltools.gnu-tools-for-stm32.12.3.rel1.win32_1.0.200.202406191623/tools/bin/../lib/gcc/arm-none-eabi/12.3.1/thumb/v7e-m+fp/hard/crtbegin.o
LOAD C:/ST/STM32CubeIDE_1.16.0/STM32CubeIDE/plugins/com.st.stm32cube.ide.mcu.externaltools.gnu-tools-for-stm32.12.3.rel1.win32_1.0.200.202406191623/tools/bin/../lib/gcc/arm-none-eabi/12.3.1/../../../../arm-none-eabi/lib/thumb/v7e-m+fp/hard/crt0.o
LOAD ./Core/Src/ApplicationCode.o
LOAD ./Core/Src/BlockDriver.o
LOAD ./Core/Src/Button_Driver.o
LOAD ./Core/Src/ErrorHandling.o
LOAD ./Core/Src/GyroDriver.o
LOAD ./Core/Src/LCD_Driver.o
LOAD ./Core/Src/Scheduler.o
LOAD ./Core/Src/fonts.o
LOAD ./Core/Src/game.o
LOAD ./Core/Src/ili9341.o
LOAD ./Core/Src/main.o
LOAD ./Core/Src/stm32f4xx_hal_msp.o
LOAD ./Core/Src/stm32f4xx_it.o
LOAD ./Core/Src/stmpe811.o
LOAD ./Core/Src/syscalls.o
LOAD ./Core/Src/sysmem.o
LOAD ./Core/Src/system_stm32f4xx.o
LOAD ./Core/Startup/startup_stm32f429zitx.o
LOAD ./Drivers/STM32F4xx_HAL_Driver/Src/stm32f4xx_hal.o
LOAD ./Drivers/STM32F4xx_HAL_Driver/Src/stm32f4xx_hal_cortex.o
LOAD ./Drivers/STM32F4xx_HAL_Driver/Src/stm32f4xx_hal_dma.o
LOAD ./Drivers/STM32F4xx_HAL_Driver/Src/stm32f4xx_hal_dma_ex.o
LOAD ./Drivers/STM32F4xx_HAL_Driver/Src/stm32f4xx_hal_dsi.o
LOAD ./Drivers/STM32F4xx_HAL_Driver/Src/stm32f4xx_hal_exti.o
LOAD ./Drivers/STM32F4xx_HAL_Driver/Src/stm32f4xx_hal_flash.o
LOAD ./Drivers/STM32F4xx_HAL_Driver/Src/stm32f4xx_hal_flash_ex.o
LOAD ./Drivers/STM32F4xx_HAL_Driver/Src/stm32f4xx_hal_flash_ramfunc.o
LOAD ./Drivers/STM32F4xx_HAL_Driver/Src/stm32f4xx_hal_gpio.o
LOAD ./Drivers/STM32F4xx_HAL_Driver/Src/stm32f4xx_hal_i2c.o
LOAD ./Drivers/STM32F4xx_HAL_Driver/Src/stm32f4xx_hal_i2c_ex.o
LOAD ./Drivers/STM32F4xx_HAL_Driver/Src/stm32f4xx_hal_ltdc.o
LOAD ./Drivers/STM32F4xx_HAL_Driver/Src/stm32f4xx_hal_ltdc_ex.o
LOAD ./Drivers/STM32F4xx_HAL_Driver/Src/stm32f4xx_hal_pwr.o
LOAD ./Drivers/STM32F4xx_HAL_Driver/Src/stm32f4xx_hal_pwr_ex.o
LOAD ./Drivers/STM32F4xx_HAL_Driver/Src/stm32f4xx_hal_rcc.o
LOAD ./Drivers/STM32F4xx_HAL_Driver/Src/stm32f4xx_hal_rcc_ex.o
LOAD ./Drivers/STM32F4xx_HAL_Driver/Src/stm32f4xx_hal_rng.o
LOAD ./Drivers/STM32F4xx_HAL_Driver/Src/stm32f4xx_hal_spi.o
LOAD ./Drivers/STM32F4xx_HAL_Driver/Src/stm32f4xx_hal_tim.o
LOAD ./Drivers/STM32F4xx_HAL_Driver/Src/stm32f4xx_hal_tim_ex.o
START GROUP
LOAD C:/ST/STM32CubeIDE_1.16.0/STM32CubeIDE/plugins/com.st.stm32cube.ide.mcu.externaltools.gnu-tools-for-stm32.12.3.rel1.win32_1.0.200.202406191623/tools/bin/../lib/gcc/arm-none-eabi/12.3.1/../../../../arm-none-eabi/lib/thumb/v7e-m+fp/hard\libc_nano.a
LOAD C:/ST/STM32CubeIDE_1.16.0/STM32CubeIDE/plugins/com.st.stm32cube.ide.mcu.externaltools.gnu-tools-for-stm32.12.3.rel1.win32_1.0.200.202406191623/tools/bin/../lib/gcc/arm-none-eabi/12.3.1/../../../../arm-none-eabi/lib/thumb/v7e-m+fp/hard\libm.a
END GROUP
START GROUP
LOAD C:/ST/STM32CubeIDE_1.16.0/STM32CubeIDE/plugins/com.st.stm32cube.ide.mcu.externaltools.gnu-tools-for-stm32.12.3.rel1.win32_1.0.200.202406191623/tools/bin/../lib/gcc/arm-none-eabi/12.3.1/thumb/v7e-m+fp/hard\libgcc.a
LOAD C:/ST/STM32CubeIDE_1.16.0/STM32CubeIDE/plugins/com.st.stm32cube.ide.mcu.externaltools.gnu-tools-for-stm32.12.3.rel1.win32_1.0.200.202406191623/tools/bin/../lib/gcc/arm-none-eabi/12.3.1/../../../../arm-none-eabi/lib/thumb/v7e-m+fp/hard\libc_nano.a
END GROUP
START GROUP
LOAD C:/ST/STM32CubeIDE_1.16.0/STM32CubeIDE/plugins/com.st.stm32cube.ide.mcu.externaltools.gnu-tools-for-stm32.12.3.rel1.win32_1.0.200.202406191623/tools/bin/../lib/gcc/arm-none-eabi/12.3.1/thumb/v7e-m+fp/hard\libgcc.a
LOAD C:/ST/STM32CubeIDE_1.16.0/STM32CubeIDE/plugins/com.st.stm32cube.ide.mcu.externaltools.gnu-tools-for-stm32.12.3.rel1.win32_1.0.200.202406191623/tools/bin/../lib/gcc/arm-none-eabi/12.3.1/../../../../arm-none-eabi/lib/thumb/v7e-m+fp/hard\libc_nano.a
LOAD C:/ST/STM32CubeIDE_1.16.0/STM32CubeIDE/plugins/com.st.stm32cube.ide.mcu.externaltools.gnu-tools-for-stm32.12.3.rel1.win32_1.0.200.202406191623/tools/bin/../lib/gcc/arm-none-eabi/12.3.1/../../../../arm-none-eabi/lib/thumb/v7e-m+fp/hard\libnosys.a
END GROUP
START GROUP
LOAD C:/ST/STM32CubeIDE_1.16.0/STM32CubeIDE/plugins/com.st.stm32cube.ide.mcu.externaltools.gnu-tools-for-stm32.12.3.rel1.win32_1.0.200.202406191623/tools/bin/../lib/gcc/arm-none-eabi/12.3.1/thumb/v7e-m+fp/hard\libgcc.a
LOAD C:/ST/STM32CubeIDE_1.16.0/STM32CubeIDE/plugins/com.st.stm32cube.ide.mcu.externaltools.gnu-tools-for-stm32.12.3.rel1.win32_1.0.200.202406191623/tools/bin/../lib/gcc/arm-none-eabi/12.3.1/../../../../arm-none-eabi/lib/thumb/v7e-m+fp/hard\libc_nano.a
LOAD C:/ST/STM32CubeIDE_1.16.0/STM32CubeIDE/plugins/com.st.stm32cube.ide.mcu.externaltools.gnu-tools-for-stm32.12.3.rel1.win32_1.0.200.202406191623/tools/bin/../lib/gcc/arm-none-eabi/12.3.1/../../../../arm-none-eabi/lib/thumb/v7e-m+fp/hard\libnosys.a
END GROUP
LOAD C:/ST/STM32CubeIDE_1.16.0/STM32CubeIDE/plugins/com.st.stm32cube.ide.mcu.externaltools.gnu-tools-for-stm32.12.3.rel1.win32_1.0.200.202406191623/tools/bin/../lib/gcc/arm-none-eabi/12.3.1/thumb/v7e-m+fp/hard/crtend.o
LOAD C:/ST/STM32CubeIDE_1.16.0/STM32CubeIDE/plugins/com.st.stm32cube.ide.mcu.externaltools.gnu-tools-for-stm32.12.3.rel1.win32_1.0.200.202406191623/tools/bin/../lib/gcc/arm-none-eabi/12.3.1/thumb/v7e-m+fp/hard/crtn.o
                0x20030000                        _estack = (ORIGIN (RAM) + LENGTH (RAM))
                0x00000200                        _Min_Heap_Size = 0x200
                0x00000400                        _Min_Stack_Size = 0x400

.isr_vector     0x08000000      0x1ac
                0x08000000                        . = ALIGN (0x4)
 *(.isr_vector)
 .isr_vector    0x08000000      0x1ac ./Core/Startup/startup_stm32f429zitx.o
                0x08000000                g_pfnVectors
                0x080001ac                        . = ALIGN (0x4)

.text           0x080001ac     0x825c
                0x080001ac                        . = ALIGN (0x4)
 *(.text)
 .text          0x080001ac       0x40 C:/ST/STM32CubeIDE_1.16.0/STM32CubeIDE/plugins/com.st.stm32cube.ide.mcu.externaltools.gnu-tools-for-stm32.12.3.rel1.win32_1.0.200.202406191623/tools/bin/../lib/gcc/arm-none-eabi/12.3.1/thumb/v7e-m+fp/hard/crtbegin.o
 .text          0x080001ec       0x30 C:/ST/STM32CubeIDE_1.16.0/STM32CubeIDE/plugins/com.st.stm32cube.ide.mcu.externaltools.gnu-tools-for-stm32.12.3.rel1.win32_1.0.200.202406191623/tools/bin/../lib/gcc/arm-none-eabi/12.3.1/thumb/v7e-m+fp/hard\libgcc.a(_aeabi_uldivmod.o)
                0x080001ec                __aeabi_uldivmod
 .text          0x0800021c      0x2bc C:/ST/STM32CubeIDE_1.16.0/STM32CubeIDE/plugins/com.st.stm32cube.ide.mcu.externaltools.gnu-tools-for-stm32.12.3.rel1.win32_1.0.200.202406191623/tools/bin/../lib/gcc/arm-none-eabi/12.3.1/thumb/v7e-m+fp/hard\libgcc.a(_udivmoddi4.o)
                0x0800021c                __udivmoddi4
 .text          0x080004d8        0x4 C:/ST/STM32CubeIDE_1.16.0/STM32CubeIDE/plugins/com.st.stm32cube.ide.mcu.externaltools.gnu-tools-for-stm32.12.3.rel1.win32_1.0.200.202406191623/tools/bin/../lib/gcc/arm-none-eabi/12.3.1/thumb/v7e-m+fp/hard\libgcc.a(_dvmd_tls.o)
                0x080004d8                __aeabi_idiv0
                0x080004d8                __aeabi_ldiv0
 *(.text*)
 .text.ApplicationInit
                0x080004dc       0x34 ./Core/Src/ApplicationCode.o
                0x080004dc                ApplicationInit
 .text.Application_game_inst
                0x08000510        0xc ./Core/Src/ApplicationCode.o
                0x08000510                Application_game_inst
 .text.LCDTouchScreenInterruptGPIOInit
                0x0800051c       0x74 ./Core/Src/ApplicationCode.o
                0x0800051c                LCDTouchScreenInterruptGPIOInit
 .text.EXTI15_10_IRQHandler
                0x08000590       0xec ./Core/Src/ApplicationCode.o
                0x08000590                EXTI15_10_IRQHandler
 .text.applicationButtonInit
                0x0800067c        0xc ./Core/Src/ApplicationCode.o
                0x0800067c                applicationButtonInit
 .text.EXTI0_IRQHandler
                0x08000688       0x20 ./Core/Src/ApplicationCode.o
                0x08000688                EXTI0_IRQHandler
 .text.map_draw
                0x080006a8      0x100 ./Core/Src/BlockDriver.o
                0x080006a8                map_draw
 .text.start_screen
                0x080007a8      0x194 ./Core/Src/BlockDriver.o
                0x080007a8                start_screen
 .text.end_screen
                0x0800093c       0x74 ./Core/Src/BlockDriver.o
                0x0800093c                end_screen
 .text.disp_time
                0x080009b0       0xa8 ./Core/Src/BlockDriver.o
                0x080009b0                disp_time
 .text.block_drop
                0x08000a58       0x9c ./Core/Src/BlockDriver.o
                0x08000a58                block_drop
 .text.block_create
                0x08000af4      0x6d4 ./Core/Src/BlockDriver.o
                0x08000af4                block_create
 .text.map_init
                0x080011c8       0xe6 ./Core/Src/BlockDriver.o
                0x080011c8                map_init
 .text.rest     0x080012ae      0x446 ./Core/Src/BlockDriver.o
                0x080012ae                rest
 .text.map_update
                0x080016f4      0x292 ./Core/Src/BlockDriver.o
                0x080016f4                map_update
 *fill*         0x08001986        0x2 
 .text.block_rotate
                0x08001988      0x338 ./Core/Src/BlockDriver.o
                0x08001988                block_rotate
 .text.can_move
                0x08001cc0      0x5a6 ./Core/Src/BlockDriver.o
                0x08001cc0                can_move
 .text.block_move
                0x08002266       0xdc ./Core/Src/BlockDriver.o
                0x08002266                block_move
 .text.draw_block
                0x08002342       0x42 ./Core/Src/BlockDriver.o
                0x08002342                draw_block
 .text.draw_shapes
                0x08002384      0x23a ./Core/Src/BlockDriver.o
                0x08002384                draw_shapes
 .text.draw_tetromino
                0x080025be       0x80 ./Core/Src/BlockDriver.o
                0x080025be                draw_tetromino
 .text.clear_tetromino
                0x0800263e       0x7e ./Core/Src/BlockDriver.o
                0x0800263e                clear_tetromino
 .text.is_game_over
                0x080026bc       0x46 ./Core/Src/BlockDriver.o
                0x080026bc                is_game_over
 *fill*         0x08002702        0x2 
 .text.ButtonInit
                0x08002704       0x60 ./Core/Src/Button_Driver.o
                0x08002704                ButtonInit
 .text.LCD_GPIO_Init
                0x08002764      0x190 ./Core/Src/LCD_Driver.o
                0x08002764                LCD_GPIO_Init
 .text.LTCD_Layer_Init
                0x080028f4       0x80 ./Core/Src/LCD_Driver.o
                0x080028f4                LTCD_Layer_Init
 .text.LTCD__Init
                0x08002974       0xbc ./Core/Src/LCD_Driver.o
                0x08002974                LTCD__Init
 .text.LCD_Draw_Pixel
                0x08002a30       0x3c ./Core/Src/LCD_Driver.o
                0x08002a30                LCD_Draw_Pixel
 .text.LCD_Draw_Vertical_Line
                0x08002a6c       0x4e ./Core/Src/LCD_Driver.o
                0x08002a6c                LCD_Draw_Vertical_Line
 .text.LCD_Draw_Horizontal_Line
                0x08002aba       0x4e ./Core/Src/LCD_Driver.o
                0x08002aba                LCD_Draw_Horizontal_Line
 .text.LCD_Clear
                0x08002b08       0x44 ./Core/Src/LCD_Driver.o
                0x08002b08                LCD_Clear
 .text.LCD_SetTextColor
                0x08002b4c       0x20 ./Core/Src/LCD_Driver.o
                0x08002b4c                LCD_SetTextColor
 .text.LCD_SetFont
                0x08002b6c       0x20 ./Core/Src/LCD_Driver.o
                0x08002b6c                LCD_SetFont
 .text.LCD_Draw_Char
                0x08002b8c       0xdc ./Core/Src/LCD_Driver.o
                0x08002b8c                LCD_Draw_Char
 .text.LCD_DisplayChar
                0x08002c68       0x44 ./Core/Src/LCD_Driver.o
                0x08002c68                LCD_DisplayChar
 .text.LCD_Error_Handler
                0x08002cac        0xc ./Core/Src/LCD_Driver.o
                0x08002cac                LCD_Error_Handler
 .text.InitializeLCDTouch
                0x08002cb8       0x16 ./Core/Src/LCD_Driver.o
                0x08002cb8                InitializeLCDTouch
 .text.DetermineTouchPosition
                0x08002cce       0x16 ./Core/Src/LCD_Driver.o
                0x08002cce                DetermineTouchPosition
 .text.ReadRegisterFromTouchModule
                0x08002ce4       0x1c ./Core/Src/LCD_Driver.o
                0x08002ce4                ReadRegisterFromTouchModule
 .text.WriteDataToTouchModule
                0x08002d00       0x24 ./Core/Src/LCD_Driver.o
                0x08002d00                WriteDataToTouchModule
 .text.game_init
                0x08002d24       0xe4 ./Core/Src/game.o
                0x08002d24                game_init
 .text.game_over
                0x08002e08       0x28 ./Core/Src/game.o
                0x08002e08                game_over
 .text.game_drop
                0x08002e30      0x11c ./Core/Src/game.o
                0x08002e30                game_drop
 .text.game_rotate
                0x08002f4c       0x7c ./Core/Src/game.o
                0x08002f4c                game_rotate
 .text.game_move
                0x08002fc8       0xa0 ./Core/Src/game.o
                0x08002fc8                game_move
 .text.I2C3_EV_IRQHandler
                0x08003068        0xe ./Core/Src/game.o
                0x08003068                I2C3_EV_IRQHandler
 .text.ili9341_Init
                0x08003076      0x294 ./Core/Src/ili9341.o
                0x08003076                ili9341_Init
 .text.ili9341_Write_Reg
                0x0800330a       0x1a ./Core/Src/ili9341.o
                0x0800330a                ili9341_Write_Reg
 .text.ili9341_Send_Data
                0x08003324       0x1a ./Core/Src/ili9341.o
                0x08003324                ili9341_Send_Data
 *fill*         0x0800333e        0x2 
 .text.SPI_Init
                0x08003340       0x74 ./Core/Src/ili9341.o
 .text.SPI_Write
                0x080033b4       0x3c ./Core/Src/ili9341.o
 .text.SPI_Error
                0x080033f0       0x18 ./Core/Src/ili9341.o
 .text.SPI_MspInit
                0x08003408       0x74 ./Core/Src/ili9341.o
 .text.LCD_IO_Init
                0x0800347c       0xf0 ./Core/Src/ili9341.o
                0x0800347c                LCD_IO_Init
 .text.LCD_IO_WriteData
                0x0800356c       0x44 ./Core/Src/ili9341.o
                0x0800356c                LCD_IO_WriteData
 .text.LCD_IO_WriteReg
                0x080035b0       0x44 ./Core/Src/ili9341.o
                0x080035b0                LCD_IO_WriteReg
 .text.LCD_Delay
                0x080035f4       0x16 ./Core/Src/ili9341.o
                0x080035f4                LCD_Delay
 .text.main     0x0800360a       0x3c ./Core/Src/main.o
                0x0800360a                main
 *fill*         0x08003646        0x2 
 .text.MX_I2C3_Init
                0x08003648       0x80 ./Core/Src/main.o
 .text.MX_LTDC_Init
                0x080036c8      0x164 ./Core/Src/main.o
 .text.MX_RNG_Init
                0x0800382c       0x28 ./Core/Src/main.o
 .text.MX_SPI5_Init
                0x08003854       0x6c ./Core/Src/main.o
 .text.MX_TIM2_Init
                0x080038c0       0x98 ./Core/Src/main.o
 .text.MX_TIM5_Init
                0x08003958       0x9c ./Core/Src/main.o
 .text.MX_GPIO_Init
                0x080039f4      0x35c ./Core/Src/main.o
 .text.SystemClockOverride
                0x08003d50       0xa4 ./Core/Src/main.o
                0x08003d50                SystemClockOverride
 .text.Error_Handler
                0x08003df4        0xc ./Core/Src/main.o
                0x08003df4                Error_Handler
 .text.HAL_MspInit
                0x08003e00       0x50 ./Core/Src/stm32f4xx_hal_msp.o
                0x08003e00                HAL_MspInit
 .text.HAL_I2C_MspInit
                0x08003e50       0xd4 ./Core/Src/stm32f4xx_hal_msp.o
                0x08003e50                HAL_I2C_MspInit
 .text.HAL_LTDC_MspInit
                0x08003f24      0x250 ./Core/Src/stm32f4xx_hal_msp.o
                0x08003f24                HAL_LTDC_MspInit
 .text.HAL_RNG_MspInit
                0x08004174       0x44 ./Core/Src/stm32f4xx_hal_msp.o
                0x08004174                HAL_RNG_MspInit
 .text.HAL_SPI_MspInit
                0x080041b8       0x90 ./Core/Src/stm32f4xx_hal_msp.o
                0x080041b8                HAL_SPI_MspInit
 .text.HAL_SPI_MspDeInit
                0x08004248       0x3c ./Core/Src/stm32f4xx_hal_msp.o
                0x08004248                HAL_SPI_MspDeInit
 .text.HAL_TIM_Base_MspInit
                0x08004284       0x6c ./Core/Src/stm32f4xx_hal_msp.o
                0x08004284                HAL_TIM_Base_MspInit
 .text.NMI_Handler
                0x080042f0        0x8 ./Core/Src/stm32f4xx_it.o
                0x080042f0                NMI_Handler
 .text.HardFault_Handler
                0x080042f8        0x8 ./Core/Src/stm32f4xx_it.o
                0x080042f8                HardFault_Handler
 .text.MemManage_Handler
                0x08004300        0x8 ./Core/Src/stm32f4xx_it.o
                0x08004300                MemManage_Handler
 .text.BusFault_Handler
                0x08004308        0x8 ./Core/Src/stm32f4xx_it.o
                0x08004308                BusFault_Handler
 .text.UsageFault_Handler
                0x08004310        0x8 ./Core/Src/stm32f4xx_it.o
                0x08004310                UsageFault_Handler
 .text.SVC_Handler
                0x08004318        0xe ./Core/Src/stm32f4xx_it.o
                0x08004318                SVC_Handler
 .text.DebugMon_Handler
                0x08004326        0xe ./Core/Src/stm32f4xx_it.o
                0x08004326                DebugMon_Handler
 .text.PendSV_Handler
                0x08004334        0xe ./Core/Src/stm32f4xx_it.o
                0x08004334                PendSV_Handler
 .text.SysTick_Handler
                0x08004342        0xc ./Core/Src/stm32f4xx_it.o
                0x08004342                SysTick_Handler
 *fill*         0x0800434e        0x2 
 .text.__NVIC_EnableIRQ
                0x08004350       0x3c ./Core/Src/stmpe811.o
 .text.STMPE811_Init
                0x0800438c      0x18e ./Core/Src/stmpe811.o
                0x0800438c                STMPE811_Init
 .text.STMPE811_Read
                0x0800451a       0x22 ./Core/Src/stmpe811.o
                0x0800451a                STMPE811_Read
 .text.STMPE811_Write
                0x0800453c       0x24 ./Core/Src/stmpe811.o
                0x0800453c                STMPE811_Write
 .text.STMPE811_DetermineTouchPosition
                0x08004560       0xee ./Core/Src/stmpe811.o
                0x08004560                STMPE811_DetermineTouchPosition
 *fill*         0x0800464e        0x2 
 .text.enableInterruptSupportForTouch
                0x08004650       0x64 ./Core/Src/stmpe811.o
                0x08004650                enableInterruptSupportForTouch
 .text.verifyHAL_I2C_IS_OKAY
                0x080046b4       0x20 ./Core/Src/stmpe811.o
                0x080046b4                verifyHAL_I2C_IS_OKAY
 .text.I2C3_Init
                0x080046d4       0x7c ./Core/Src/stmpe811.o
 .text.I2C3_MspInit
                0x08004750       0xa8 ./Core/Src/stmpe811.o
 .text.I2C3_Write
                0x080047f8       0x54 ./Core/Src/stmpe811.o
                0x080047f8                I2C3_Write
 .text.I2C3_Read
                0x0800484c       0x4c ./Core/Src/stmpe811.o
                0x0800484c                I2C3_Read
 .text.I2C3_MulitByteRead
                0x08004898       0x44 ./Core/Src/stmpe811.o
                0x08004898                I2C3_MulitByteRead
 .text.TM_STMPE811_ReadX
                0x080048dc       0xbc ./Core/Src/stmpe811.o
                0x080048dc                TM_STMPE811_ReadX
 .text.TM_STMPE811_ReadY
                0x08004998       0xa4 ./Core/Src/stmpe811.o
                0x08004998                TM_STMPE811_ReadY
 .text.initialise_monitor_handles
                0x08004a3c        0xe ./Core/Src/syscalls.o
                0x08004a3c                initialise_monitor_handles
 *fill*         0x08004a4a        0x2 
 .text.SystemInit
                0x08004a4c       0x24 ./Core/Src/system_stm32f4xx.o
                0x08004a4c                SystemInit
 .text.Reset_Handler
                0x08004a70       0x50 ./Core/Startup/startup_stm32f429zitx.o
                0x08004a70                Reset_Handler
 .text.Default_Handler
                0x08004ac0        0x2 ./Core/Startup/startup_stm32f429zitx.o
                0x08004ac0                RTC_Alarm_IRQHandler
                0x08004ac0                HASH_RNG_IRQHandler
                0x08004ac0                EXTI2_IRQHandler
                0x08004ac0                TIM8_CC_IRQHandler
                0x08004ac0                UART8_IRQHandler
                0x08004ac0                SPI4_IRQHandler
                0x08004ac0                TIM1_CC_IRQHandler
                0x08004ac0                DMA2_Stream5_IRQHandler
                0x08004ac0                DMA1_Stream5_IRQHandler
                0x08004ac0                PVD_IRQHandler
                0x08004ac0                SDIO_IRQHandler
                0x08004ac0                TAMP_STAMP_IRQHandler
                0x08004ac0                CAN2_RX1_IRQHandler
                0x08004ac0                EXTI3_IRQHandler
                0x08004ac0                TIM8_TRG_COM_TIM14_IRQHandler
                0x08004ac0                TIM1_UP_TIM10_IRQHandler
                0x08004ac0                TIM8_UP_TIM13_IRQHandler
                0x08004ac0                I2C3_ER_IRQHandler
                0x08004ac0                I2C2_EV_IRQHandler
                0x08004ac0                DMA1_Stream2_IRQHandler
                0x08004ac0                CAN1_RX0_IRQHandler
                0x08004ac0                FPU_IRQHandler
                0x08004ac0                OTG_HS_WKUP_IRQHandler
                0x08004ac0                LTDC_ER_IRQHandler
                0x08004ac0                CAN2_SCE_IRQHandler
                0x08004ac0                DMA2_Stream2_IRQHandler
                0x08004ac0                SPI1_IRQHandler
                0x08004ac0                TIM6_DAC_IRQHandler
                0x08004ac0                TIM1_BRK_TIM9_IRQHandler
                0x08004ac0                DCMI_IRQHandler
                0x08004ac0                CAN2_RX0_IRQHandler
                0x08004ac0                DMA2_Stream3_IRQHandler
                0x08004ac0                USART6_IRQHandler
                0x08004ac0                USART3_IRQHandler
                0x08004ac0                CAN1_RX1_IRQHandler
                0x08004ac0                UART5_IRQHandler
                0x08004ac0                DMA2_Stream0_IRQHandler
                0x08004ac0                TIM4_IRQHandler
                0x08004ac0                I2C1_EV_IRQHandler
                0x08004ac0                DMA1_Stream6_IRQHandler
                0x08004ac0                DMA1_Stream1_IRQHandler
                0x08004ac0                UART4_IRQHandler
                0x08004ac0                TIM3_IRQHandler
                0x08004ac0                RCC_IRQHandler
                0x08004ac0                TIM8_BRK_TIM12_IRQHandler
                0x08004ac0                Default_Handler
                0x08004ac0                ADC_IRQHandler
                0x08004ac0                DMA1_Stream7_IRQHandler
                0x08004ac0                SPI5_IRQHandler
                0x08004ac0                TIM7_IRQHandler
                0x08004ac0                CAN2_TX_IRQHandler
                0x08004ac0                TIM5_IRQHandler
                0x08004ac0                DMA2_Stream7_IRQHandler
                0x08004ac0                EXTI9_5_IRQHandler
                0x08004ac0                RTC_WKUP_IRQHandler
                0x08004ac0                LTDC_IRQHandler
                0x08004ac0                ETH_WKUP_IRQHandler
                0x08004ac0                SPI2_IRQHandler
                0x08004ac0                OTG_HS_EP1_IN_IRQHandler
                0x08004ac0                DMA1_Stream0_IRQHandler
                0x08004ac0                CAN1_TX_IRQHandler
                0x08004ac0                EXTI4_IRQHandler
                0x08004ac0                ETH_IRQHandler
                0x08004ac0                OTG_HS_EP1_OUT_IRQHandler
                0x08004ac0                WWDG_IRQHandler
                0x08004ac0                SPI6_IRQHandler
                0x08004ac0                TIM2_IRQHandler
                0x08004ac0                OTG_FS_WKUP_IRQHandler
                0x08004ac0                TIM1_TRG_COM_TIM11_IRQHandler
                0x08004ac0                OTG_HS_IRQHandler
                0x08004ac0                DMA2D_IRQHandler
                0x08004ac0                EXTI1_IRQHandler
                0x08004ac0                UART7_IRQHandler
                0x08004ac0                USART2_IRQHandler
                0x08004ac0                I2C2_ER_IRQHandler
                0x08004ac0                DMA2_Stream1_IRQHandler
                0x08004ac0                CAN1_SCE_IRQHandler
                0x08004ac0                FLASH_IRQHandler
                0x08004ac0                DMA2_Stream4_IRQHandler
                0x08004ac0                USART1_IRQHandler
                0x08004ac0                OTG_FS_IRQHandler
                0x08004ac0                SPI3_IRQHandler
                0x08004ac0                DMA1_Stream4_IRQHandler
                0x08004ac0                I2C1_ER_IRQHandler
                0x08004ac0                FMC_IRQHandler
                0x08004ac0                DMA2_Stream6_IRQHandler
                0x08004ac0                SAI1_IRQHandler
                0x08004ac0                DMA1_Stream3_IRQHandler
 *fill*         0x08004ac2        0x2 
 .text.HAL_Init
                0x08004ac4       0x44 ./Drivers/STM32F4xx_HAL_Driver/Src/stm32f4xx_hal.o
                0x08004ac4                HAL_Init
 .text.HAL_InitTick
                0x08004b08       0x60 ./Drivers/STM32F4xx_HAL_Driver/Src/stm32f4xx_hal.o
                0x08004b08                HAL_InitTick
 .text.HAL_IncTick
                0x08004b68       0x28 ./Drivers/STM32F4xx_HAL_Driver/Src/stm32f4xx_hal.o
                0x08004b68                HAL_IncTick
 .text.HAL_GetTick
                0x08004b90       0x18 ./Drivers/STM32F4xx_HAL_Driver/Src/stm32f4xx_hal.o
                0x08004b90                HAL_GetTick
 .text.HAL_Delay
                0x08004ba8       0x48 ./Drivers/STM32F4xx_HAL_Driver/Src/stm32f4xx_hal.o
                0x08004ba8                HAL_Delay
 .text.__NVIC_SetPriorityGrouping
                0x08004bf0       0x48 ./Drivers/STM32F4xx_HAL_Driver/Src/stm32f4xx_hal_cortex.o
 .text.__NVIC_GetPriorityGrouping
                0x08004c38       0x1c ./Drivers/STM32F4xx_HAL_Driver/Src/stm32f4xx_hal_cortex.o
 .text.__NVIC_EnableIRQ
                0x08004c54       0x3c ./Drivers/STM32F4xx_HAL_Driver/Src/stm32f4xx_hal_cortex.o
 .text.__NVIC_DisableIRQ
                0x08004c90       0x48 ./Drivers/STM32F4xx_HAL_Driver/Src/stm32f4xx_hal_cortex.o
 .text.__NVIC_ClearPendingIRQ
                0x08004cd8       0x3c ./Drivers/STM32F4xx_HAL_Driver/Src/stm32f4xx_hal_cortex.o
 .text.__NVIC_SetPriority
                0x08004d14       0x54 ./Drivers/STM32F4xx_HAL_Driver/Src/stm32f4xx_hal_cortex.o
 .text.NVIC_EncodePriority
                0x08004d68       0x66 ./Drivers/STM32F4xx_HAL_Driver/Src/stm32f4xx_hal_cortex.o
 *fill*         0x08004dce        0x2 
 .text.SysTick_Config
                0x08004dd0       0x44 ./Drivers/STM32F4xx_HAL_Driver/Src/stm32f4xx_hal_cortex.o
 .text.HAL_NVIC_SetPriorityGrouping
                0x08004e14       0x16 ./Drivers/STM32F4xx_HAL_Driver/Src/stm32f4xx_hal_cortex.o
                0x08004e14                HAL_NVIC_SetPriorityGrouping
 .text.HAL_NVIC_SetPriority
                0x08004e2a       0x38 ./Drivers/STM32F4xx_HAL_Driver/Src/stm32f4xx_hal_cortex.o
                0x08004e2a                HAL_NVIC_SetPriority
 .text.HAL_NVIC_EnableIRQ
                0x08004e62       0x1c ./Drivers/STM32F4xx_HAL_Driver/Src/stm32f4xx_hal_cortex.o
                0x08004e62                HAL_NVIC_EnableIRQ
 .text.HAL_NVIC_DisableIRQ
                0x08004e7e       0x1c ./Drivers/STM32F4xx_HAL_Driver/Src/stm32f4xx_hal_cortex.o
                0x08004e7e                HAL_NVIC_DisableIRQ
 .text.HAL_SYSTICK_Config
                0x08004e9a       0x18 ./Drivers/STM32F4xx_HAL_Driver/Src/stm32f4xx_hal_cortex.o
                0x08004e9a                HAL_SYSTICK_Config
 .text.HAL_NVIC_ClearPendingIRQ
                0x08004eb2       0x1c ./Drivers/STM32F4xx_HAL_Driver/Src/stm32f4xx_hal_cortex.o
                0x08004eb2                HAL_NVIC_ClearPendingIRQ
 *fill*         0x08004ece        0x2 
 .text.HAL_EXTI_ClearPending
                0x08004ed0       0x30 ./Drivers/STM32F4xx_HAL_Driver/Src/stm32f4xx_hal_exti.o
                0x08004ed0                HAL_EXTI_ClearPending
 .text.HAL_GPIO_Init
                0x08004f00      0x358 ./Drivers/STM32F4xx_HAL_Driver/Src/stm32f4xx_hal_gpio.o
                0x08004f00                HAL_GPIO_Init
 .text.HAL_GPIO_DeInit
                0x08005258      0x218 ./Drivers/STM32F4xx_HAL_Driver/Src/stm32f4xx_hal_gpio.o
                0x08005258                HAL_GPIO_DeInit
 .text.HAL_GPIO_WritePin
                0x08005470       0x32 ./Drivers/STM32F4xx_HAL_Driver/Src/stm32f4xx_hal_gpio.o
                0x08005470                HAL_GPIO_WritePin
 *fill*         0x080054a2        0x2 
 .text.HAL_I2C_Init
                0x080054a4      0x288 ./Drivers/STM32F4xx_HAL_Driver/Src/stm32f4xx_hal_i2c.o
                0x080054a4                HAL_I2C_Init
 .text.HAL_I2C_Mem_Write
                0x0800572c      0x1f4 ./Drivers/STM32F4xx_HAL_Driver/Src/stm32f4xx_hal_i2c.o
                0x0800572c                HAL_I2C_Mem_Write
 .text.HAL_I2C_Mem_Read
                0x08005920      0x464 ./Drivers/STM32F4xx_HAL_Driver/Src/stm32f4xx_hal_i2c.o
                0x08005920                HAL_I2C_Mem_Read
 .text.I2C_RequestMemoryWrite
                0x08005d84      0x12c ./Drivers/STM32F4xx_HAL_Driver/Src/stm32f4xx_hal_i2c.o
 .text.I2C_RequestMemoryRead
                0x08005eb0      0x1d0 ./Drivers/STM32F4xx_HAL_Driver/Src/stm32f4xx_hal_i2c.o
 .text.I2C_WaitOnFlagUntilTimeout
                0x08006080       0xf4 ./Drivers/STM32F4xx_HAL_Driver/Src/stm32f4xx_hal_i2c.o
 .text.I2C_WaitOnMasterAddressFlagUntilTimeout
                0x08006174      0x140 ./Drivers/STM32F4xx_HAL_Driver/Src/stm32f4xx_hal_i2c.o
 .text.I2C_WaitOnTXEFlagUntilTimeout
                0x080062b4       0x90 ./Drivers/STM32F4xx_HAL_Driver/Src/stm32f4xx_hal_i2c.o
 .text.I2C_WaitOnBTFFlagUntilTimeout
                0x08006344       0x90 ./Drivers/STM32F4xx_HAL_Driver/Src/stm32f4xx_hal_i2c.o
 .text.I2C_WaitOnRXNEFlagUntilTimeout
                0x080063d4       0xba ./Drivers/STM32F4xx_HAL_Driver/Src/stm32f4xx_hal_i2c.o
 .text.I2C_IsAcknowledgeFailed
                0x0800648e       0x5e ./Drivers/STM32F4xx_HAL_Driver/Src/stm32f4xx_hal_i2c.o
 .text.HAL_I2CEx_ConfigAnalogFilter
                0x080064ec       0x78 ./Drivers/STM32F4xx_HAL_Driver/Src/stm32f4xx_hal_i2c_ex.o
                0x080064ec                HAL_I2CEx_ConfigAnalogFilter
 .text.HAL_I2CEx_ConfigDigitalFilter
                0x08006564       0x7e ./Drivers/STM32F4xx_HAL_Driver/Src/stm32f4xx_hal_i2c_ex.o
                0x08006564                HAL_I2CEx_ConfigDigitalFilter
 *fill*         0x080065e2        0x2 
 .text.HAL_LTDC_Init
                0x080065e4      0x1a0 ./Drivers/STM32F4xx_HAL_Driver/Src/stm32f4xx_hal_ltdc.o
                0x080065e4                HAL_LTDC_Init
 .text.HAL_LTDC_ConfigLayer
                0x08006784       0x7c ./Drivers/STM32F4xx_HAL_Driver/Src/stm32f4xx_hal_ltdc.o
                0x08006784                HAL_LTDC_ConfigLayer
 .text.LTDC_SetConfig
                0x08006800      0x32e ./Drivers/STM32F4xx_HAL_Driver/Src/stm32f4xx_hal_ltdc.o
 *fill*         0x08006b2e        0x2 
 .text.HAL_RCC_OscConfig
                0x08006b30      0x4f0 ./Drivers/STM32F4xx_HAL_Driver/Src/stm32f4xx_hal_rcc.o
                0x08006b30                HAL_RCC_OscConfig
 .text.HAL_RCC_ClockConfig
                0x08007020      0x1cc ./Drivers/STM32F4xx_HAL_Driver/Src/stm32f4xx_hal_rcc.o
                0x08007020                HAL_RCC_ClockConfig
 .text.HAL_RCC_GetSysClockFreq
                0x080071ec      0x20c ./Drivers/STM32F4xx_HAL_Driver/Src/stm32f4xx_hal_rcc.o
                0x080071ec                HAL_RCC_GetSysClockFreq
 .text.HAL_RCC_GetHCLKFreq
                0x080073f8       0x18 ./Drivers/STM32F4xx_HAL_Driver/Src/stm32f4xx_hal_rcc.o
                0x080073f8                HAL_RCC_GetHCLKFreq
 .text.HAL_RCC_GetPCLK1Freq
                0x08007410       0x28 ./Drivers/STM32F4xx_HAL_Driver/Src/stm32f4xx_hal_rcc.o
                0x08007410                HAL_RCC_GetPCLK1Freq
 .text.HAL_RCCEx_PeriphCLKConfig
                0x08007438      0x380 ./Drivers/STM32F4xx_HAL_Driver/Src/stm32f4xx_hal_rcc_ex.o
                0x08007438                HAL_RCCEx_PeriphCLKConfig
 .text.HAL_RNG_Init
                0x080077b8       0x54 ./Drivers/STM32F4xx_HAL_Driver/Src/stm32f4xx_hal_rng.o
                0x080077b8                HAL_RNG_Init
 .text.HAL_SPI_Init
                0x0800780c      0x112 ./Drivers/STM32F4xx_HAL_Driver/Src/stm32f4xx_hal_spi.o
                0x0800780c                HAL_SPI_Init
 .text.HAL_SPI_DeInit
                0x0800791e       0x50 ./Drivers/STM32F4xx_HAL_Driver/Src/stm32f4xx_hal_spi.o
                0x0800791e                HAL_SPI_DeInit
 .text.HAL_SPI_Transmit
                0x0800796e      0x288 ./Drivers/STM32F4xx_HAL_Driver/Src/stm32f4xx_hal_spi.o
                0x0800796e                HAL_SPI_Transmit
 .text.HAL_SPI_GetState
                0x08007bf6       0x1c ./Drivers/STM32F4xx_HAL_Driver/Src/stm32f4xx_hal_spi.o
                0x08007bf6                HAL_SPI_GetState
 *fill*         0x08007c12        0x2 
 .text.SPI_WaitFlagStateUntilTimeout
                0x08007c14      0x110 ./Drivers/STM32F4xx_HAL_Driver/Src/stm32f4xx_hal_spi.o
 .text.SPI_EndRxTxTransaction
                0x08007d24       0xa8 ./Drivers/STM32F4xx_HAL_Driver/Src/stm32f4xx_hal_spi.o
 .text.HAL_TIM_Base_Init
                0x08007dcc       0x9e ./Drivers/STM32F4xx_HAL_Driver/Src/stm32f4xx_hal_tim.o
                0x08007dcc                HAL_TIM_Base_Init
 .text.HAL_TIM_ConfigClockSource
                0x08007e6a      0x18e ./Drivers/STM32F4xx_HAL_Driver/Src/stm32f4xx_hal_tim.o
                0x08007e6a                HAL_TIM_ConfigClockSource
 .text.TIM_Base_SetConfig
                0x08007ff8      0x158 ./Drivers/STM32F4xx_HAL_Driver/Src/stm32f4xx_hal_tim.o
                0x08007ff8                TIM_Base_SetConfig
 .text.TIM_TI1_ConfigInputStage
                0x08008150       0x5e ./Drivers/STM32F4xx_HAL_Driver/Src/stm32f4xx_hal_tim.o
 .text.TIM_TI2_ConfigInputStage
                0x080081ae       0x60 ./Drivers/STM32F4xx_HAL_Driver/Src/stm32f4xx_hal_tim.o
 .text.TIM_ITRx_SetConfig
                0x0800820e       0x36 ./Drivers/STM32F4xx_HAL_Driver/Src/stm32f4xx_hal_tim.o
 .text.TIM_ETR_SetConfig
                0x08008244       0x40 ./Drivers/STM32F4xx_HAL_Driver/Src/stm32f4xx_hal_tim.o
                0x08008244                TIM_ETR_SetConfig
 .text.HAL_TIMEx_MasterConfigSynchronization
                0x08008284       0xf8 ./Drivers/STM32F4xx_HAL_Driver/Src/stm32f4xx_hal_tim_ex.o
                0x08008284                HAL_TIMEx_MasterConfigSynchronization
 .text.memset   0x0800837c       0x10 C:/ST/STM32CubeIDE_1.16.0/STM32CubeIDE/plugins/com.st.stm32cube.ide.mcu.externaltools.gnu-tools-for-stm32.12.3.rel1.win32_1.0.200.202406191623/tools/bin/../lib/gcc/arm-none-eabi/12.3.1/../../../../arm-none-eabi/lib/thumb/v7e-m+fp/hard\libc_nano.a(libc_a-memset.o)
                0x0800837c                memset
 .text.__libc_init_array
                0x0800838c       0x48 C:/ST/STM32CubeIDE_1.16.0/STM32CubeIDE/plugins/com.st.stm32cube.ide.mcu.externaltools.gnu-tools-for-stm32.12.3.rel1.win32_1.0.200.202406191623/tools/bin/../lib/gcc/arm-none-eabi/12.3.1/../../../../arm-none-eabi/lib/thumb/v7e-m+fp/hard\libc_nano.a(libc_a-init.o)
                0x0800838c                __libc_init_array
 .text.memcpy   0x080083d4       0x1c C:/ST/STM32CubeIDE_1.16.0/STM32CubeIDE/plugins/com.st.stm32cube.ide.mcu.externaltools.gnu-tools-for-stm32.12.3.rel1.win32_1.0.200.202406191623/tools/bin/../lib/gcc/arm-none-eabi/12.3.1/../../../../arm-none-eabi/lib/thumb/v7e-m+fp/hard\libc_nano.a(libc_a-memcpy-stub.o)
                0x080083d4                memcpy
 *(.glue_7)
 .glue_7        0x080083f0        0x0 linker stubs
 *(.glue_7t)
 .glue_7t       0x080083f0        0x0 linker stubs
 *(.eh_frame)
 .eh_frame      0x080083f0        0x0 C:/ST/STM32CubeIDE_1.16.0/STM32CubeIDE/plugins/com.st.stm32cube.ide.mcu.externaltools.gnu-tools-for-stm32.12.3.rel1.win32_1.0.200.202406191623/tools/bin/../lib/gcc/arm-none-eabi/12.3.1/thumb/v7e-m+fp/hard/crtbegin.o
 *(.init)
 .init          0x080083f0        0x4 C:/ST/STM32CubeIDE_1.16.0/STM32CubeIDE/plugins/com.st.stm32cube.ide.mcu.externaltools.gnu-tools-for-stm32.12.3.rel1.win32_1.0.200.202406191623/tools/bin/../lib/gcc/arm-none-eabi/12.3.1/thumb/v7e-m+fp/hard/crti.o
                0x080083f0                _init
 .init          0x080083f4        0x8 C:/ST/STM32CubeIDE_1.16.0/STM32CubeIDE/plugins/com.st.stm32cube.ide.mcu.externaltools.gnu-tools-for-stm32.12.3.rel1.win32_1.0.200.202406191623/tools/bin/../lib/gcc/arm-none-eabi/12.3.1/thumb/v7e-m+fp/hard/crtn.o
 *(.fini)
 .fini          0x080083fc        0x4 C:/ST/STM32CubeIDE_1.16.0/STM32CubeIDE/plugins/com.st.stm32cube.ide.mcu.externaltools.gnu-tools-for-stm32.12.3.rel1.win32_1.0.200.202406191623/tools/bin/../lib/gcc/arm-none-eabi/12.3.1/thumb/v7e-m+fp/hard/crti.o
                0x080083fc                _fini
 .fini          0x08008400        0x8 C:/ST/STM32CubeIDE_1.16.0/STM32CubeIDE/plugins/com.st.stm32cube.ide.mcu.externaltools.gnu-tools-for-stm32.12.3.rel1.win32_1.0.200.202406191623/tools/bin/../lib/gcc/arm-none-eabi/12.3.1/thumb/v7e-m+fp/hard/crtn.o
                0x08008408                        . = ALIGN (0x4)
                0x08008408                        _etext = .

.vfp11_veneer   0x08008408        0x0
 .vfp11_veneer  0x08008408        0x0 linker stubs

.v4_bx          0x08008408        0x0
 .v4_bx         0x08008408        0x0 linker stubs

.iplt           0x08008408        0x0
 .iplt          0x08008408        0x0 C:/ST/STM32CubeIDE_1.16.0/STM32CubeIDE/plugins/com.st.stm32cube.ide.mcu.externaltools.gnu-tools-for-stm32.12.3.rel1.win32_1.0.200.202406191623/tools/bin/../lib/gcc/arm-none-eabi/12.3.1/thumb/v7e-m+fp/hard/crtbegin.o

.rodata         0x08008408     0x1bd4
                0x08008408                        . = ALIGN (0x4)
 *(.rodata)
 .rodata        0x08008408       0xe9 ./Core/Src/BlockDriver.o
 *(.rodata*)
 *fill*         0x080084f1        0x3 
 .rodata.ASCII16x24_Table
                0x080084f4     0x11d0 ./Core/Src/fonts.o
                0x080084f4                ASCII16x24_Table
 .rodata.ASCII12x12_Table
                0x080096c4      0x900 ./Core/Src/fonts.o
                0x080096c4                ASCII12x12_Table
 .rodata.AHBPrescTable
                0x08009fc4       0x10 ./Core/Src/system_stm32f4xx.o
                0x08009fc4                AHBPrescTable
 .rodata.APBPrescTable
                0x08009fd4        0x8 ./Core/Src/system_stm32f4xx.o
                0x08009fd4                APBPrescTable
                0x08009fdc                        . = ALIGN (0x4)

.ARM.extab      0x08009fdc        0x0
                0x08009fdc                        . = ALIGN (0x4)
 *(.ARM.extab* .gnu.linkonce.armextab.*)
                0x08009fdc                        . = ALIGN (0x4)

.ARM            0x08009fdc        0x8
                0x08009fdc                        . = ALIGN (0x4)
                0x08009fdc                        __exidx_start = .
 *(.ARM.exidx*)
 .ARM.exidx     0x08009fdc        0x8 C:/ST/STM32CubeIDE_1.16.0/STM32CubeIDE/plugins/com.st.stm32cube.ide.mcu.externaltools.gnu-tools-for-stm32.12.3.rel1.win32_1.0.200.202406191623/tools/bin/../lib/gcc/arm-none-eabi/12.3.1/thumb/v7e-m+fp/hard\libgcc.a(_udivmoddi4.o)
                0x08009fe4                        __exidx_end = .
                0x08009fe4                        . = ALIGN (0x4)

.preinit_array  0x08009fe4        0x0
                0x08009fe4                        . = ALIGN (0x4)
                0x08009fe4                        PROVIDE (__preinit_array_start = .)
 *(.preinit_array*)
                0x08009fe4                        PROVIDE (__preinit_array_end = .)
                0x08009fe4                        . = ALIGN (0x4)

.init_array     0x08009fe4        0x4
                0x08009fe4                        . = ALIGN (0x4)
                0x08009fe4                        PROVIDE (__init_array_start = .)
 *(SORT_BY_NAME(.init_array.*))
 *(.init_array*)
 .init_array    0x08009fe4        0x4 C:/ST/STM32CubeIDE_1.16.0/STM32CubeIDE/plugins/com.st.stm32cube.ide.mcu.externaltools.gnu-tools-for-stm32.12.3.rel1.win32_1.0.200.202406191623/tools/bin/../lib/gcc/arm-none-eabi/12.3.1/thumb/v7e-m+fp/hard/crtbegin.o
                0x08009fe8                        PROVIDE (__init_array_end = .)
                0x08009fe8                        . = ALIGN (0x4)

.fini_array     0x08009fe8        0x4
                0x08009fe8                        . = ALIGN (0x4)
                [!provide]                        PROVIDE (__fini_array_start = .)
 *(SORT_BY_NAME(.fini_array.*))
 *(.fini_array*)
 .fini_array    0x08009fe8        0x4 C:/ST/STM32CubeIDE_1.16.0/STM32CubeIDE/plugins/com.st.stm32cube.ide.mcu.externaltools.gnu-tools-for-stm32.12.3.rel1.win32_1.0.200.202406191623/tools/bin/../lib/gcc/arm-none-eabi/12.3.1/thumb/v7e-m+fp/hard/crtbegin.o
                [!provide]                        PROVIDE (__fini_array_end = .)
                0x08009fec                        . = ALIGN (0x4)
                0x08009fec                        _sidata = LOADADDR (.data)

.rel.dyn        0x08009fec        0x0
 .rel.iplt      0x08009fec        0x0 C:/ST/STM32CubeIDE_1.16.0/STM32CubeIDE/plugins/com.st.stm32cube.ide.mcu.externaltools.gnu-tools-for-stm32.12.3.rel1.win32_1.0.200.202406191623/tools/bin/../lib/gcc/arm-none-eabi/12.3.1/thumb/v7e-m+fp/hard/crtbegin.o

.data           0x20000000       0x24 load address 0x08009fec
                0x20000000                        . = ALIGN (0x4)
                0x20000000                        _sdata = .
 *(.data)
 *(.data*)
 .data.CurrentTextColor
                0x20000000        0x2 ./Core/Src/LCD_Driver.o
 *fill*         0x20000002        0x2 
 .data.Font16x24
                0x20000004        0x8 ./Core/Src/fonts.o
                0x20000004                Font16x24
 .data.Font12x12
                0x2000000c        0x8 ./Core/Src/fonts.o
                0x2000000c                Font12x12
 .data.SpiTimeout
                0x20000014        0x4 ./Core/Src/ili9341.o
                0x20000014                SpiTimeout
 .data.SystemCoreClock
                0x20000018        0x4 ./Core/Src/system_stm32f4xx.o
                0x20000018                SystemCoreClock
 .data.uwTickPrio
                0x2000001c        0x4 ./Drivers/STM32F4xx_HAL_Driver/Src/stm32f4xx_hal.o
                0x2000001c                uwTickPrio
 .data.uwTickFreq
                0x20000020        0x1 ./Drivers/STM32F4xx_HAL_Driver/Src/stm32f4xx_hal.o
                0x20000020                uwTickFreq
 *(.RamFunc)
 *(.RamFunc*)
                0x20000024                        . = ALIGN (0x4)
 *fill*         0x20000021        0x3 
                0x20000024                        _edata = .
                0x0800a010                        _siccmram = LOADADDR (.ccmram)

.igot.plt       0x20000024        0x0 load address 0x0800a010
 .igot.plt      0x20000024        0x0 C:/ST/STM32CubeIDE_1.16.0/STM32CubeIDE/plugins/com.st.stm32cube.ide.mcu.externaltools.gnu-tools-for-stm32.12.3.rel1.win32_1.0.200.202406191623/tools/bin/../lib/gcc/arm-none-eabi/12.3.1/thumb/v7e-m+fp/hard/crtbegin.o

.ccmram         0x10000000        0x0 load address 0x0800a010
                0x10000000                        . = ALIGN (0x4)
                0x10000000                        _sccmram = .
 *(.ccmram)
 *(.ccmram*)
                0x10000000                        . = ALIGN (0x4)
                0x10000000                        _eccmram = .
                0x10000000                        . = ALIGN (0x4)

.bss            0x20000024    0x25e28
                0x20000024                        _sbss = .
                0x20000024                        __bss_start__ = _sbss
 *(.bss)
 .bss           0x20000024       0x1c C:/ST/STM32CubeIDE_1.16.0/STM32CubeIDE/plugins/com.st.stm32cube.ide.mcu.externaltools.gnu-tools-for-stm32.12.3.rel1.win32_1.0.200.202406191623/tools/bin/../lib/gcc/arm-none-eabi/12.3.1/thumb/v7e-m+fp/hard/crtbegin.o
 *(.bss*)
 .bss.StaticTouchData
                0x20000040        0x8 ./Core/Src/ApplicationCode.o
 .bss.LCDTouchIRQ
                0x20000048        0x8 ./Core/Src/ApplicationCode.o
 .bss.statusFlag
                0x20000050        0x1 ./Core/Src/ApplicationCode.o
 *fill*         0x20000051        0x3 
 .bss.count.0   0x20000054        0x4 ./Core/Src/ApplicationCode.o
 .bss.hltdc     0x20000058       0xa8 ./Core/Src/LCD_Driver.o
 .bss.PeriphClkInitStruct
                0x20000100       0x30 ./Core/Src/LCD_Driver.o
 .bss.LCD_Currentfonts
                0x20000130        0x4 ./Core/Src/LCD_Driver.o
 .bss.frameBuffer
                0x20000134    0x25800 ./Core/Src/LCD_Driver.o
                0x20000134                frameBuffer
 .bss.block     0x20025934       0x34 ./Core/Src/game.o
 .bss.map       0x20025968      0x236 ./Core/Src/game.o
 *fill*         0x20025b9e        0x2 
 .bss.SpiHandle
                0x20025ba0       0x58 ./Core/Src/ili9341.o
 .bss.Is_LCD_IO_Initialized
                0x20025bf8        0x1 ./Core/Src/ili9341.o
 *fill*         0x20025bf9        0x3 
 .bss.hi2c3     0x20025bfc       0x54 ./Core/Src/main.o
                0x20025bfc                hi2c3
 .bss.hltdc     0x20025c50       0xa8 ./Core/Src/main.o
                0x20025c50                hltdc
 .bss.hrng      0x20025cf8       0x10 ./Core/Src/main.o
                0x20025cf8                hrng
 .bss.hspi5     0x20025d08       0x58 ./Core/Src/main.o
                0x20025d08                hspi5
 .bss.htim2     0x20025d60       0x48 ./Core/Src/main.o
                0x20025d60                htim2
 .bss.htim5     0x20025da8       0x48 ./Core/Src/main.o
                0x20025da8                htim5
 .bss.hI2C3     0x20025df0       0x54 ./Core/Src/stmpe811.o
 .bss.HAL_status
                0x20025e44        0x1 ./Core/Src/stmpe811.o
 *fill*         0x20025e45        0x3 
 .bss.uwTick    0x20025e48        0x4 ./Drivers/STM32F4xx_HAL_Driver/Src/stm32f4xx_hal.o
                0x20025e48                uwTick
 *(COMMON)
                0x20025e4c                        . = ALIGN (0x4)
                0x20025e4c                        _ebss = .
                0x20025e4c                        __bss_end__ = _ebss

._user_heap_stack
                0x20025e4c      0x604
                0x20025e50                        . = ALIGN (0x8)
 *fill*         0x20025e4c        0x4 
                [!provide]                        PROVIDE (end = .)
                0x20025e50                        PROVIDE (_end = .)
                0x20026050                        . = (. + _Min_Heap_Size)
 *fill*         0x20025e50      0x200 
                0x20026450                        . = (. + _Min_Stack_Size)
 *fill*         0x20026050      0x400 
                0x20026450                        . = ALIGN (0x8)

/DISCARD/
 libc.a(*)
 libm.a(*)
 libgcc.a(*)

.ARM.attributes
                0x00000000       0x30
 *(.ARM.attributes)
 .ARM.attributes
                0x00000000       0x22 C:/ST/STM32CubeIDE_1.16.0/STM32CubeIDE/plugins/com.st.stm32cube.ide.mcu.externaltools.gnu-tools-for-stm32.12.3.rel1.win32_1.0.200.202406191623/tools/bin/../lib/gcc/arm-none-eabi/12.3.1/thumb/v7e-m+fp/hard/crti.o
 .ARM.attributes
                0x00000022       0x34 C:/ST/STM32CubeIDE_1.16.0/STM32CubeIDE/plugins/com.st.stm32cube.ide.mcu.externaltools.gnu-tools-for-stm32.12.3.rel1.win32_1.0.200.202406191623/tools/bin/../lib/gcc/arm-none-eabi/12.3.1/thumb/v7e-m+fp/hard/crtbegin.o
 .ARM.attributes
                0x00000056       0x34 ./Core/Src/ApplicationCode.o
 .ARM.attributes
                0x0000008a       0x34 ./Core/Src/BlockDriver.o
 .ARM.attributes
                0x000000be       0x34 ./Core/Src/Button_Driver.o
 .ARM.attributes
                0x000000f2       0x34 ./Core/Src/LCD_Driver.o
 .ARM.attributes
                0x00000126       0x34 ./Core/Src/fonts.o
 .ARM.attributes
                0x0000015a       0x34 ./Core/Src/game.o
 .ARM.attributes
                0x0000018e       0x34 ./Core/Src/ili9341.o
 .ARM.attributes
                0x000001c2       0x34 ./Core/Src/main.o
 .ARM.attributes
                0x000001f6       0x34 ./Core/Src/stm32f4xx_hal_msp.o
 .ARM.attributes
                0x0000022a       0x34 ./Core/Src/stm32f4xx_it.o
 .ARM.attributes
                0x0000025e       0x34 ./Core/Src/stmpe811.o
 .ARM.attributes
                0x00000292       0x34 ./Core/Src/syscalls.o
 .ARM.attributes
                0x000002c6       0x34 ./Core/Src/system_stm32f4xx.o
 .ARM.attributes
                0x000002fa       0x21 ./Core/Startup/startup_stm32f429zitx.o
 .ARM.attributes
                0x0000031b       0x34 ./Drivers/STM32F4xx_HAL_Driver/Src/stm32f4xx_hal.o
 .ARM.attributes
                0x0000034f       0x34 ./Drivers/STM32F4xx_HAL_Driver/Src/stm32f4xx_hal_cortex.o
 .ARM.attributes
                0x00000383       0x34 ./Drivers/STM32F4xx_HAL_Driver/Src/stm32f4xx_hal_exti.o
 .ARM.attributes
                0x000003b7       0x34 ./Drivers/STM32F4xx_HAL_Driver/Src/stm32f4xx_hal_gpio.o
 .ARM.attributes
                0x000003eb       0x34 ./Drivers/STM32F4xx_HAL_Driver/Src/stm32f4xx_hal_i2c.o
 .ARM.attributes
                0x0000041f       0x34 ./Drivers/STM32F4xx_HAL_Driver/Src/stm32f4xx_hal_i2c_ex.o
 .ARM.attributes
                0x00000453       0x34 ./Drivers/STM32F4xx_HAL_Driver/Src/stm32f4xx_hal_ltdc.o
 .ARM.attributes
                0x00000487       0x34 ./Drivers/STM32F4xx_HAL_Driver/Src/stm32f4xx_hal_rcc.o
 .ARM.attributes
                0x000004bb       0x34 ./Drivers/STM32F4xx_HAL_Driver/Src/stm32f4xx_hal_rcc_ex.o
 .ARM.attributes
                0x000004ef       0x34 ./Drivers/STM32F4xx_HAL_Driver/Src/stm32f4xx_hal_rng.o
 .ARM.attributes
                0x00000523       0x34 ./Drivers/STM32F4xx_HAL_Driver/Src/stm32f4xx_hal_spi.o
 .ARM.attributes
                0x00000557       0x34 ./Drivers/STM32F4xx_HAL_Driver/Src/stm32f4xx_hal_tim.o
 .ARM.attributes
                0x0000058b       0x34 ./Drivers/STM32F4xx_HAL_Driver/Src/stm32f4xx_hal_tim_ex.o
 .ARM.attributes
                0x000005bf       0x34 C:/ST/STM32CubeIDE_1.16.0/STM32CubeIDE/plugins/com.st.stm32cube.ide.mcu.externaltools.gnu-tools-for-stm32.12.3.rel1.win32_1.0.200.202406191623/tools/bin/../lib/gcc/arm-none-eabi/12.3.1/../../../../arm-none-eabi/lib/thumb/v7e-m+fp/hard\libc_nano.a(libc_a-memset.o)
 .ARM.attributes
                0x000005f3       0x34 C:/ST/STM32CubeIDE_1.16.0/STM32CubeIDE/plugins/com.st.stm32cube.ide.mcu.externaltools.gnu-tools-for-stm32.12.3.rel1.win32_1.0.200.202406191623/tools/bin/../lib/gcc/arm-none-eabi/12.3.1/../../../../arm-none-eabi/lib/thumb/v7e-m+fp/hard\libc_nano.a(libc_a-init.o)
 .ARM.attributes
                0x00000627       0x34 C:/ST/STM32CubeIDE_1.16.0/STM32CubeIDE/plugins/com.st.stm32cube.ide.mcu.externaltools.gnu-tools-for-stm32.12.3.rel1.win32_1.0.200.202406191623/tools/bin/../lib/gcc/arm-none-eabi/12.3.1/../../../../arm-none-eabi/lib/thumb/v7e-m+fp/hard\libc_nano.a(libc_a-memcpy-stub.o)
 .ARM.attributes
                0x0000065b       0x22 C:/ST/STM32CubeIDE_1.16.0/STM32CubeIDE/plugins/com.st.stm32cube.ide.mcu.externaltools.gnu-tools-for-stm32.12.3.rel1.win32_1.0.200.202406191623/tools/bin/../lib/gcc/arm-none-eabi/12.3.1/thumb/v7e-m+fp/hard\libgcc.a(_aeabi_uldivmod.o)
 .ARM.attributes
                0x0000067d       0x34 C:/ST/STM32CubeIDE_1.16.0/STM32CubeIDE/plugins/com.st.stm32cube.ide.mcu.externaltools.gnu-tools-for-stm32.12.3.rel1.win32_1.0.200.202406191623/tools/bin/../lib/gcc/arm-none-eabi/12.3.1/thumb/v7e-m+fp/hard\libgcc.a(_udivmoddi4.o)
 .ARM.attributes
                0x000006b1       0x22 C:/ST/STM32CubeIDE_1.16.0/STM32CubeIDE/plugins/com.st.stm32cube.ide.mcu.externaltools.gnu-tools-for-stm32.12.3.rel1.win32_1.0.200.202406191623/tools/bin/../lib/gcc/arm-none-eabi/12.3.1/thumb/v7e-m+fp/hard\libgcc.a(_dvmd_tls.o)
 .ARM.attributes
                0x000006d3       0x22 C:/ST/STM32CubeIDE_1.16.0/STM32CubeIDE/plugins/com.st.stm32cube.ide.mcu.externaltools.gnu-tools-for-stm32.12.3.rel1.win32_1.0.200.202406191623/tools/bin/../lib/gcc/arm-none-eabi/12.3.1/thumb/v7e-m+fp/hard/crtn.o
OUTPUT(DAllenFinal.elf elf32-littlearm)
LOAD linker stubs
LOAD C:/ST/STM32CubeIDE_1.16.0/STM32CubeIDE/plugins/com.st.stm32cube.ide.mcu.externaltools.gnu-tools-for-stm32.12.3.rel1.win32_1.0.200.202406191623/tools/bin/../lib/gcc/arm-none-eabi/12.3.1/../../../../arm-none-eabi/lib/thumb/v7e-m+fp/hard\libc.a
LOAD C:/ST/STM32CubeIDE_1.16.0/STM32CubeIDE/plugins/com.st.stm32cube.ide.mcu.externaltools.gnu-tools-for-stm32.12.3.rel1.win32_1.0.200.202406191623/tools/bin/../lib/gcc/arm-none-eabi/12.3.1/../../../../arm-none-eabi/lib/thumb/v7e-m+fp/hard\libm.a
LOAD C:/ST/STM32CubeIDE_1.16.0/STM32CubeIDE/plugins/com.st.stm32cube.ide.mcu.externaltools.gnu-tools-for-stm32.12.3.rel1.win32_1.0.200.202406191623/tools/bin/../lib/gcc/arm-none-eabi/12.3.1/thumb/v7e-m+fp/hard\libgcc.a

.debug_info     0x00000000    0x15c8d
 .debug_info    0x00000000      0x928 ./Core/Src/ApplicationCode.o
 .debug_info    0x00000928     0x142b ./Core/Src/BlockDriver.o
 .debug_info    0x00001d53      0x685 ./Core/Src/Button_Driver.o
 .debug_info    0x000023d8     0x101e ./Core/Src/LCD_Driver.o
 .debug_info    0x000033f6      0x145 ./Core/Src/fonts.o
 .debug_info    0x0000353b      0x464 ./Core/Src/game.o
 .debug_info    0x0000399f      0xc85 ./Core/Src/ili9341.o
 .debug_info    0x00004624     0x19e3 ./Core/Src/main.o
 .debug_info    0x00006007     0x17da ./Core/Src/stm32f4xx_hal_msp.o
 .debug_info    0x000077e1      0x119 ./Core/Src/stm32f4xx_it.o
 .debug_info    0x000078fa     0x124f ./Core/Src/stmpe811.o
 .debug_info    0x00008b49      0x6a3 ./Core/Src/syscalls.o
 .debug_info    0x000091ec      0x52e ./Core/Src/system_stm32f4xx.o
 .debug_info    0x0000971a       0x30 ./Core/Startup/startup_stm32f429zitx.o
 .debug_info    0x0000974a      0x9ba ./Drivers/STM32F4xx_HAL_Driver/Src/stm32f4xx_hal.o
 .debug_info    0x0000a104      0xdc2 ./Drivers/STM32F4xx_HAL_Driver/Src/stm32f4xx_hal_cortex.o
 .debug_info    0x0000aec6      0x4f4 ./Drivers/STM32F4xx_HAL_Driver/Src/stm32f4xx_hal_exti.o
 .debug_info    0x0000b3ba      0x6db ./Drivers/STM32F4xx_HAL_Driver/Src/stm32f4xx_hal_gpio.o
 .debug_info    0x0000ba95     0x2421 ./Drivers/STM32F4xx_HAL_Driver/Src/stm32f4xx_hal_i2c.o
 .debug_info    0x0000deb6      0x672 ./Drivers/STM32F4xx_HAL_Driver/Src/stm32f4xx_hal_i2c_ex.o
 .debug_info    0x0000e528     0x1022 ./Drivers/STM32F4xx_HAL_Driver/Src/stm32f4xx_hal_ltdc.o
 .debug_info    0x0000f54a      0x8c7 ./Drivers/STM32F4xx_HAL_Driver/Src/stm32f4xx_hal_rcc.o
 .debug_info    0x0000fe11      0x64c ./Drivers/STM32F4xx_HAL_Driver/Src/stm32f4xx_hal_rcc_ex.o
 .debug_info    0x0001045d      0x493 ./Drivers/STM32F4xx_HAL_Driver/Src/stm32f4xx_hal_rng.o
 .debug_info    0x000108f0     0x1525 ./Drivers/STM32F4xx_HAL_Driver/Src/stm32f4xx_hal_spi.o
 .debug_info    0x00011e15     0x299d ./Drivers/STM32F4xx_HAL_Driver/Src/stm32f4xx_hal_tim.o
 .debug_info    0x000147b2     0x14db ./Drivers/STM32F4xx_HAL_Driver/Src/stm32f4xx_hal_tim_ex.o

.debug_abbrev   0x00000000     0x37e0
 .debug_abbrev  0x00000000      0x1ff ./Core/Src/ApplicationCode.o
 .debug_abbrev  0x000001ff      0x33d ./Core/Src/BlockDriver.o
 .debug_abbrev  0x0000053c      0x196 ./Core/Src/Button_Driver.o
 .debug_abbrev  0x000006d2      0x32a ./Core/Src/LCD_Driver.o
 .debug_abbrev  0x000009fc       0xc6 ./Core/Src/fonts.o
 .debug_abbrev  0x00000ac2      0x205 ./Core/Src/game.o
 .debug_abbrev  0x00000cc7      0x2c9 ./Core/Src/ili9341.o
 .debug_abbrev  0x00000f90      0x2e8 ./Core/Src/main.o
 .debug_abbrev  0x00001278      0x25c ./Core/Src/stm32f4xx_hal_msp.o
 .debug_abbrev  0x000014d4       0x73 ./Core/Src/stm32f4xx_it.o
 .debug_abbrev  0x00001547      0x303 ./Core/Src/stmpe811.o
 .debug_abbrev  0x0000184a      0x1b6 ./Core/Src/syscalls.o
 .debug_abbrev  0x00001a00      0x11a ./Core/Src/system_stm32f4xx.o
 .debug_abbrev  0x00001b1a       0x24 ./Core/Startup/startup_stm32f429zitx.o
 .debug_abbrev  0x00001b3e      0x214 ./Drivers/STM32F4xx_HAL_Driver/Src/stm32f4xx_hal.o
 .debug_abbrev  0x00001d52      0x31d ./Drivers/STM32F4xx_HAL_Driver/Src/stm32f4xx_hal_cortex.o
 .debug_abbrev  0x0000206f      0x1c6 ./Drivers/STM32F4xx_HAL_Driver/Src/stm32f4xx_hal_exti.o
 .debug_abbrev  0x00002235      0x1d4 ./Drivers/STM32F4xx_HAL_Driver/Src/stm32f4xx_hal_gpio.o
 .debug_abbrev  0x00002409      0x2ad ./Drivers/STM32F4xx_HAL_Driver/Src/stm32f4xx_hal_i2c.o
 .debug_abbrev  0x000026b6      0x157 ./Drivers/STM32F4xx_HAL_Driver/Src/stm32f4xx_hal_i2c_ex.o
 .debug_abbrev  0x0000280d      0x233 ./Drivers/STM32F4xx_HAL_Driver/Src/stm32f4xx_hal_ltdc.o
 .debug_abbrev  0x00002a40      0x2b7 ./Drivers/STM32F4xx_HAL_Driver/Src/stm32f4xx_hal_rcc.o
 .debug_abbrev  0x00002cf7      0x1b0 ./Drivers/STM32F4xx_HAL_Driver/Src/stm32f4xx_hal_rcc_ex.o
 .debug_abbrev  0x00002ea7      0x1c4 ./Drivers/STM32F4xx_HAL_Driver/Src/stm32f4xx_hal_rng.o
 .debug_abbrev  0x0000306b      0x27a ./Drivers/STM32F4xx_HAL_Driver/Src/stm32f4xx_hal_spi.o
 .debug_abbrev  0x000032e5      0x278 ./Drivers/STM32F4xx_HAL_Driver/Src/stm32f4xx_hal_tim.o
 .debug_abbrev  0x0000355d      0x283 ./Drivers/STM32F4xx_HAL_Driver/Src/stm32f4xx_hal_tim_ex.o

.debug_aranges  0x00000000     0x1520
 .debug_aranges
                0x00000000       0x48 ./Core/Src/ApplicationCode.o
 .debug_aranges
                0x00000048       0xa8 ./Core/Src/BlockDriver.o
 .debug_aranges
                0x000000f0       0x28 ./Core/Src/Button_Driver.o
 .debug_aranges
                0x00000118       0xb8 ./Core/Src/LCD_Driver.o
 .debug_aranges
                0x000001d0       0x18 ./Core/Src/fonts.o
 .debug_aranges
                0x000001e8       0x50 ./Core/Src/game.o
 .debug_aranges
                0x00000238       0x98 ./Core/Src/ili9341.o
 .debug_aranges
                0x000002d0       0x70 ./Core/Src/main.o
 .debug_aranges
                0x00000340       0x70 ./Core/Src/stm32f4xx_hal_msp.o
 .debug_aranges
                0x000003b0       0x60 ./Core/Src/stm32f4xx_it.o
 .debug_aranges
                0x00000410       0x98 ./Core/Src/stmpe811.o
 .debug_aranges
                0x000004a8       0xa8 ./Core/Src/syscalls.o
 .debug_aranges
                0x00000550       0x28 ./Core/Src/system_stm32f4xx.o
 .debug_aranges
                0x00000578       0x28 ./Core/Startup/startup_stm32f429zitx.o
 .debug_aranges
                0x000005a0      0x100 ./Drivers/STM32F4xx_HAL_Driver/Src/stm32f4xx_hal.o
 .debug_aranges
                0x000006a0      0x130 ./Drivers/STM32F4xx_HAL_Driver/Src/stm32f4xx_hal_cortex.o
 .debug_aranges
                0x000007d0       0x60 ./Drivers/STM32F4xx_HAL_Driver/Src/stm32f4xx_hal_exti.o
 .debug_aranges
                0x00000830       0x58 ./Drivers/STM32F4xx_HAL_Driver/Src/stm32f4xx_hal_gpio.o
 .debug_aranges
                0x00000888      0x2a8 ./Drivers/STM32F4xx_HAL_Driver/Src/stm32f4xx_hal_i2c.o
 .debug_aranges
                0x00000b30       0x28 ./Drivers/STM32F4xx_HAL_Driver/Src/stm32f4xx_hal_i2c_ex.o
 .debug_aranges
                0x00000b58      0x158 ./Drivers/STM32F4xx_HAL_Driver/Src/stm32f4xx_hal_ltdc.o
 .debug_aranges
                0x00000cb0       0x88 ./Drivers/STM32F4xx_HAL_Driver/Src/stm32f4xx_hal_rcc.o
 .debug_aranges
                0x00000d38       0x58 ./Drivers/STM32F4xx_HAL_Driver/Src/stm32f4xx_hal_rcc_ex.o
 .debug_aranges
                0x00000d90       0x88 ./Drivers/STM32F4xx_HAL_Driver/Src/stm32f4xx_hal_rng.o
 .debug_aranges
                0x00000e18      0x1d0 ./Drivers/STM32F4xx_HAL_Driver/Src/stm32f4xx_hal_spi.o
 .debug_aranges
                0x00000fe8      0x3d0 ./Drivers/STM32F4xx_HAL_Driver/Src/stm32f4xx_hal_tim.o
 .debug_aranges
                0x000013b8      0x168 ./Drivers/STM32F4xx_HAL_Driver/Src/stm32f4xx_hal_tim_ex.o

.debug_rnglists
                0x00000000     0x1049
 .debug_rnglists
                0x00000000       0x32 ./Core/Src/ApplicationCode.o
 .debug_rnglists
                0x00000032       0x86 ./Core/Src/BlockDriver.o
 .debug_rnglists
                0x000000b8       0x19 ./Core/Src/Button_Driver.o
 .debug_rnglists
                0x000000d1       0x8b ./Core/Src/LCD_Driver.o
 .debug_rnglists
                0x0000015c       0x3a ./Core/Src/game.o
 .debug_rnglists
                0x00000196       0x6f ./Core/Src/ili9341.o
 .debug_rnglists
                0x00000205       0x56 ./Core/Src/main.o
 .debug_rnglists
                0x0000025b       0x53 ./Core/Src/stm32f4xx_hal_msp.o
 .debug_rnglists
                0x000002ae       0x43 ./Core/Src/stm32f4xx_it.o
 .debug_rnglists
                0x000002f1       0x73 ./Core/Src/stmpe811.o
 .debug_rnglists
                0x00000364       0x79 ./Core/Src/syscalls.o
 .debug_rnglists
                0x000003dd       0x1a ./Core/Src/system_stm32f4xx.o
 .debug_rnglists
                0x000003f7       0x19 ./Core/Startup/startup_stm32f429zitx.o
 .debug_rnglists
                0x00000410       0xbb ./Drivers/STM32F4xx_HAL_Driver/Src/stm32f4xx_hal.o
 .debug_rnglists
                0x000004cb       0xe0 ./Drivers/STM32F4xx_HAL_Driver/Src/stm32f4xx_hal_cortex.o
 .debug_rnglists
                0x000005ab       0x46 ./Drivers/STM32F4xx_HAL_Driver/Src/stm32f4xx_hal_exti.o
 .debug_rnglists
                0x000005f1       0x3f ./Drivers/STM32F4xx_HAL_Driver/Src/stm32f4xx_hal_gpio.o
 .debug_rnglists
                0x00000630      0x23c ./Drivers/STM32F4xx_HAL_Driver/Src/stm32f4xx_hal_i2c.o
 .debug_rnglists
                0x0000086c       0x19 ./Drivers/STM32F4xx_HAL_Driver/Src/stm32f4xx_hal_i2c_ex.o
 .debug_rnglists
                0x00000885      0x10a ./Drivers/STM32F4xx_HAL_Driver/Src/stm32f4xx_hal_ltdc.o
 .debug_rnglists
                0x0000098f       0x66 ./Drivers/STM32F4xx_HAL_Driver/Src/stm32f4xx_hal_rcc.o
 .debug_rnglists
                0x000009f5       0x43 ./Drivers/STM32F4xx_HAL_Driver/Src/stm32f4xx_hal_rcc_ex.o
 .debug_rnglists
                0x00000a38       0x63 ./Drivers/STM32F4xx_HAL_Driver/Src/stm32f4xx_hal_rng.o
 .debug_rnglists
                0x00000a9b      0x16f ./Drivers/STM32F4xx_HAL_Driver/Src/stm32f4xx_hal_spi.o
 .debug_rnglists
                0x00000c0a      0x31a ./Drivers/STM32F4xx_HAL_Driver/Src/stm32f4xx_hal_tim.o
 .debug_rnglists
                0x00000f24      0x125 ./Drivers/STM32F4xx_HAL_Driver/Src/stm32f4xx_hal_tim_ex.o

.debug_macro    0x00000000    0x27636
 .debug_macro   0x00000000      0x353 ./Core/Src/ApplicationCode.o
 .debug_macro   0x00000353      0xab4 ./Core/Src/ApplicationCode.o
 .debug_macro   0x00000e07      0x2ad ./Core/Src/ApplicationCode.o
 .debug_macro   0x000010b4       0x2e ./Core/Src/ApplicationCode.o
 .debug_macro   0x000010e2       0x28 ./Core/Src/ApplicationCode.o
 .debug_macro   0x0000110a       0x22 ./Core/Src/ApplicationCode.o
 .debug_macro   0x0000112c       0x8e ./Core/Src/ApplicationCode.o
 .debug_macro   0x000011ba       0x51 ./Core/Src/ApplicationCode.o
 .debug_macro   0x0000120b      0x103 ./Core/Src/ApplicationCode.o
 .debug_macro   0x0000130e       0x6a ./Core/Src/ApplicationCode.o
 .debug_macro   0x00001378      0x1df ./Core/Src/ApplicationCode.o
 .debug_macro   0x00001557       0x1c ./Core/Src/ApplicationCode.o
 .debug_macro   0x00001573       0x22 ./Core/Src/ApplicationCode.o
 .debug_macro   0x00001595       0xfb ./Core/Src/ApplicationCode.o
 .debug_macro   0x00001690     0x1011 ./Core/Src/ApplicationCode.o
 .debug_macro   0x000026a1      0x11f ./Core/Src/ApplicationCode.o
 .debug_macro   0x000027c0    0x17fd8 ./Core/Src/ApplicationCode.o
 .debug_macro   0x0001a798       0x6d ./Core/Src/ApplicationCode.o
 .debug_macro   0x0001a805     0x3711 ./Core/Src/ApplicationCode.o
 .debug_macro   0x0001df16      0x189 ./Core/Src/ApplicationCode.o
 .debug_macro   0x0001e09f       0x5c ./Core/Src/ApplicationCode.o
 .debug_macro   0x0001e0fb      0xcba ./Core/Src/ApplicationCode.o
 .debug_macro   0x0001edb5      0x9e9 ./Core/Src/ApplicationCode.o
 .debug_macro   0x0001f79e      0x115 ./Core/Src/ApplicationCode.o
 .debug_macro   0x0001f8b3      0x156 ./Core/Src/ApplicationCode.o
 .debug_macro   0x0001fa09       0xa5 ./Core/Src/ApplicationCode.o
 .debug_macro   0x0001faae      0x182 ./Core/Src/ApplicationCode.o
 .debug_macro   0x0001fc30      0x287 ./Core/Src/ApplicationCode.o
 .debug_macro   0x0001feb7       0x5f ./Core/Src/ApplicationCode.o
 .debug_macro   0x0001ff16      0x236 ./Core/Src/ApplicationCode.o
 .debug_macro   0x0002014c      0x132 ./Core/Src/ApplicationCode.o
 .debug_macro   0x0002027e      0x41d ./Core/Src/ApplicationCode.o
 .debug_macro   0x0002069b       0x2e ./Core/Src/ApplicationCode.o
 .debug_macro   0x000206c9      0x1b5 ./Core/Src/ApplicationCode.o
 .debug_macro   0x0002087e       0x22 ./Core/Src/ApplicationCode.o
 .debug_macro   0x000208a0       0xd6 ./Core/Src/ApplicationCode.o
 .debug_macro   0x00020976      0x198 ./Core/Src/ApplicationCode.o
 .debug_macro   0x00020b0e       0xd6 ./Core/Src/ApplicationCode.o
 .debug_macro   0x00020be4      0x127 ./Core/Src/ApplicationCode.o
 .debug_macro   0x00020d0b       0xe2 ./Core/Src/ApplicationCode.o
 .debug_macro   0x00020ded       0x89 ./Core/Src/ApplicationCode.o
 .debug_macro   0x00020e76       0xa4 ./Core/Src/ApplicationCode.o
 .debug_macro   0x00020f1a      0x225 ./Core/Src/ApplicationCode.o
 .debug_macro   0x0002113f      0x8ed ./Core/Src/ApplicationCode.o
 .debug_macro   0x00021a2c       0x4d ./Core/Src/ApplicationCode.o
 .debug_macro   0x00021a79      0x134 ./Core/Src/ApplicationCode.o
 .debug_macro   0x00021bad      0x332 ./Core/Src/ApplicationCode.o
 .debug_macro   0x00021edf       0x22 ./Core/Src/ApplicationCode.o
 .debug_macro   0x00021f01      0x179 ./Core/Src/ApplicationCode.o
 .debug_macro   0x0002207a       0xd6 ./Core/Src/ApplicationCode.o
 .debug_macro   0x00022150       0x8e ./Core/Src/ApplicationCode.o
 .debug_macro   0x000221de       0x22 ./Core/Src/ApplicationCode.o
 .debug_macro   0x00022200       0x61 ./Core/Src/ApplicationCode.o
 .debug_macro   0x00022261       0x2a ./Core/Src/ApplicationCode.o
 .debug_macro   0x0002228b       0x43 ./Core/Src/ApplicationCode.o
 .debug_macro   0x000222ce       0x34 ./Core/Src/ApplicationCode.o
 .debug_macro   0x00022302       0x16 ./Core/Src/ApplicationCode.o
 .debug_macro   0x00022318       0x35 ./Core/Src/ApplicationCode.o
 .debug_macro   0x0002234d      0x369 ./Core/Src/ApplicationCode.o
 .debug_macro   0x000226b6       0x10 ./Core/Src/ApplicationCode.o
 .debug_macro   0x000226c6       0x16 ./Core/Src/ApplicationCode.o
 .debug_macro   0x000226dc       0x43 ./Core/Src/ApplicationCode.o
 .debug_macro   0x0002271f       0x34 ./Core/Src/ApplicationCode.o
 .debug_macro   0x00022753       0x10 ./Core/Src/ApplicationCode.o
 .debug_macro   0x00022763       0x58 ./Core/Src/ApplicationCode.o
 .debug_macro   0x000227bb       0x8e ./Core/Src/ApplicationCode.o
 .debug_macro   0x00022849       0x1c ./Core/Src/ApplicationCode.o
 .debug_macro   0x00022865      0x177 ./Core/Src/ApplicationCode.o
 .debug_macro   0x000229dc       0x16 ./Core/Src/ApplicationCode.o
 .debug_macro   0x000229f2       0x16 ./Core/Src/ApplicationCode.o
 .debug_macro   0x00022a08      0x146 ./Core/Src/ApplicationCode.o
 .debug_macro   0x00022b4e      0x25e ./Core/Src/BlockDriver.o
 .debug_macro   0x00022dac       0x88 ./Core/Src/BlockDriver.o
 .debug_macro   0x00022e34      0x21a ./Core/Src/Button_Driver.o
 .debug_macro   0x0002304e       0x1c ./Core/Src/Button_Driver.o
 .debug_macro   0x0002306a      0x24f ./Core/Src/LCD_Driver.o
 .debug_macro   0x000232b9       0x6d ./Core/Src/fonts.o
 .debug_macro   0x00023326      0x268 ./Core/Src/game.o
 .debug_macro   0x0002358e      0x21a ./Core/Src/ili9341.o
 .debug_macro   0x000237a8      0x32c ./Core/Src/ili9341.o
 .debug_macro   0x00023ad4      0x35c ./Core/Src/main.o
 .debug_macro   0x00023e30      0x4c9 ./Core/Src/main.o
 .debug_macro   0x000242f9      0x35c ./Core/Src/stm32f4xx_hal_msp.o
 .debug_macro   0x00024655      0x366 ./Core/Src/stm32f4xx_it.o
 .debug_macro   0x000249bb      0x235 ./Core/Src/stmpe811.o
 .debug_macro   0x00024bf0      0x274 ./Core/Src/syscalls.o
 .debug_macro   0x00024e64       0x5b ./Core/Src/syscalls.o
 .debug_macro   0x00024ebf       0x94 ./Core/Src/syscalls.o
 .debug_macro   0x00024f53       0x57 ./Core/Src/syscalls.o
 .debug_macro   0x00024faa       0x10 ./Core/Src/syscalls.o
 .debug_macro   0x00024fba       0x10 ./Core/Src/syscalls.o
 .debug_macro   0x00024fca       0x10 ./Core/Src/syscalls.o
 .debug_macro   0x00024fda       0x10 ./Core/Src/syscalls.o
 .debug_macro   0x00024fea       0x1c ./Core/Src/syscalls.o
 .debug_macro   0x00025006       0x52 ./Core/Src/syscalls.o
 .debug_macro   0x00025058       0x22 ./Core/Src/syscalls.o
 .debug_macro   0x0002507a       0x10 ./Core/Src/syscalls.o
 .debug_macro   0x0002508a       0x52 ./Core/Src/syscalls.o
 .debug_macro   0x000250dc       0xcf ./Core/Src/syscalls.o
 .debug_macro   0x000251ab       0x1c ./Core/Src/syscalls.o
 .debug_macro   0x000251c7       0x3d ./Core/Src/syscalls.o
 .debug_macro   0x00025204       0x35 ./Core/Src/syscalls.o
 .debug_macro   0x00025239      0x12c ./Core/Src/syscalls.o
 .debug_macro   0x00025365       0x16 ./Core/Src/syscalls.o
 .debug_macro   0x0002537b       0x16 ./Core/Src/syscalls.o
 .debug_macro   0x00025391       0x29 ./Core/Src/syscalls.o
 .debug_macro   0x000253ba       0x10 ./Core/Src/syscalls.o
 .debug_macro   0x000253ca      0x242 ./Core/Src/syscalls.o
 .debug_macro   0x0002560c       0x1c ./Core/Src/syscalls.o
 .debug_macro   0x00025628       0x10 ./Core/Src/syscalls.o
 .debug_macro   0x00025638      0x18a ./Core/Src/syscalls.o
 .debug_macro   0x000257c2       0x16 ./Core/Src/syscalls.o
 .debug_macro   0x000257d8       0xce ./Core/Src/syscalls.o
 .debug_macro   0x000258a6      0x20b ./Core/Src/system_stm32f4xx.o
 .debug_macro   0x00025ab1      0x26b ./Drivers/STM32F4xx_HAL_Driver/Src/stm32f4xx_hal.o
 .debug_macro   0x00025d1c      0x20b ./Drivers/STM32F4xx_HAL_Driver/Src/stm32f4xx_hal_cortex.o
 .debug_macro   0x00025f27      0x20b ./Drivers/STM32F4xx_HAL_Driver/Src/stm32f4xx_hal_exti.o
 .debug_macro   0x00026132      0x211 ./Drivers/STM32F4xx_HAL_Driver/Src/stm32f4xx_hal_gpio.o
 .debug_macro   0x00026343      0x259 ./Drivers/STM32F4xx_HAL_Driver/Src/stm32f4xx_hal_i2c.o
 .debug_macro   0x0002659c      0x20b ./Drivers/STM32F4xx_HAL_Driver/Src/stm32f4xx_hal_i2c_ex.o
 .debug_macro   0x000267a7      0x213 ./Drivers/STM32F4xx_HAL_Driver/Src/stm32f4xx_hal_ltdc.o
 .debug_macro   0x000269ba      0x22f ./Drivers/STM32F4xx_HAL_Driver/Src/stm32f4xx_hal_rcc.o
 .debug_macro   0x00026be9      0x20b ./Drivers/STM32F4xx_HAL_Driver/Src/stm32f4xx_hal_rcc_ex.o
 .debug_macro   0x00026df4      0x211 ./Drivers/STM32F4xx_HAL_Driver/Src/stm32f4xx_hal_rng.o
 .debug_macro   0x00027005      0x21a ./Drivers/STM32F4xx_HAL_Driver/Src/stm32f4xx_hal_spi.o
 .debug_macro   0x0002721f      0x20c ./Drivers/STM32F4xx_HAL_Driver/Src/stm32f4xx_hal_tim.o
 .debug_macro   0x0002742b      0x20b ./Drivers/STM32F4xx_HAL_Driver/Src/stm32f4xx_hal_tim_ex.o

.debug_line     0x00000000    0x1b030
 .debug_line    0x00000000      0xa8e ./Core/Src/ApplicationCode.o
 .debug_line    0x00000a8e     0x168b ./Core/Src/BlockDriver.o
 .debug_line    0x00002119      0x7f8 ./Core/Src/Button_Driver.o
 .debug_line    0x00002911      0xc1e ./Core/Src/LCD_Driver.o
 .debug_line    0x0000352f      0x412 ./Core/Src/fonts.o
 .debug_line    0x00003941      0x909 ./Core/Src/game.o
 .debug_line    0x0000424a      0xa0a ./Core/Src/ili9341.o
 .debug_line    0x00004c54      0xd75 ./Core/Src/main.o
 .debug_line    0x000059c9      0xbd5 ./Core/Src/stm32f4xx_hal_msp.o
 .debug_line    0x0000659e      0xa77 ./Core/Src/stm32f4xx_it.o
 .debug_line    0x00007015      0xc4b ./Core/Src/stmpe811.o
 .debug_line    0x00007c60      0x8b2 ./Core/Src/syscalls.o
 .debug_line    0x00008512      0x84d ./Core/Src/system_stm32f4xx.o
 .debug_line    0x00008d5f       0x7a ./Core/Startup/startup_stm32f429zitx.o
 .debug_line    0x00008dd9      0xaec ./Drivers/STM32F4xx_HAL_Driver/Src/stm32f4xx_hal.o
 .debug_line    0x000098c5      0xda8 ./Drivers/STM32F4xx_HAL_Driver/Src/stm32f4xx_hal_cortex.o
 .debug_line    0x0000a66d      0xac2 ./Drivers/STM32F4xx_HAL_Driver/Src/stm32f4xx_hal_exti.o
 .debug_line    0x0000b12f      0xc6a ./Drivers/STM32F4xx_HAL_Driver/Src/stm32f4xx_hal_gpio.o
 .debug_line    0x0000bd99     0x3bfc ./Drivers/STM32F4xx_HAL_Driver/Src/stm32f4xx_hal_i2c.o
 .debug_line    0x0000f995      0x843 ./Drivers/STM32F4xx_HAL_Driver/Src/stm32f4xx_hal_i2c_ex.o
 .debug_line    0x000101d8     0x186d ./Drivers/STM32F4xx_HAL_Driver/Src/stm32f4xx_hal_ltdc.o
 .debug_line    0x00011a45      0xe41 ./Drivers/STM32F4xx_HAL_Driver/Src/stm32f4xx_hal_rcc.o
 .debug_line    0x00012886      0xc8b ./Drivers/STM32F4xx_HAL_Driver/Src/stm32f4xx_hal_rcc_ex.o
 .debug_line    0x00013511      0xa45 ./Drivers/STM32F4xx_HAL_Driver/Src/stm32f4xx_hal_rng.o
 .debug_line    0x00013f56     0x1dd4 ./Drivers/STM32F4xx_HAL_Driver/Src/stm32f4xx_hal_spi.o
 .debug_line    0x00015d2a     0x385a ./Drivers/STM32F4xx_HAL_Driver/Src/stm32f4xx_hal_tim.o
 .debug_line    0x00019584     0x1aac ./Drivers/STM32F4xx_HAL_Driver/Src/stm32f4xx_hal_tim_ex.o

.debug_str      0x00000000    0xe30a0
 .debug_str     0x00000000    0xdad4c ./Core/Src/ApplicationCode.o
                              0xdb084 (size before relaxing)
 .debug_str     0x000dad4c      0x41f ./Core/Src/BlockDriver.o
                              0xd72df (size before relaxing)
 .debug_str     0x000db16b       0x63 ./Core/Src/Button_Driver.o
                              0xd5fb4 (size before relaxing)
 .debug_str     0x000db1ce      0x50d ./Core/Src/LCD_Driver.o
                              0xd7744 (size before relaxing)
 .debug_str     0x000db6db       0x36 ./Core/Src/fonts.o
                               0x3d81 (size before relaxing)
 .debug_str     0x000db711       0x68 ./Core/Src/game.o
                              0xd6fea (size before relaxing)
 .debug_str     0x000db779      0x50d ./Core/Src/ili9341.o
                              0xd6bcc (size before relaxing)
 .debug_str     0x000dbc86     0x16af ./Core/Src/main.o
                              0xdc6fc (size before relaxing)
 .debug_str     0x000dd335      0x11e ./Core/Src/stm32f4xx_hal_msp.o
                              0xdc520 (size before relaxing)
 .debug_str     0x000dd453       0xc9 ./Core/Src/stm32f4xx_it.o
                              0xdb53c (size before relaxing)
 .debug_str     0x000dd51c      0x1c2 ./Core/Src/stmpe811.o
                              0xd6e53 (size before relaxing)
 .debug_str     0x000dd6de     0x20a2 ./Core/Src/syscalls.o
                               0x98b8 (size before relaxing)
 .debug_str     0x000df780       0xdb ./Core/Src/system_stm32f4xx.o
                              0xd59be (size before relaxing)
 .debug_str     0x000df85b       0x44 ./Core/Startup/startup_stm32f429zitx.o
                                 0x83 (size before relaxing)
 .debug_str     0x000df89f      0x625 ./Drivers/STM32F4xx_HAL_Driver/Src/stm32f4xx_hal.o
                              0xd65e1 (size before relaxing)
 .debug_str     0x000dfec4      0x320 ./Drivers/STM32F4xx_HAL_Driver/Src/stm32f4xx_hal_cortex.o
                              0xd630f (size before relaxing)
 .debug_str     0x000e01e4      0x1c2 ./Drivers/STM32F4xx_HAL_Driver/Src/stm32f4xx_hal_exti.o
                              0xd5a17 (size before relaxing)
 .debug_str     0x000e03a6       0xcb ./Drivers/STM32F4xx_HAL_Driver/Src/stm32f4xx_hal_gpio.o
                              0xd5b39 (size before relaxing)
 .debug_str     0x000e0471      0xb19 ./Drivers/STM32F4xx_HAL_Driver/Src/stm32f4xx_hal_i2c.o
                              0xd69ce (size before relaxing)
 .debug_str     0x000e0f8a       0x3b ./Drivers/STM32F4xx_HAL_Driver/Src/stm32f4xx_hal_i2c_ex.o
                              0xd5d8d (size before relaxing)
 .debug_str     0x000e0fc5      0x491 ./Drivers/STM32F4xx_HAL_Driver/Src/stm32f4xx_hal_ltdc.o
                              0xd6022 (size before relaxing)
 .debug_str     0x000e1456      0x213 ./Drivers/STM32F4xx_HAL_Driver/Src/stm32f4xx_hal_rcc.o
                              0xd5df2 (size before relaxing)
 .debug_str     0x000e1669      0x133 ./Drivers/STM32F4xx_HAL_Driver/Src/stm32f4xx_hal_rcc_ex.o
                              0xd5bb9 (size before relaxing)
 .debug_str     0x000e179c      0x16f ./Drivers/STM32F4xx_HAL_Driver/Src/stm32f4xx_hal_rng.o
                              0xd5aab (size before relaxing)
 .debug_str     0x000e190b      0x518 ./Drivers/STM32F4xx_HAL_Driver/Src/stm32f4xx_hal_spi.o
                              0xd6269 (size before relaxing)
 .debug_str     0x000e1e23      0xdea ./Drivers/STM32F4xx_HAL_Driver/Src/stm32f4xx_hal_tim.o
                              0xd6d35 (size before relaxing)
 .debug_str     0x000e2c0d      0x493 ./Drivers/STM32F4xx_HAL_Driver/Src/stm32f4xx_hal_tim_ex.o
                              0xd6541 (size before relaxing)

.comment        0x00000000       0x43
 .comment       0x00000000       0x43 ./Core/Src/ApplicationCode.o
                                 0x44 (size before relaxing)
 .comment       0x00000043       0x44 ./Core/Src/BlockDriver.o
 .comment       0x00000043       0x44 ./Core/Src/Button_Driver.o
 .comment       0x00000043       0x44 ./Core/Src/LCD_Driver.o
 .comment       0x00000043       0x44 ./Core/Src/fonts.o
 .comment       0x00000043       0x44 ./Core/Src/game.o
 .comment       0x00000043       0x44 ./Core/Src/ili9341.o
 .comment       0x00000043       0x44 ./Core/Src/main.o
 .comment       0x00000043       0x44 ./Core/Src/stm32f4xx_hal_msp.o
 .comment       0x00000043       0x44 ./Core/Src/stm32f4xx_it.o
 .comment       0x00000043       0x44 ./Core/Src/stmpe811.o
 .comment       0x00000043       0x44 ./Core/Src/syscalls.o
 .comment       0x00000043       0x44 ./Core/Src/system_stm32f4xx.o
 .comment       0x00000043       0x44 ./Drivers/STM32F4xx_HAL_Driver/Src/stm32f4xx_hal.o
 .comment       0x00000043       0x44 ./Drivers/STM32F4xx_HAL_Driver/Src/stm32f4xx_hal_cortex.o
 .comment       0x00000043       0x44 ./Drivers/STM32F4xx_HAL_Driver/Src/stm32f4xx_hal_exti.o
 .comment       0x00000043       0x44 ./Drivers/STM32F4xx_HAL_Driver/Src/stm32f4xx_hal_gpio.o
 .comment       0x00000043       0x44 ./Drivers/STM32F4xx_HAL_Driver/Src/stm32f4xx_hal_i2c.o
 .comment       0x00000043       0x44 ./Drivers/STM32F4xx_HAL_Driver/Src/stm32f4xx_hal_i2c_ex.o
 .comment       0x00000043       0x44 ./Drivers/STM32F4xx_HAL_Driver/Src/stm32f4xx_hal_ltdc.o
 .comment       0x00000043       0x44 ./Drivers/STM32F4xx_HAL_Driver/Src/stm32f4xx_hal_rcc.o
 .comment       0x00000043       0x44 ./Drivers/STM32F4xx_HAL_Driver/Src/stm32f4xx_hal_rcc_ex.o
 .comment       0x00000043       0x44 ./Drivers/STM32F4xx_HAL_Driver/Src/stm32f4xx_hal_rng.o
 .comment       0x00000043       0x44 ./Drivers/STM32F4xx_HAL_Driver/Src/stm32f4xx_hal_spi.o
 .comment       0x00000043       0x44 ./Drivers/STM32F4xx_HAL_Driver/Src/stm32f4xx_hal_tim.o
 .comment       0x00000043       0x44 ./Drivers/STM32F4xx_HAL_Driver/Src/stm32f4xx_hal_tim_ex.o

.debug_frame    0x00000000     0x5888
 .debug_frame   0x00000000       0xc8 ./Core/Src/ApplicationCode.o
 .debug_frame   0x000000c8      0x2f0 ./Core/Src/BlockDriver.o
 .debug_frame   0x000003b8       0x58 ./Core/Src/Button_Driver.o
 .debug_frame   0x00000410      0x2d8 ./Core/Src/LCD_Driver.o
 .debug_frame   0x000006e8      0x130 ./Core/Src/game.o
 .debug_frame   0x00000818      0x228 ./Core/Src/ili9341.o
 .debug_frame   0x00000a40      0x174 ./Core/Src/main.o
 .debug_frame   0x00000bb4      0x1b0 ./Core/Src/stm32f4xx_hal_msp.o
 .debug_frame   0x00000d64      0x104 ./Core/Src/stm32f4xx_it.o
 .debug_frame   0x00000e68      0x250 ./Core/Src/stmpe811.o
 .debug_frame   0x000010b8      0x2ac ./Core/Src/syscalls.o
 .debug_frame   0x00001364       0x58 ./Core/Src/system_stm32f4xx.o
 .debug_frame   0x000013bc      0x3b4 ./Drivers/STM32F4xx_HAL_Driver/Src/stm32f4xx_hal.o
 .debug_frame   0x00001770      0x508 ./Drivers/STM32F4xx_HAL_Driver/Src/stm32f4xx_hal_cortex.o
 .debug_frame   0x00001c78      0x174 ./Drivers/STM32F4xx_HAL_Driver/Src/stm32f4xx_hal_exti.o
 .debug_frame   0x00001dec      0x14c ./Drivers/STM32F4xx_HAL_Driver/Src/stm32f4xx_hal_gpio.o
 .debug_frame   0x00001f38      0xc84 ./Drivers/STM32F4xx_HAL_Driver/Src/stm32f4xx_hal_i2c.o
 .debug_frame   0x00002bbc       0x60 ./Drivers/STM32F4xx_HAL_Driver/Src/stm32f4xx_hal_i2c_ex.o
 .debug_frame   0x00002c1c      0x61c ./Drivers/STM32F4xx_HAL_Driver/Src/stm32f4xx_hal_ltdc.o
 .debug_frame   0x00003238      0x1f4 ./Drivers/STM32F4xx_HAL_Driver/Src/stm32f4xx_hal_rcc.o
 .debug_frame   0x0000342c      0x13c ./Drivers/STM32F4xx_HAL_Driver/Src/stm32f4xx_hal_rcc_ex.o
 .debug_frame   0x00003568      0x22c ./Drivers/STM32F4xx_HAL_Driver/Src/stm32f4xx_hal_rng.o
 .debug_frame   0x00003794      0x828 ./Drivers/STM32F4xx_HAL_Driver/Src/stm32f4xx_hal_spi.o
 .debug_frame   0x00003fbc     0x11c0 ./Drivers/STM32F4xx_HAL_Driver/Src/stm32f4xx_hal_tim.o
 .debug_frame   0x0000517c      0x638 ./Drivers/STM32F4xx_HAL_Driver/Src/stm32f4xx_hal_tim_ex.o
 .debug_frame   0x000057b4       0x20 C:/ST/STM32CubeIDE_1.16.0/STM32CubeIDE/plugins/com.st.stm32cube.ide.mcu.externaltools.gnu-tools-for-stm32.12.3.rel1.win32_1.0.200.202406191623/tools/bin/../lib/gcc/arm-none-eabi/12.3.1/../../../../arm-none-eabi/lib/thumb/v7e-m+fp/hard\libc_nano.a(libc_a-memset.o)
 .debug_frame   0x000057d4       0x2c C:/ST/STM32CubeIDE_1.16.0/STM32CubeIDE/plugins/com.st.stm32cube.ide.mcu.externaltools.gnu-tools-for-stm32.12.3.rel1.win32_1.0.200.202406191623/tools/bin/../lib/gcc/arm-none-eabi/12.3.1/../../../../arm-none-eabi/lib/thumb/v7e-m+fp/hard\libc_nano.a(libc_a-init.o)
 .debug_frame   0x00005800       0x28 C:/ST/STM32CubeIDE_1.16.0/STM32CubeIDE/plugins/com.st.stm32cube.ide.mcu.externaltools.gnu-tools-for-stm32.12.3.rel1.win32_1.0.200.202406191623/tools/bin/../lib/gcc/arm-none-eabi/12.3.1/../../../../arm-none-eabi/lib/thumb/v7e-m+fp/hard\libc_nano.a(libc_a-memcpy-stub.o)
 .debug_frame   0x00005828       0x2c C:/ST/STM32CubeIDE_1.16.0/STM32CubeIDE/plugins/com.st.stm32cube.ide.mcu.externaltools.gnu-tools-for-stm32.12.3.rel1.win32_1.0.200.202406191623/tools/bin/../lib/gcc/arm-none-eabi/12.3.1/thumb/v7e-m+fp/hard\libgcc.a(_aeabi_uldivmod.o)
 .debug_frame   0x00005854       0x34 C:/ST/STM32CubeIDE_1.16.0/STM32CubeIDE/plugins/com.st.stm32cube.ide.mcu.externaltools.gnu-tools-for-stm32.12.3.rel1.win32_1.0.200.202406191623/tools/bin/../lib/gcc/arm-none-eabi/12.3.1/thumb/v7e-m+fp/hard\libgcc.a(_udivmoddi4.o)

.debug_line_str
                0x00000000       0x67
 .debug_line_str
                0x00000000       0x67 ./Core/Startup/startup_stm32f429zitx.o
