../Core/Src/BlockDriver.c:14:6:map_draw	40	static
../Core/Src/BlockDriver.c:50:6:start_screen	32	static
../Core/Src/BlockDriver.c:85:6:end_screen	8	static
../Core/Src/BlockDriver.c:100:6:disp_time	40	static
../Core/Src/BlockDriver.c:129:9:block_drop	88	static
../Core/Src/BlockDriver.c:141:9:block_create	216	static
../Core/Src/BlockDriver.c:337:7:map_init	592	static
../Core/Src/BlockDriver.c:351:9:collision	712	static
../Core/Src/BlockDriver.c:474:7:map_update	704	static
../Core/Src/BlockDriver.c:517:9:num_levels_cleared	600	static
../Core/Src/BlockDriver.c:537:7:level_clear	624	static
../Core/Src/BlockDriver.c:584:6:draw_updated_map	16	static
../Core/Src/BlockDriver.c:597:6:clear_map	16	static
../Core/Src/BlockDriver.c:608:9:block_rotate	184	static
../Core/Src/BlockDriver.c:683:9:block_move	104	static
../Core/Src/BlockDriver.c:705:6:draw_block	24	static
../Core/Src/BlockDriver.c:713:6:draw_shapes	40	static
../Core/Src/BlockDriver.c:775:6:draw_tetromino	16	static
../Core/Src/BlockDriver.c:789:6:clear_tetromino	16	static
../Core/Src/BlockDriver.c:803:9:can_spawn	688	static
../Core/Src/BlockDriver.c:854:13:MX_RNG_Init	16	static
../Core/Src/BlockDriver.c:864:13:MX_RNG_Deinit	8	static
