../Core/Src/BlockDriver.c:14:6:map_draw	40	static
../Core/Src/BlockDriver.c:50:6:start_screen	32	static
../Core/Src/BlockDriver.c:85:6:end_screen	8	static
../Core/Src/BlockDriver.c:100:6:disp_time	40	static
../Core/Src/BlockDriver.c:129:9:block_drop	88	static
../Core/Src/BlockDriver.c:141:9:block_create	216	static
../Core/Src/BlockDriver.c:341:7:map_init	592	static
../Core/Src/BlockDriver.c:355:9:rest	776	static
../Core/Src/BlockDriver.c:466:7:map_update	712	static
../Core/Src/BlockDriver.c:519:9:block_rotate	184	static
../Core/Src/BlockDriver.c:594:9:can_move	832	dynamic
../Core/Src/BlockDriver.c:688:9:block_move	104	static
../Core/Src/BlockDriver.c:710:6:draw_block	24	static
../Core/Src/BlockDriver.c:718:6:draw_shapes	40	static
../Core/Src/BlockDriver.c:780:6:draw_tetromino	16	static
../Core/Src/BlockDriver.c:794:6:clear_tetromino	16	static
../Core/Src/BlockDriver.c:808:9:can_spawn	688	static
../Core/Src/BlockDriver.c:859:13:MX_RNG_Init	16	static
../Core/Src/BlockDriver.c:869:13:MX_RNG_Deinit	8	static
