../Core/Src/main.c:81:5:main	8	static
../Core/Src/main.c:134:6:SystemClock_Config	88	static
../Core/Src/main.c:181:13:MX_I2C3_Init	8	static
../Core/Src/main.c:229:13:MX_LTDC_Init	112	static
../Core/Src/main.c:311:13:MX_RNG_Init	8	static
../Core/Src/main.c:337:13:MX_SPI5_Init	8	static
../Core/Src/main.c:375:13:MX_TIM2_Init	32	static
../Core/Src/main.c:420:13:MX_TIM5_Init	32	static
../Core/Src/main.c:465:13:MX_GPIO_Init	64	static
../Core/Src/main.c:633:6:SystemClockOverride	88	static
../Core/Src/main.c:667:6:Error_Handler	4	static,ignoring_inline_asm
